2.14.156.186 - - [04/Nov/2021:22:23:55 +0100] "GET /2782-cart_default/mellow-mood-feat-hempress-sativa-inna-jamaica-pt2.jpg HTTP/1.1" 200 3422 "https://controltower.fr/" "Mozilla/5.0 (Windows NT 10.0; Win64; x64) AppleWebKit/537.36 (KHTML, like Gecko) Chrome/95.0.4638.54 Safari/537.36 Edg/95.0.1020.40"
2.14.156.186 - - [04/Nov/2021:22:23:55 +0100] "GET /2783-cart_default/mellow-mood-feat-hempress-sativa-inna-jamaica-pt2.jpg HTTP/1.1" 200 3417 "https://controltower.fr/" "Mozilla/5.0 (Windows NT 10.0; Win64; x64) AppleWebKit/537.36 (KHTML, like Gecko) Chrome/95.0.4638.54 Safari/537.36 Edg/95.0.1020.40"
2.14.156.186 - - [04/Nov/2021:22:23:55 +0100] "GET //modules/paypal/express_checkout/ajax.php?get_qty=1&id_product=1118&id_product_attribute=1187&_=1636061042759 HTTP/1.1" 200 807 "https://controltower.fr/fr/la-tempesta-dub/1118-mellow-mood-feat-hempress-sativa-inna-jamaica-pt2.html" "Mozilla/5.0 (Windows NT 10.0; Win64; x64) AppleWebKit/537.36 (KHTML, like Gecko) Chrome/95.0.4638.54 Safari/537.36 Edg/95.0.1020.40"
2.14.156.186 - - [04/Nov/2021:22:23:55 +0100] "GET /fr/la-tempesta-dub/1118-mellow-mood-feat-hempress-sativa-inna-jamaica-pt2.html HTTP/1.1" 200 9460 "https://controltower.fr/fr/la-tempesta-dub/1118-mellow-mood-feat-hempress-sativa-inna-jamaica-pt2.html" "Mozilla/5.0 (Windows NT 10.0; Win64; x64) AppleWebKit/537.36 (KHTML, like Gecko) Chrome/95.0.4638.54 Safari/537.36 Edg/95.0.1020.40"
2.14.156.186 - - [04/Nov/2021:22:23:55 +0100] "GET //modules/paypal/express_checkout/ajax.php?get_qty=1&id_product=1118&id_product_attribute=1187&_=1636061042760 HTTP/1.1" 200 226 "https://controltower.fr/fr/la-tempesta-dub/1118-mellow-mood-feat-hempress-sativa-inna-jamaica-pt2.html" "Mozilla/5.0 (Windows NT 10.0; Win64; x64) AppleWebKit/537.36 (KHTML, like Gecko) Chrome/95.0.4638.54 Safari/537.36 Edg/95.0.1020.40"
2.14.156.186 - - [04/Nov/2021:22:23:59 +0100] "GET /2782-large_default/mellow-mood-feat-hempress-sativa-inna-jamaica-pt2.jpg HTTP/1.1" 200 35966 "-" "Mozilla/5.0 (Windows NT 10.0; Win64; x64) AppleWebKit/537.36 (KHTML, like Gecko) Chrome/95.0.4638.54 Safari/537.36 Edg/95.0.1020.40"
54.36.149.29 - - [04/Nov/2021:22:24:10 +0100] "GET /1250-large_default/nyle-jah-love.jpg HTTP/1.1" 200 37622 "-" "Mozilla/5.0 (compatible; AhrefsBot/7.0; +http://ahrefs.com/robot/)"
66.249.66.87 - - [04/Nov/2021:22:24:11 +0100] "GET /6876-thickbox_default/centry-in-dub-thunder-mountain.jpg HTTP/1.1" 304 5524 "-" "Googlebot-Image/1.0"
2.14.156.186 - - [04/Nov/2021:22:24:16 +0100] "POST /?rand=1636061064495 HTTP/1.1" 200 2047 "https://controltower.fr/fr/224-la-tempesta-dub" "Mozilla/5.0 (Windows NT 10.0; Win64; x64) AppleWebKit/537.36 (KHTML, like Gecko) Chrome/95.0.4638.54 Safari/537.36 Edg/95.0.1020.40"
2.14.156.186 - - [04/Nov/2021:22:24:24 +0100] "GET /fr/la-tempesta-dub/1127-hempress-sativa-boom-wah-da-da-deng.html HTTP/1.1" 200 11330 "https://controltower.fr/fr/224-la-tempesta-dub" "Mozilla/5.0 (Windows NT 10.0; Win64; x64) AppleWebKit/537.36 (KHTML, like Gecko) Chrome/95.0.4638.54 Safari/537.36 Edg/95.0.1020.40"
2.14.156.186 - - [04/Nov/2021:22:24:25 +0100] "GET /2797-large_default/hempress-sativa-boom-wah-da-da-deng.jpg HTTP/1.1" 200 40524 "https://controltower.fr/" "Mozilla/5.0 (Windows NT 10.0; Win64; x64) AppleWebKit/537.36 (KHTML, like Gecko) Chrome/95.0.4638.54 Safari/537.36 Edg/95.0.1020.40"
2.14.156.186 - - [04/Nov/2021:22:24:25 +0100] "GET /2797-cart_default/hempress-sativa-boom-wah-da-da-deng.jpg HTTP/1.1" 200 3733 "https://controltower.fr/" "Mozilla/5.0 (Windows NT 10.0; Win64; x64) AppleWebKit/537.36 (KHTML, like Gecko) Chrome/95.0.4638.54 Safari/537.36 Edg/95.0.1020.40"
2.14.156.186 - - [04/Nov/2021:22:24:25 +0100] "GET /2798-cart_default/hempress-sativa-boom-wah-da-da-deng.jpg HTTP/1.1" 200 3362 "https://controltower.fr/" "Mozilla/5.0 (Windows NT 10.0; Win64; x64) AppleWebKit/537.36 (KHTML, like Gecko) Chrome/95.0.4638.54 Safari/537.36 Edg/95.0.1020.40"
2.14.156.186 - - [04/Nov/2021:22:24:25 +0100] "GET /2799-cart_default/hempress-sativa-boom-wah-da-da-deng.jpg HTTP/1.1" 200 3555 "https://controltower.fr/" "Mozilla/5.0 (Windows NT 10.0; Win64; x64) AppleWebKit/537.36 (KHTML, like Gecko) Chrome/95.0.4638.54 Safari/537.36 Edg/95.0.1020.40"
2.14.156.186 - - [04/Nov/2021:22:24:25 +0100] "GET /2800-cart_default/hempress-sativa-boom-wah-da-da-deng.jpg HTTP/1.1" 200 3661 "https://controltower.fr/" "Mozilla/5.0 (Windows NT 10.0; Win64; x64) AppleWebKit/537.36 (KHTML, like Gecko) Chrome/95.0.4638.54 Safari/537.36 Edg/95.0.1020.40"
2.14.156.186 - - [04/Nov/2021:22:24:26 +0100] "GET //modules/paypal/express_checkout/ajax.php?get_qty=1&id_product=1127&id_product_attribute=1196&_=1636061073331 HTTP/1.1" 200 807 "https://controltower.fr/fr/la-tempesta-dub/1127-hempress-sativa-boom-wah-da-da-deng.html" "Mozilla/5.0 (Windows NT 10.0; Win64; x64) AppleWebKit/537.36 (KHTML, like Gecko) Chrome/95.0.4638.54 Safari/537.36 Edg/95.0.1020.40"
2.14.156.186 - - [04/Nov/2021:22:24:26 +0100] "GET /fr/la-tempesta-dub/1127-hempress-sativa-boom-wah-da-da-deng.html HTTP/1.1" 200 8931 "https://controltower.fr/fr/la-tempesta-dub/1127-hempress-sativa-boom-wah-da-da-deng.html" "Mozilla/5.0 (Windows NT 10.0; Win64; x64) AppleWebKit/537.36 (KHTML, like Gecko) Chrome/95.0.4638.54 Safari/537.36 Edg/95.0.1020.40"
2.14.156.186 - - [04/Nov/2021:22:24:26 +0100] "GET //modules/paypal/express_checkout/ajax.php?get_qty=1&id_product=1127&id_product_attribute=1196&_=1636061073332 HTTP/1.1" 200 226 "https://controltower.fr/fr/la-tempesta-dub/1127-hempress-sativa-boom-wah-da-da-deng.html" "Mozilla/5.0 (Windows NT 10.0; Win64; x64) AppleWebKit/537.36 (KHTML, like Gecko) Chrome/95.0.4638.54 Safari/537.36 Edg/95.0.1020.40"
176.156.222.110 - - [04/Nov/2021:22:24:26 +0100] "POST /admincontrol/ajax.php?rand=1636061061275 HTTP/1.1" 200 932 "https://controltower.fr/admincontrol/index.php?controller=AdminOrders&id_order=6564&vieworder&token=e792fee3cdafab3e973b81a1e80cd388" "Mozilla/5.0 (Windows NT 6.1; Win64; x64; rv:93.0) Gecko/20100101 Firefox/93.0"
2.14.156.186 - - [04/Nov/2021:22:24:29 +0100] "GET /2797-large_default/hempress-sativa-boom-wah-da-da-deng.jpg HTTP/1.1" 200 45303 "-" "Mozilla/5.0 (Windows NT 10.0; Win64; x64) AppleWebKit/537.36 (KHTML, like Gecko) Chrome/95.0.4638.54 Safari/537.36 Edg/95.0.1020.40"
176.156.222.110 - - [04/Nov/2021:22:24:32 +0100] "POST /admincontrol/ajax.php?rand=1636061066900 HTTP/1.1" 200 932 "https://controltower.fr/admincontrol/index.php?controller=AdminOrders&id_order=5614&vieworder&token=e792fee3cdafab3e973b81a1e80cd388" "Mozilla/5.0 (Windows NT 6.1; Win64; x64; rv:93.0) Gecko/20100101 Firefox/93.0"
2.14.156.186 - - [04/Nov/2021:22:24:48 +0100] "POST /?rand=1636061096123 HTTP/1.1" 200 2047 "https://controltower.fr/fr/224-la-tempesta-dub" "Mozilla/5.0 (Windows NT 10.0; Win64; x64) AppleWebKit/537.36 (KHTML, like Gecko) Chrome/95.0.4638.54 Safari/537.36 Edg/95.0.1020.40"
66.249.66.197 - - [04/Nov/2021:22:24:54 +0100] "GET /en/river-bank-records/2737-mafia-fluxy-winston-rose-marcus-salute.html HTTP/1.1" 200 14637 "https://controltower.fr/en/river-bank-records/2737-mafia-fluxy-winston-rose-marcus-salute.html" "Mozilla/5.0 (Linux; Android 6.0.1; Nexus 5X Build/MMB29P) AppleWebKit/537.36 (KHTML, like Gecko) Chrome/95.0.4638.54 Mobile Safari/537.36 (compatible; Googlebot/2.1; +http://www.google.com/bot.html)"
66.249.66.194 - - [04/Nov/2021:22:24:55 +0100] "GET /fr/murderhouse-records/2405-skarra-mucci-sound-the-alarm.html HTTP/1.1" 200 15219 "-" "Mozilla/5.0 (Linux; Android 6.0.1; Nexus 5X Build/MMB29P) AppleWebKit/537.36 (KHTML, like Gecko) Chrome/95.0.4638.69 Mobile Safari/537.36 (compatible; Googlebot/2.1; +http://www.google.com/bot.html)"
2.14.156.186 - - [04/Nov/2021:22:25:00 +0100] "GET /fr/la-tempesta-dub/2731-dan-i-crucial-jah-bible-feat-cisko-kid.html HTTP/1.1" 200 11347 "https://controltower.fr/fr/224-la-tempesta-dub" "Mozilla/5.0 (Windows NT 10.0; Win64; x64) AppleWebKit/537.36 (KHTML, like Gecko) Chrome/95.0.4638.54 Safari/537.36 Edg/95.0.1020.40"
2.14.156.186 - - [04/Nov/2021:22:25:00 +0100] "GET /6709-large_default/dan-i-crucial-jah-bible-feat-cisko-kid.jpg HTTP/1.1" 200 29524 "https://controltower.fr/" "Mozilla/5.0 (Windows NT 10.0; Win64; x64) AppleWebKit/537.36 (KHTML, like Gecko) Chrome/95.0.4638.54 Safari/537.36 Edg/95.0.1020.40"
2.14.156.186 - - [04/Nov/2021:22:25:00 +0100] "GET /6709-cart_default/dan-i-crucial-jah-bible-feat-cisko-kid.jpg HTTP/1.1" 200 3055 "https://controltower.fr/" "Mozilla/5.0 (Windows NT 10.0; Win64; x64) AppleWebKit/537.36 (KHTML, like Gecko) Chrome/95.0.4638.54 Safari/537.36 Edg/95.0.1020.40"
2.14.156.186 - - [04/Nov/2021:22:25:00 +0100] "GET /6710-cart_default/dan-i-crucial-jah-bible-feat-cisko-kid.jpg HTTP/1.1" 200 4014 "https://controltower.fr/" "Mozilla/5.0 (Windows NT 10.0; Win64; x64) AppleWebKit/537.36 (KHTML, like Gecko) Chrome/95.0.4638.54 Safari/537.36 Edg/95.0.1020.40"
207.46.13.126 - - [04/Nov/2021:22:25:00 +0100] "GET /3513-large_default/dreadsquad-the-riddim-machine-vol-iii.jpg HTTP/1.1" 200 57422 "-" "Mozilla/5.0 (compatible; bingbot/2.0; +http://www.bing.com/bingbot.htm)"
2.14.156.186 - - [04/Nov/2021:22:25:01 +0100] "GET //modules/paypal/express_checkout/ajax.php?get_qty=1&id_product=2731&id_product_attribute=2793&_=1636061108424 HTTP/1.1" 200 807 "https://controltower.fr/fr/la-tempesta-dub/2731-dan-i-crucial-jah-bible-feat-cisko-kid.html" "Mozilla/5.0 (Windows NT 10.0; Win64; x64) AppleWebKit/537.36 (KHTML, like Gecko) Chrome/95.0.4638.54 Safari/537.36 Edg/95.0.1020.40"
2.14.156.186 - - [04/Nov/2021:22:25:01 +0100] "GET /fr/la-tempesta-dub/2731-dan-i-crucial-jah-bible-feat-cisko-kid.html HTTP/1.1" 200 8948 "https://controltower.fr/fr/la-tempesta-dub/2731-dan-i-crucial-jah-bible-feat-cisko-kid.html" "Mozilla/5.0 (Windows NT 10.0; Win64; x64) AppleWebKit/537.36 (KHTML, like Gecko) Chrome/95.0.4638.54 Safari/537.36 Edg/95.0.1020.40"
2.14.156.186 - - [04/Nov/2021:22:25:01 +0100] "GET //modules/paypal/express_checkout/ajax.php?get_qty=1&id_product=2731&id_product_attribute=2793&_=1636061108425 HTTP/1.1" 200 226 "https://controltower.fr/fr/la-tempesta-dub/2731-dan-i-crucial-jah-bible-feat-cisko-kid.html" "Mozilla/5.0 (Windows NT 10.0; Win64; x64) AppleWebKit/537.36 (KHTML, like Gecko) Chrome/95.0.4638.54 Safari/537.36 Edg/95.0.1020.40"
2.14.156.186 - - [04/Nov/2021:22:25:04 +0100] "GET /6709-large_default/dan-i-crucial-jah-bible-feat-cisko-kid.jpg HTTP/1.1" 200 34303 "-" "Mozilla/5.0 (Windows NT 10.0; Win64; x64) AppleWebKit/537.36 (KHTML, like Gecko) Chrome/95.0.4638.54 Safari/537.36 Edg/95.0.1020.40"
176.156.222.110 - - [04/Nov/2021:22:25:09 +0100] "POST /admincontrol/ajax.php?rand=1636061103680 HTTP/1.1" 200 932 "https://controltower.fr/admincontrol/index.php?controller=AdminEnvoiMoinsCher&id_order=8856&option=send&token=27d7475b073347ae85ef86e2e2b9fb80" "Mozilla/5.0 (Windows NT 6.1; Win64; x64) AppleWebKit/537.36 (KHTML, like Gecko) Chrome/95.0.4638.69 Safari/537.36"
54.36.148.98 - - [04/Nov/2021:22:25:12 +0100] "GET /fr/blackboard-jungle/93-khayo-ben-yahmeen-top-ranking.html HTTP/1.1" 200 15174 "-" "Mozilla/5.0 (compatible; AhrefsBot/7.0; +http://ahrefs.com/robot/)"
54.36.149.18 - - [04/Nov/2021:22:25:18 +0100] "GET /5870-large_default/far-east-meets-mafia-fluxy-until-jah-victory.jpg HTTP/1.1" 200 45063 "-" "Mozilla/5.0 (compatible; AhrefsBot/7.0; +http://ahrefs.com/robot/)"
176.156.222.110 - - [04/Nov/2021:22:25:23 +0100] "POST /admincontrol/ajax.php?rand=1636061117678 HTTP/1.1" 200 932 "https://controltower.fr/admincontrol/index.php?controller=AdminProducts&token=c2d067f3456da21c5a4b065fb6365bbc&conf=5" "Mozilla/5.0 (Windows NT 6.1; Win64; x64) AppleWebKit/537.36 (KHTML, like Gecko) Chrome/95.0.4638.69 Safari/537.36"
66.42.93.27 - - [04/Nov/2021:22:25:23 +0100] "GET /1320-large_default/trevor-roots-no-fruits.jpg HTTP/1.1" 200 45230 "-" "Mozilla/5.0 (X11; Ubuntu; Linux x86_64; rv:72.0) Gecko/20100101 Firefox/72.0"
176.156.222.110 - - [04/Nov/2021:22:25:31 +0100] "POST /admincontrol/ajax.php?rand=1636061125678 HTTP/1.1" 200 932 "https://controltower.fr/admincontrol/index.php?controller=AdminDashboard&token=c282dec7df001df68582fc635ae6dc7c" "Mozilla/5.0 (Windows NT 6.1; Win64; x64) AppleWebKit/537.36 (KHTML, like Gecko) Chrome/95.0.4638.69 Safari/537.36"
2.14.156.186 - - [04/Nov/2021:22:25:32 +0100] "POST /?rand=1636061140258 HTTP/1.1" 200 2047 "https://controltower.fr/fr/224-la-tempesta-dub" "Mozilla/5.0 (Windows NT 10.0; Win64; x64) AppleWebKit/537.36 (KHTML, like Gecko) Chrome/95.0.4638.54 Safari/537.36 Edg/95.0.1020.40"
207.46.13.126 - - [04/Nov/2021:22:25:34 +0100] "GET /4567-thickbox_default/alpha-steppa-nai-jah-the-great-elephant.jpg HTTP/1.1" 200 90659 "-" "Mozilla/5.0 (compatible; bingbot/2.0; +http://www.bing.com/bingbot.htm)"
66.249.66.93 - - [04/Nov/2021:22:25:40 +0100] "GET /6569-large_default/bass-lee-inna-one-drop-style.jpg HTTP/1.1" 200 52108 "-" "Googlebot-Image/1.0"
205.175.118.47 - - [04/Nov/2021:22:25:41 +0100] "GET /401-large_default/eccleton-jarret-rock-dem-one-by-one.jpg HTTP/1.1" 200 51357 "-" "python-requests/2.25.1"
40.77.167.63 - - [04/Nov/2021:22:25:49 +0100] "GET /en/tanta-records/139-ackboo-invincible.html HTTP/1.1" 200 14509 "-" "Mozilla/5.0 (compatible; bingbot/2.0; +http://www.bing.com/bingbot.htm)"
54.36.149.93 - - [04/Nov/2021:22:26:24 +0100] "GET /5871-cart_default/far-east-meets-mafia-fluxy-until-jah-victory.jpg HTTP/1.1" 200 8336 "-" "Mozilla/5.0 (compatible; AhrefsBot/7.0; +http://ahrefs.com/robot/)"
176.156.222.110 - - [04/Nov/2021:22:26:27 +0100] "POST /admincontrol/ajax.php?rand=1636061181573 HTTP/1.1" 200 932 "https://controltower.fr/admincontrol/index.php?controller=AdminOrders&id_order=6564&vieworder&token=e792fee3cdafab3e973b81a1e80cd388" "Mozilla/5.0 (Windows NT 6.1; Win64; x64; rv:93.0) Gecko/20100101 Firefox/93.0"
66.249.66.73 - - [04/Nov/2021:22:26:27 +0100] "GET /en/dubalistik/397-kanka-feat-echo-ranks-stepper-style.html HTTP/1.1" 200 14995 "-" "Mozilla/5.0 (Linux; Android 6.0.1; Nexus 5X Build/MMB29P) AppleWebKit/537.36 (KHTML, like Gecko) Chrome/95.0.4638.69 Mobile Safari/537.36 (compatible; Googlebot/2.1; +http://www.google.com/bot.html)"
176.156.222.110 - - [04/Nov/2021:22:26:32 +0100] "POST /admincontrol/ajax.php?rand=1636061187198 HTTP/1.1" 200 932 "https://controltower.fr/admincontrol/index.php?controller=AdminOrders&id_order=5614&vieworder&token=e792fee3cdafab3e973b81a1e80cd388" "Mozilla/5.0 (Windows NT 6.1; Win64; x64; rv:93.0) Gecko/20100101 Firefox/93.0"
40.77.167.75 - - [04/Nov/2021:22:26:42 +0100] "GET /en/belleville-international-dubplate-style/1259-ras-mykha-rasta-youth.html HTTP/1.1" 200 14790 "-" "Mozilla/5.0 (compatible; bingbot/2.0; +http://www.bing.com/bingbot.htm)"
54.36.148.210 - - [04/Nov/2021:22:26:52 +0100] "GET /en/ababajahnoi/402-danny-red-babylon-sick.html HTTP/1.1" 200 15087 "-" "Mozilla/5.0 (compatible; AhrefsBot/7.0; +http://ahrefs.com/robot/)"
176.156.222.110 - - [04/Nov/2021:22:27:10 +0100] "POST /admincontrol/ajax.php?rand=1636061224688 HTTP/1.1" 200 932 "https://controltower.fr/admincontrol/index.php?controller=AdminEnvoiMoinsCher&id_order=8856&option=send&token=27d7475b073347ae85ef86e2e2b9fb80" "Mozilla/5.0 (Windows NT 6.1; Win64; x64) AppleWebKit/537.36 (KHTML, like Gecko) Chrome/95.0.4638.69 Safari/537.36"
216.244.66.226 - - [04/Nov/2021:22:27:13 +0100] "GET /robots.txt HTTP/1.1" 301 457 "-" "Mozilla/5.0 (compatible; DotBot/1.2; +https://opensiteexplorer.org/dotbot; help@moz.com)"
216.244.66.226 - - [04/Nov/2021:22:27:13 +0100] "GET /robots.txt HTTP/1.1" 301 457 "-" "Mozilla/5.0 (compatible; DotBot/1.2; +https://opensiteexplorer.org/dotbot; help@moz.com)"
216.244.66.226 - - [04/Nov/2021:22:27:13 +0100] "GET /robots.txt HTTP/1.1" 301 457 "-" "Mozilla/5.0 (compatible; DotBot/1.2; +https://opensiteexplorer.org/dotbot; help@moz.com)"
216.244.66.226 - - [04/Nov/2021:22:27:14 +0100] "GET /robots.txt HTTP/1.1" 200 7975 "-" "Mozilla/5.0 (compatible; DotBot/1.2; +https://opensiteexplorer.org/dotbot; help@moz.com)"
216.244.66.226 - - [04/Nov/2021:22:27:14 +0100] "GET /robots.txt HTTP/1.1" 200 7975 "-" "Mozilla/5.0 (compatible; DotBot/1.2; +https://opensiteexplorer.org/dotbot; help@moz.com)"
216.244.66.226 - - [04/Nov/2021:22:27:14 +0100] "GET /robots.txt HTTP/1.1" 200 7975 "-" "Mozilla/5.0 (compatible; DotBot/1.2; +https://opensiteexplorer.org/dotbot; help@moz.com)"
216.244.66.226 - - [04/Nov/2021:22:27:15 +0100] "GET /robots.txt HTTP/1.1" 301 457 "-" "Mozilla/5.0 (compatible; DotBot/1.2; +https://opensiteexplorer.org/dotbot; help@moz.com)"
216.244.66.226 - - [04/Nov/2021:22:27:15 +0100] "GET /robots.txt HTTP/1.1" 200 7975 "-" "Mozilla/5.0 (compatible; DotBot/1.2; +https://opensiteexplorer.org/dotbot; help@moz.com)"
66.249.66.194 - - [04/Nov/2021:22:27:23 +0100] "GET /en/blackboard-jungle/2269-jacin-feat-humble-lion-cross-the-border.html HTTP/1.1" 200 15198 "-" "Mozilla/5.0 (Linux; Android 6.0.1; Nexus 5X Build/MMB29P) AppleWebKit/537.36 (KHTML, like Gecko) Chrome/95.0.4638.69 Mobile Safari/537.36 (compatible; Googlebot/2.1; +http://www.google.com/bot.html)"
176.156.222.110 - - [04/Nov/2021:22:27:24 +0100] "POST /admincontrol/ajax.php?rand=1636061238690 HTTP/1.1" 200 932 "https://controltower.fr/admincontrol/index.php?controller=AdminProducts&token=c2d067f3456da21c5a4b065fb6365bbc&conf=5" "Mozilla/5.0 (Windows NT 6.1; Win64; x64) AppleWebKit/537.36 (KHTML, like Gecko) Chrome/95.0.4638.69 Safari/537.36"
54.36.149.92 - - [04/Nov/2021:22:27:29 +0100] "GET /559-cart_default/murray-man-better-place.jpg HTTP/1.1" 200 8378 "-" "Mozilla/5.0 (compatible; AhrefsBot/7.0; +http://ahrefs.com/robot/)"
176.156.222.110 - - [04/Nov/2021:22:27:32 +0100] "POST /admincontrol/ajax.php?rand=1636061246687 HTTP/1.1" 200 932 "https://controltower.fr/admincontrol/index.php?controller=AdminDashboard&token=c282dec7df001df68582fc635ae6dc7c" "Mozilla/5.0 (Windows NT 6.1; Win64; x64) AppleWebKit/537.36 (KHTML, like Gecko) Chrome/95.0.4638.69 Safari/537.36"
5.255.253.115 - - [04/Nov/2021:22:27:35 +0100] "GET /fr/content/1-COVID-19-information-shipping HTTP/1.1" 301 5615 "-" "Mozilla/5.0 (compatible; YandexBot/3.0; +http://yandex.com/bots)"
5.255.253.115 - - [04/Nov/2021:22:27:39 +0100] "GET /fr/content/1-information-livraison HTTP/1.1" 200 12796 "-" "Mozilla/5.0 (compatible; YandexBot/3.0; +http://yandex.com/bots)"
51.81.240.194 - - [04/Nov/2021:22:27:58 +0100] "GET /en/index.php?controller=formatdisk HTTP/1.1" 200 112634 "-" "Mozilla/5.0 (Windows NT 10.0; WOW64; Rv:50.0) Gecko/20100101 Firefox/50.0"
51.81.240.194 - - [04/Nov/2021:22:28:06 +0100] "GET /en/index.php?controller=formatdisk'[0] HTTP/1.1" 301 4932 "-" "Mozilla/5.0 (Windows NT 10.0; WOW64; Rv:50.0) Gecko/20100101 Firefox/50.0"
51.81.240.194 - - [04/Nov/2021:22:28:07 +0100] "GET /en/ HTTP/1.1" 200 313652 "-" "Mozilla/5.0 (Windows NT 10.0; WOW64; Rv:50.0) Gecko/20100101 Firefox/50.0"
51.81.240.194 - - [04/Nov/2021:22:28:25 +0100] "GET /en/index.php?controller=formatdisk'[0] HTTP/1.1" 301 4932 "-" "Mozilla/5.0 (Windows NT 10.0; WOW64; Rv:50.0) Gecko/20100101 Firefox/50.0"
176.156.222.110 - - [04/Nov/2021:22:28:27 +0100] "POST /admincontrol/ajax.php?rand=1636061301759 HTTP/1.1" 200 932 "https://controltower.fr/admincontrol/index.php?controller=AdminOrders&id_order=6564&vieworder&token=e792fee3cdafab3e973b81a1e80cd388" "Mozilla/5.0 (Windows NT 6.1; Win64; x64; rv:93.0) Gecko/20100101 Firefox/93.0"
51.81.240.194 - - [04/Nov/2021:22:28:26 +0100] "GET /en/ HTTP/1.1" 200 313652 "-" "Mozilla/5.0 (Windows NT 10.0; WOW64; Rv:50.0) Gecko/20100101 Firefox/50.0"
54.36.149.35 - - [04/Nov/2021:22:28:32 +0100] "GET /558-cart_default/murray-man-better-place.jpg HTTP/1.1" 200 8911 "-" "Mozilla/5.0 (compatible; AhrefsBot/7.0; +http://ahrefs.com/robot/)"
176.156.222.110 - - [04/Nov/2021:22:28:32 +0100] "POST /admincontrol/ajax.php?rand=1636061307359 HTTP/1.1" 200 932 "https://controltower.fr/admincontrol/index.php?controller=AdminOrders&id_order=5614&vieworder&token=e792fee3cdafab3e973b81a1e80cd388" "Mozilla/5.0 (Windows NT 6.1; Win64; x64; rv:93.0) Gecko/20100101 Firefox/93.0"
54.36.148.96 - - [04/Nov/2021:22:28:38 +0100] "GET /en/reality-sound-system/838-reality-souljah-feat-ize-redd-warmonger.html HTTP/1.1" 200 15022 "-" "Mozilla/5.0 (compatible; AhrefsBot/7.0; +http://ahrefs.com/robot/)"
51.81.240.194 - - [04/Nov/2021:22:28:42 +0100] "GET /en/index.php?controller=\"><script%20>alert(String.fromCharCode(88,83,83))</script> HTTP/1.1" 301 4932 "-" "Mozilla/5.0 (Windows NT 10.0; WOW64; Rv:50.0) Gecko/20100101 Firefox/50.0"
66.249.66.5 - - [04/Nov/2021:22:28:44 +0100] "GET /en/debtera-records/2715-black-omolo-roots-daughters.html HTTP/1.1" 200 15069 "-" "Mozilla/5.0 (Linux; Android 6.0.1; Nexus 5X Build/MMB29P) AppleWebKit/537.36 (KHTML, like Gecko) Chrome/95.0.4638.69 Mobile Safari/537.36 (compatible; Googlebot/2.1; +http://www.google.com/bot.html)"
51.81.240.194 - - [04/Nov/2021:22:28:43 +0100] "GET /en/ HTTP/1.1" 200 313652 "-" "Mozilla/5.0 (Windows NT 10.0; WOW64; Rv:50.0) Gecko/20100101 Firefox/50.0"
51.81.240.194 - - [04/Nov/2021:22:28:47 +0100] "GET /en/index.php?controller=/etc/passwd HTTP/1.1" 301 4932 "-" "Mozilla/5.0 (Windows NT 10.0; WOW64; Rv:50.0) Gecko/20100101 Firefox/50.0"
51.81.240.194 - - [04/Nov/2021:22:28:48 +0100] "GET /en/ HTTP/1.1" 200 313652 "-" "Mozilla/5.0 (Windows NT 10.0; WOW64; Rv:50.0) Gecko/20100101 Firefox/50.0"
51.81.240.194 - - [04/Nov/2021:22:28:53 +0100] "GET /en/index.php?controller=http%3a%2f%2fwww.google.com HTTP/1.1" 301 4932 "-" "Mozilla/5.0 (Windows NT 10.0; WOW64; Rv:50.0) Gecko/20100101 Firefox/50.0"
51.81.240.194 - - [04/Nov/2021:22:28:53 +0100] "GET /en/ HTTP/1.1" 200 313652 "-" "Mozilla/5.0 (Windows NT 10.0; WOW64; Rv:50.0) Gecko/20100101 Firefox/50.0"
91.160.58.16 - - [04/Nov/2021:22:29:08 +0100] "GET /fr/blakamix-international/2423-mali-blakamix-retaliation.html HTTP/1.1" 200 15238 "https://www.google.com/" "Mozilla/5.0 (Windows NT 10.0; Win64; x64) AppleWebKit/537.36 (KHTML, like Gecko) Chrome/95.0.4638.69 Safari/537.36"
91.160.58.16 - - [04/Nov/2021:22:29:08 +0100] "GET /5945-cart_default/mali-blakamix-retaliation.jpg HTTP/1.1" 200 8453 "https://controltower.fr/" "Mozilla/5.0 (Windows NT 10.0; Win64; x64) AppleWebKit/537.36 (KHTML, like Gecko) Chrome/95.0.4638.69 Safari/537.36"
91.160.58.16 - - [04/Nov/2021:22:29:08 +0100] "GET /5944-cart_default/mali-blakamix-retaliation.jpg HTTP/1.1" 200 8389 "https://controltower.fr/" "Mozilla/5.0 (Windows NT 10.0; Win64; x64) AppleWebKit/537.36 (KHTML, like Gecko) Chrome/95.0.4638.69 Safari/537.36"
91.160.58.16 - - [04/Nov/2021:22:29:08 +0100] "GET /5944-large_default/mali-blakamix-retaliation.jpg HTTP/1.1" 200 49297 "https://controltower.fr/" "Mozilla/5.0 (Windows NT 10.0; Win64; x64) AppleWebKit/537.36 (KHTML, like Gecko) Chrome/95.0.4638.69 Safari/537.36"
91.160.58.16 - - [04/Nov/2021:22:29:08 +0100] "GET /5943-cart_default/mali-blakamix-retaliation.jpg HTTP/1.1" 200 8495 "https://controltower.fr/" "Mozilla/5.0 (Windows NT 10.0; Win64; x64) AppleWebKit/537.36 (KHTML, like Gecko) Chrome/95.0.4638.69 Safari/537.36"
91.160.58.16 - - [04/Nov/2021:22:29:09 +0100] "GET //modules/paypal/express_checkout/ajax.php?get_qty=1&id_product=2423&id_product_attribute=2486&_=1636061349079 HTTP/1.1" 200 5570 "https://controltower.fr/fr/blakamix-international/2423-mali-blakamix-retaliation.html" "Mozilla/5.0 (Windows NT 10.0; Win64; x64) AppleWebKit/537.36 (KHTML, like Gecko) Chrome/95.0.4638.69 Safari/537.36"
91.160.58.16 - - [04/Nov/2021:22:29:09 +0100] "GET /fr/blakamix-international/2423-mali-blakamix-retaliation.html HTTP/1.1" 200 9046 "https://controltower.fr/fr/blakamix-international/2423-mali-blakamix-retaliation.html" "Mozilla/5.0 (Windows NT 10.0; Win64; x64) AppleWebKit/537.36 (KHTML, like Gecko) Chrome/95.0.4638.69 Safari/537.36"
91.160.58.16 - - [04/Nov/2021:22:29:09 +0100] "GET //modules/paypal/express_checkout/ajax.php?get_qty=1&id_product=2423&id_product_attribute=2486&_=1636061349080 HTTP/1.1" 200 226 "https://controltower.fr/fr/blakamix-international/2423-mali-blakamix-retaliation.html" "Mozilla/5.0 (Windows NT 10.0; Win64; x64) AppleWebKit/537.36 (KHTML, like Gecko) Chrome/95.0.4638.69 Safari/537.36"
176.156.222.110 - - [04/Nov/2021:22:29:11 +0100] "POST /admincontrol/ajax.php?rand=1636061345695 HTTP/1.1" 200 932 "https://controltower.fr/admincontrol/index.php?controller=AdminEnvoiMoinsCher&id_order=8856&option=send&token=27d7475b073347ae85ef86e2e2b9fb80" "Mozilla/5.0 (Windows NT 6.1; Win64; x64) AppleWebKit/537.36 (KHTML, like Gecko) Chrome/95.0.4638.69 Safari/537.36"
176.156.222.110 - - [04/Nov/2021:22:29:25 +0100] "POST /admincontrol/ajax.php?rand=1636061359696 HTTP/1.1" 200 932 "https://controltower.fr/admincontrol/index.php?controller=AdminProducts&token=c2d067f3456da21c5a4b065fb6365bbc&conf=5" "Mozilla/5.0 (Windows NT 6.1; Win64; x64) AppleWebKit/537.36 (KHTML, like Gecko) Chrome/95.0.4638.69 Safari/537.36"
157.55.39.67 - - [04/Nov/2021:22:29:28 +0100] "GET /partial-records/1692-alpha-and-omega-king-and-queen.html HTTP/1.1" 301 5185 "-" "Mozilla/5.0 (compatible; bingbot/2.0; +http://www.bing.com/bingbot.htm)"
54.36.148.143 - - [04/Nov/2021:22:29:30 +0100] "GET /558-large_default/murray-man-better-place.jpg HTTP/1.1" 200 63676 "-" "Mozilla/5.0 (compatible; AhrefsBot/7.0; +http://ahrefs.com/robot/)"
176.156.222.110 - - [04/Nov/2021:22:29:33 +0100] "POST /admincontrol/ajax.php?rand=1636061367697 HTTP/1.1" 200 932 "https://controltower.fr/admincontrol/index.php?controller=AdminDashboard&token=c282dec7df001df68582fc635ae6dc7c" "Mozilla/5.0 (Windows NT 6.1; Win64; x64) AppleWebKit/537.36 (KHTML, like Gecko) Chrome/95.0.4638.69 Safari/537.36"
94.43.232.17 - - [04/Nov/2021:22:29:37 +0100] "GET / HTTP/1.1" 301 437 "-" "Mozilla/5.0 (Windows NT 6.1; WOW64) AppleWebKit/537.36 (KHTML, like Gecko) Chrome/52.0.2743.116 Safari/537.36"
66.249.66.223 - - [04/Nov/2021:22:29:40 +0100] "GET /fr/evidence-music/2499-brother-culture-code-name.html HTTP/1.1" 200 15530 "-" "Mozilla/5.0 (compatible; Googlebot/2.1; +http://www.google.com/bot.html)"
207.46.13.126 - - [04/Nov/2021:22:29:47 +0100] "GET /en/scorcher-hi-fi/2328-higher-meditation-freedom-is-a-must.html HTTP/1.1" 200 14584 "-" "Mozilla/5.0 (compatible; bingbot/2.0; +http://www.bing.com/bingbot.htm)"
66.249.66.95 - - [04/Nov/2021:22:29:54 +0100] "GET /c/fr-default-medium_default/reggae-roast.jpg HTTP/1.1" 200 8518 "-" "Googlebot-Image/1.0"
66.249.66.157 - - [04/Nov/2021:22:29:56 +0100] "GET /5879-cart_default/ras-teo-lumumba.jpg HTTP/1.1" 200 8515 "-" "Googlebot-Image/1.0"
66.249.66.158 - - [04/Nov/2021:22:29:57 +0100] "GET /4412-cart_default/johnny-clarke-judgement-on-the-land.jpg HTTP/1.1" 200 8256 "-" "Googlebot-Image/1.0"
66.249.66.206 - - [04/Nov/2021:22:29:57 +0100] "GET /6103-cart_default/kenny-knots-ashanti-selah-rise-again.jpg HTTP/1.1" 200 8253 "-" "Googlebot-Image/1.0"
205.175.118.47 - - [04/Nov/2021:22:30:16 +0100] "GET /2325-large_default/roots-ista-posse-walk-of-shebah-dub.jpg HTTP/1.1" 200 44352 "-" "python-requests/2.25.1"
54.36.149.61 - - [04/Nov/2021:22:30:19 +0100] "GET /fr/jah-free-music/923-dub-judah-jah-free-danger-zone.html HTTP/1.1" 200 15159 "-" "Mozilla/5.0 (compatible; AhrefsBot/7.0; +http://ahrefs.com/robot/)"
176.156.222.110 - - [04/Nov/2021:22:30:27 +0100] "POST /admincontrol/ajax.php?rand=1636061421963 HTTP/1.1" 200 932 "https://controltower.fr/admincontrol/index.php?controller=AdminOrders&id_order=6564&vieworder&token=e792fee3cdafab3e973b81a1e80cd388" "Mozilla/5.0 (Windows NT 6.1; Win64; x64; rv:93.0) Gecko/20100101 Firefox/93.0"
54.36.148.183 - - [04/Nov/2021:22:30:30 +0100] "GET /6177-cart_default/the-simeons-jah-rastafari.jpg HTTP/1.1" 200 8312 "-" "Mozilla/5.0 (compatible; AhrefsBot/7.0; +http://ahrefs.com/robot/)"
176.156.222.110 - - [04/Nov/2021:22:30:33 +0100] "POST /admincontrol/ajax.php?rand=1636061427546 HTTP/1.1" 200 932 "https://controltower.fr/admincontrol/index.php?controller=AdminOrders&id_order=5614&vieworder&token=e792fee3cdafab3e973b81a1e80cd388" "Mozilla/5.0 (Windows NT 6.1; Win64; x64; rv:93.0) Gecko/20100101 Firefox/93.0"
162.62.133.166 - - [04/Nov/2021:22:30:39 +0100] "GET / HTTP/1.1" 301 456 "-" "-"
176.156.222.110 - - [04/Nov/2021:22:31:12 +0100] "POST /admincontrol/ajax.php?rand=1636061466703 HTTP/1.1" 200 932 "https://controltower.fr/admincontrol/index.php?controller=AdminEnvoiMoinsCher&id_order=8856&option=send&token=27d7475b073347ae85ef86e2e2b9fb80" "Mozilla/5.0 (Windows NT 6.1; Win64; x64) AppleWebKit/537.36 (KHTML, like Gecko) Chrome/95.0.4638.69 Safari/537.36"
66.249.66.75 - - [04/Nov/2021:22:31:15 +0100] "GET /en/king-shiloh-majestic-music/2533-afrikan-simba-racism-have-no-fear.html HTTP/1.1" 200 15328 "-" "Mozilla/5.0 (compatible; Googlebot/2.1; +http://www.google.com/bot.html)"
207.46.13.99 - - [04/Nov/2021:22:31:22 +0100] "GET /en/jah-roots-hi-fi/1054-danny-red-some-a-dem-say.html HTTP/1.1" 200 14620 "-" "Mozilla/5.0 (compatible; bingbot/2.0; +http://www.bing.com/bingbot.htm)"
176.156.222.110 - - [04/Nov/2021:22:31:26 +0100] "POST /admincontrol/ajax.php?rand=1636061480700 HTTP/1.1" 200 932 "https://controltower.fr/admincontrol/index.php?controller=AdminProducts&token=c2d067f3456da21c5a4b065fb6365bbc&conf=5" "Mozilla/5.0 (Windows NT 6.1; Win64; x64) AppleWebKit/537.36 (KHTML, like Gecko) Chrome/95.0.4638.69 Safari/537.36"
66.249.66.5 - - [04/Nov/2021:22:31:28 +0100] "GET /fr/akashic-records/2571-ras-amlak-meets-king-alpha-rally-round.html HTTP/1.1" 200 15286 "-" "Mozilla/5.0 (Linux; Android 6.0.1; Nexus 5X Build/MMB29P) AppleWebKit/537.36 (KHTML, like Gecko) Chrome/95.0.4638.69 Mobile Safari/537.36 (compatible; Googlebot/2.1; +http://www.google.com/bot.html)"
54.36.149.47 - - [04/Nov/2021:22:31:28 +0100] "GET /6177-large_default/the-simeons-jah-rastafari.jpg HTTP/1.1" 200 46187 "-" "Mozilla/5.0 (compatible; AhrefsBot/7.0; +http://ahrefs.com/robot/)"
176.156.222.110 - - [04/Nov/2021:22:31:34 +0100] "POST /admincontrol/ajax.php?rand=1636061488701 HTTP/1.1" 200 932 "https://controltower.fr/admincontrol/index.php?controller=AdminDashboard&token=c282dec7df001df68582fc635ae6dc7c" "Mozilla/5.0 (Windows NT 6.1; Win64; x64) AppleWebKit/537.36 (KHTML, like Gecko) Chrome/95.0.4638.69 Safari/537.36"
54.36.149.25 - - [04/Nov/2021:22:31:48 +0100] "GET /fr/scotch-bonnet/480-stalawa-feat-lloyd-d-stiff-rough-winner.html HTTP/1.1" 200 15110 "-" "Mozilla/5.0 (compatible; AhrefsBot/7.0; +http://ahrefs.com/robot/)"
207.46.13.126 - - [04/Nov/2021:22:32:01 +0100] "GET /6294-thickbox_default/alpha-steppa-pupa-jim-dear-friend.jpg HTTP/1.1" 200 88485 "-" "Mozilla/5.0 (compatible; bingbot/2.0; +http://www.bing.com/bingbot.htm)"
40.77.167.63 - - [04/Nov/2021:22:32:01 +0100] "GET /en/partial-records/1232-roots-crusaders-children-of-the-father.html HTTP/1.1" 200 14597 "-" "Mozilla/5.0 (compatible; bingbot/2.0; +http://www.bing.com/bingbot.htm)"
79.194.247.208 - - [04/Nov/2021:22:32:02 +0100] "GET / HTTP/1.1" 301 5599 "-" "Mozilla/5.0 (Windows NT 10.0; Win64; x64; rv:93.0) Gecko/20100101 Firefox/93.0"
79.194.247.208 - - [04/Nov/2021:22:32:02 +0100] "GET /en/ HTTP/1.1" 200 309354 "-" "Mozilla/5.0 (Windows NT 10.0; Win64; x64; rv:93.0) Gecko/20100101 Firefox/93.0"
79.194.247.208 - - [04/Nov/2021:22:32:23 +0100] "GET /themes/theme-HDC/img/footer-bg.png HTTP/1.1" 200 362 "https://controltower.fr/themes/theme-HDC/css/global.css" "Mozilla/5.0 (Windows NT 10.0; Win64; x64; rv:93.0) Gecko/20100101 Firefox/93.0"
54.36.149.14 - - [04/Nov/2021:22:32:25 +0100] "GET /6178-cart_default/the-simeons-jah-rastafari.jpg HTTP/1.1" 200 8288 "-" "Mozilla/5.0 (compatible; AhrefsBot/7.0; +http://ahrefs.com/robot/)"
79.194.247.208 - - [04/Nov/2021:22:32:25 +0100] "GET /7553-home_default/vibronics-meets-ashanti-selah-hustle-riddim.jpg HTTP/1.1" 200 20753 "https://controltower.fr/" "Mozilla/5.0 (Windows NT 10.0; Win64; x64; rv:93.0) Gecko/20100101 Firefox/93.0"
79.194.247.208 - - [04/Nov/2021:22:32:25 +0100] "GET /7546-home_default/hitman-fiza-soul-train-fall-of-the-wicked.jpg HTTP/1.1" 200 29762 "https://controltower.fr/" "Mozilla/5.0 (Windows NT 10.0; Win64; x64; rv:93.0) Gecko/20100101 Firefox/93.0"
79.194.247.208 - - [04/Nov/2021:22:32:25 +0100] "GET /7544-home_default/bushman-bushman-work-s-isolation-skank.jpg HTTP/1.1" 200 29496 "https://controltower.fr/" "Mozilla/5.0 (Windows NT 10.0; Win64; x64; rv:93.0) Gecko/20100101 Firefox/93.0"
79.194.247.208 - - [04/Nov/2021:22:32:25 +0100] "GET /7559-home_default/the-wheel-caress.jpg HTTP/1.1" 200 17398 "https://controltower.fr/" "Mozilla/5.0 (Windows NT 10.0; Win64; x64; rv:93.0) Gecko/20100101 Firefox/93.0"
79.194.247.208 - - [04/Nov/2021:22:32:25 +0100] "GET /7548-home_default/michael-exodus-meets-shanti-lion-jah-glory.jpg HTTP/1.1" 304 5539 "https://controltower.fr/" "Mozilla/5.0 (Windows NT 10.0; Win64; x64; rv:93.0) Gecko/20100101 Firefox/93.0"
79.194.247.208 - - [04/Nov/2021:22:32:26 +0100] "GET /7557-home_default/vin-gordon-music-tree.jpg HTTP/1.1" 200 24517 "https://controltower.fr/" "Mozilla/5.0 (Windows NT 10.0; Win64; x64; rv:93.0) Gecko/20100101 Firefox/93.0"
79.194.247.208 - - [04/Nov/2021:22:32:26 +0100] "GET /7518-home_default/rapha-pico-the-noble-chanters-continue-the-glory.jpg HTTP/1.1" 200 19085 "https://controltower.fr/" "Mozilla/5.0 (Windows NT 10.0; Win64; x64; rv:93.0) Gecko/20100101 Firefox/93.0"
79.194.247.208 - - [04/Nov/2021:22:32:26 +0100] "GET /7555-home_default/dan-i-locks-meets-ashanti-selah-jah-is-love.jpg HTTP/1.1" 200 20170 "https://controltower.fr/" "Mozilla/5.0 (Windows NT 10.0; Win64; x64; rv:93.0) Gecko/20100101 Firefox/93.0"
79.194.247.208 - - [04/Nov/2021:22:32:26 +0100] "GET /7506-home_default/brainless-meets-cultural-youths-genesis-tribal-soul.jpg HTTP/1.1" 200 13920 "https://controltower.fr/" "Mozilla/5.0 (Windows NT 10.0; Win64; x64; rv:93.0) Gecko/20100101 Firefox/93.0"
79.194.247.208 - - [04/Nov/2021:22:32:26 +0100] "GET /7530-home_default/rising-soul-riddim.jpg HTTP/1.1" 200 18970 "https://controltower.fr/" "Mozilla/5.0 (Windows NT 10.0; Win64; x64; rv:93.0) Gecko/20100101 Firefox/93.0"
79.194.247.208 - - [04/Nov/2021:22:32:26 +0100] "GET /7550-home_default/king-stanley-jah-give-us-the-power.jpg HTTP/1.1" 200 20415 "https://controltower.fr/" "Mozilla/5.0 (Windows NT 10.0; Win64; x64; rv:93.0) Gecko/20100101 Firefox/93.0"
79.194.247.208 - - [04/Nov/2021:22:32:26 +0100] "GET /7526-home_default/constantine-weir-aka-yahya-heaven-is-at-the-feet-of-mothers.jpg HTTP/1.1" 200 27325 "https://controltower.fr/" "Mozilla/5.0 (Windows NT 10.0; Win64; x64; rv:93.0) Gecko/20100101 Firefox/93.0"
79.194.247.208 - - [04/Nov/2021:22:32:26 +0100] "GET /7504-home_default/mannaroman-nah-surrender.jpg HTTP/1.1" 200 19836 "https://controltower.fr/" "Mozilla/5.0 (Windows NT 10.0; Win64; x64; rv:93.0) Gecko/20100101 Firefox/93.0"
79.194.247.208 - - [04/Nov/2021:22:32:26 +0100] "GET /7500-home_default/caracas-dub-meets-king-joe-run-politician.jpg HTTP/1.1" 200 21082 "https://controltower.fr/" "Mozilla/5.0 (Windows NT 10.0; Win64; x64; rv:93.0) Gecko/20100101 Firefox/93.0"
79.194.247.208 - - [04/Nov/2021:22:32:26 +0100] "GET /7496-home_default/indica-dubs-jah-massive-revelation-dub.jpg HTTP/1.1" 200 18307 "https://controltower.fr/" "Mozilla/5.0 (Windows NT 10.0; Win64; x64; rv:93.0) Gecko/20100101 Firefox/93.0"
79.194.247.208 - - [04/Nov/2021:22:32:26 +0100] "GET /7514-home_default/awa-fall-crack-in-the-lens.jpg HTTP/1.1" 200 13750 "https://controltower.fr/" "Mozilla/5.0 (Windows NT 10.0; Win64; x64; rv:93.0) Gecko/20100101 Firefox/93.0"
79.194.247.208 - - [04/Nov/2021:22:32:26 +0100] "GET /7512-home_default/the-rockers-disciples-calabash-rock.jpg HTTP/1.1" 200 15436 "https://controltower.fr/" "Mozilla/5.0 (Windows NT 10.0; Win64; x64; rv:93.0) Gecko/20100101 Firefox/93.0"
79.194.247.208 - - [04/Nov/2021:22:32:26 +0100] "GET /7492-home_default/weeding-dub-meets-ras-divarius-gypsy-dub.jpg HTTP/1.1" 200 13663 "https://controltower.fr/" "Mozilla/5.0 (Windows NT 10.0; Win64; x64; rv:93.0) Gecko/20100101 Firefox/93.0"
79.194.247.208 - - [04/Nov/2021:22:32:26 +0100] "GET /7488-home_default/prince-alla-ghetto-hell.jpg HTTP/1.1" 200 16777 "https://controltower.fr/" "Mozilla/5.0 (Windows NT 10.0; Win64; x64; rv:93.0) Gecko/20100101 Firefox/93.0"
79.194.247.208 - - [04/Nov/2021:22:32:26 +0100] "GET /7536-home_default/goldmaster-studio-clarion-call.jpg HTTP/1.1" 200 18566 "https://controltower.fr/" "Mozilla/5.0 (Windows NT 10.0; Win64; x64; rv:93.0) Gecko/20100101 Firefox/93.0"
79.194.247.208 - - [04/Nov/2021:22:32:26 +0100] "GET /7474-home_default/daddy-spencer-stop-meddling.jpg HTTP/1.1" 200 17824 "https://controltower.fr/" "Mozilla/5.0 (Windows NT 10.0; Win64; x64; rv:93.0) Gecko/20100101 Firefox/93.0"
79.194.247.208 - - [04/Nov/2021:22:32:26 +0100] "GET /7481-home_default/rdh-hi-fi-guide-ii-hiboo.jpg HTTP/1.1" 200 16836 "https://controltower.fr/" "Mozilla/5.0 (Windows NT 10.0; Win64; x64; rv:93.0) Gecko/20100101 Firefox/93.0"
79.194.247.208 - - [04/Nov/2021:22:32:26 +0100] "GET /7470-home_default/charlie-p-fufu-lala.jpg HTTP/1.1" 200 16872 "https://controltower.fr/" "Mozilla/5.0 (Windows NT 10.0; Win64; x64; rv:93.0) Gecko/20100101 Firefox/93.0"
79.194.247.208 - - [04/Nov/2021:22:32:26 +0100] "GET /7494-home_default/indica-dubs-dub-conductor-shiloh-rock.jpg HTTP/1.1" 200 21669 "https://controltower.fr/" "Mozilla/5.0 (Windows NT 10.0; Win64; x64; rv:93.0) Gecko/20100101 Firefox/93.0"
79.194.247.208 - - [04/Nov/2021:22:32:26 +0100] "GET /7490-home_default/violinbwoy-meets-jerry-lionz-vale-bongo.jpg HTTP/1.1" 200 17248 "https://controltower.fr/" "Mozilla/5.0 (Windows NT 10.0; Win64; x64; rv:93.0) Gecko/20100101 Firefox/93.0"
79.194.247.208 - - [04/Nov/2021:22:32:26 +0100] "GET /7486-home_default/hughie-izachaar-jah-warrior-get-up-stand-up-rock.jpg HTTP/1.1" 200 21230 "https://controltower.fr/" "Mozilla/5.0 (Windows NT 10.0; Win64; x64; rv:93.0) Gecko/20100101 Firefox/93.0"
79.194.247.208 - - [04/Nov/2021:22:32:26 +0100] "GET /7482-home_default/musical-warryahs-guidance-protection.jpg HTTP/1.1" 200 25875 "https://controltower.fr/" "Mozilla/5.0 (Windows NT 10.0; Win64; x64; rv:93.0) Gecko/20100101 Firefox/93.0"
79.194.247.208 - - [04/Nov/2021:22:32:26 +0100] "GET /7476-home_default/dubeast-dubious-road.jpg HTTP/1.1" 200 13271 "https://controltower.fr/" "Mozilla/5.0 (Windows NT 10.0; Win64; x64; rv:93.0) Gecko/20100101 Firefox/93.0"
79.194.247.208 - - [04/Nov/2021:22:32:26 +0100] "GET /7540-home_default/marina-p-feat-hayami-dub-kazman-downtown-seekers.jpg HTTP/1.1" 200 21683 "https://controltower.fr/" "Mozilla/5.0 (Windows NT 10.0; Win64; x64; rv:93.0) Gecko/20100101 Firefox/93.0"
79.194.247.208 - - [04/Nov/2021:22:32:26 +0100] "GET /7538-home_default/idren-natural-jah-garden.jpg HTTP/1.1" 200 24789 "https://controltower.fr/" "Mozilla/5.0 (Windows NT 10.0; Win64; x64; rv:93.0) Gecko/20100101 Firefox/93.0"
79.194.247.208 - - [04/Nov/2021:22:32:27 +0100] "GET /7532-home_default/ras-hassen-ti-sweat-steel.jpg HTTP/1.1" 200 22365 "https://controltower.fr/" "Mozilla/5.0 (Windows NT 10.0; Win64; x64; rv:93.0) Gecko/20100101 Firefox/93.0"
79.194.247.208 - - [04/Nov/2021:22:32:28 +0100] "GET /7510-home_default/roberto-sanchez-i-man-cruz-we-re-going-to-zion.jpg HTTP/1.1" 200 19237 "https://controltower.fr/" "Mozilla/5.0 (Windows NT 10.0; Win64; x64; rv:93.0) Gecko/20100101 Firefox/93.0"
79.194.247.208 - - [04/Nov/2021:22:32:28 +0100] "GET /7509-home_default/dubbing-sun-the-crown-prince-independent-life.jpg HTTP/1.1" 200 9911 "https://controltower.fr/" "Mozilla/5.0 (Windows NT 10.0; Win64; x64; rv:93.0) Gecko/20100101 Firefox/93.0"
79.194.247.208 - - [04/Nov/2021:22:32:28 +0100] "GET /7552-home_default/stand-high-patrol-same-justice-working-man.jpg HTTP/1.1" 200 25867 "https://controltower.fr/" "Mozilla/5.0 (Windows NT 10.0; Win64; x64; rv:93.0) Gecko/20100101 Firefox/93.0"
79.194.247.208 - - [04/Nov/2021:22:32:28 +0100] "GET /7498-home_default/mystical-steppa-hard-trod.jpg HTTP/1.1" 200 19267 "https://controltower.fr/" "Mozilla/5.0 (Windows NT 10.0; Win64; x64; rv:93.0) Gecko/20100101 Firefox/93.0"
79.194.247.208 - - [04/Nov/2021:22:32:29 +0100] "GET /7522-home_default/rapha-pico-the-noble-chanters-the-glory-of-dub.jpg HTTP/1.1" 200 23415 "https://controltower.fr/" "Mozilla/5.0 (Windows NT 10.0; Win64; x64; rv:93.0) Gecko/20100101 Firefox/93.0"
176.156.222.110 - - [04/Nov/2021:22:32:29 +0100] "POST /admincontrol/ajax.php?rand=1636061542169 HTTP/1.1" 200 932 "https://controltower.fr/admincontrol/index.php?controller=AdminOrders&id_order=6564&vieworder&token=e792fee3cdafab3e973b81a1e80cd388" "Mozilla/5.0 (Windows NT 6.1; Win64; x64; rv:93.0) Gecko/20100101 Firefox/93.0"
79.194.247.208 - - [04/Nov/2021:22:32:23 +0100] "GET /en/ HTTP/1.1" 200 307960 "https://controltower.fr/en/" "Mozilla/5.0 (Windows NT 10.0; Win64; x64; rv:93.0) Gecko/20100101 Firefox/93.0"
176.156.222.110 - - [04/Nov/2021:22:32:33 +0100] "POST /admincontrol/ajax.php?rand=1636061547708 HTTP/1.1" 200 351 "https://controltower.fr/admincontrol/index.php?controller=AdminOrders&id_order=5614&vieworder&token=e792fee3cdafab3e973b81a1e80cd388" "Mozilla/5.0 (Windows NT 6.1; Win64; x64; rv:93.0) Gecko/20100101 Firefox/93.0"
221.194.170.208 - - [04/Nov/2021:22:32:43 +0100] "GET /544-large_default/ital-ensemble-feat-sir-jean-no-badness.jpg HTTP/1.1" 200 35040 "-" "Mozilla/5.0 (X11; Ubuntu; Linux x86_64; rv:72.0) Gecko/20100101 Firefox/72.0"
66.249.66.207 - - [04/Nov/2021:22:32:45 +0100] "GET /7307-thickbox_default/mystic-warrior-meets-bly-shei-pachamama-s-tears.jpg HTTP/1.1" 304 5524 "-" "Googlebot-Image/1.0"
157.55.39.67 - - [04/Nov/2021:22:32:50 +0100] "GET /867-thickbox_default/the-congos-cool-down.jpg HTTP/1.1" 200 100420 "-" "Mozilla/5.0 (compatible; bingbot/2.0; +http://www.bing.com/bingbot.htm)"
176.156.222.110 - - [04/Nov/2021:22:33:13 +0100] "POST /admincontrol/ajax.php?rand=1636061587707 HTTP/1.1" 200 932 "https://controltower.fr/admincontrol/index.php?controller=AdminEnvoiMoinsCher&id_order=8856&option=send&token=27d7475b073347ae85ef86e2e2b9fb80" "Mozilla/5.0 (Windows NT 6.1; Win64; x64) AppleWebKit/537.36 (KHTML, like Gecko) Chrome/95.0.4638.69 Safari/537.36"
54.36.148.183 - - [04/Nov/2021:22:33:23 +0100] "GET /en/odg-prod/2766-ondubground-brothers.html HTTP/1.1" 200 15407 "-" "Mozilla/5.0 (compatible; AhrefsBot/7.0; +http://ahrefs.com/robot/)"
54.36.148.192 - - [04/Nov/2021:22:33:24 +0100] "GET /5183-cart_default/sta-podri.jpg HTTP/1.1" 200 8338 "-" "Mozilla/5.0 (compatible; AhrefsBot/7.0; +http://ahrefs.com/robot/)"
176.156.222.110 - - [04/Nov/2021:22:33:27 +0100] "POST /admincontrol/ajax.php?rand=1636061601709 HTTP/1.1" 200 932 "https://controltower.fr/admincontrol/index.php?controller=AdminProducts&token=c2d067f3456da21c5a4b065fb6365bbc&conf=5" "Mozilla/5.0 (Windows NT 6.1; Win64; x64) AppleWebKit/537.36 (KHTML, like Gecko) Chrome/95.0.4638.69 Safari/537.36"
176.156.222.110 - - [04/Nov/2021:22:33:35 +0100] "POST /admincontrol/ajax.php?rand=1636061609710 HTTP/1.1" 200 932 "https://controltower.fr/admincontrol/index.php?controller=AdminDashboard&token=c282dec7df001df68582fc635ae6dc7c" "Mozilla/5.0 (Windows NT 6.1; Win64; x64) AppleWebKit/537.36 (KHTML, like Gecko) Chrome/95.0.4638.69 Safari/537.36"
207.46.13.21 - - [04/Nov/2021:22:33:46 +0100] "GET /index.php?id_category=62&controller=category&id_lang=1 HTTP/1.1" 301 5147 "-" "Mozilla/5.0 (compatible; bingbot/2.0; +http://www.bing.com/bingbot.htm)"
207.46.13.126 - - [04/Nov/2021:22:34:06 +0100] "GET /3340-large_default/jimmy-ranks-righteous-rass.jpg HTTP/1.1" 200 32255 "-" "Mozilla/5.0 (compatible; bingbot/2.0; +http://www.bing.com/bingbot.htm)"
54.36.148.97 - - [04/Nov/2021:22:34:28 +0100] "GET /5183-large_default/sta-podri.jpg HTTP/1.1" 200 52789 "-" "Mozilla/5.0 (compatible; AhrefsBot/7.0; +http://ahrefs.com/robot/)"
176.156.222.110 - - [04/Nov/2021:22:34:29 +0100] "POST /admincontrol/ajax.php?rand=1636061663953 HTTP/1.1" 200 932 "https://controltower.fr/admincontrol/index.php?controller=AdminOrders&id_order=6564&vieworder&token=e792fee3cdafab3e973b81a1e80cd388" "Mozilla/5.0 (Windows NT 6.1; Win64; x64; rv:93.0) Gecko/20100101 Firefox/93.0"
176.156.222.110 - - [04/Nov/2021:22:34:33 +0100] "POST /admincontrol/ajax.php?rand=1636061667832 HTTP/1.1" 200 351 "https://controltower.fr/admincontrol/index.php?controller=AdminOrders&id_order=5614&vieworder&token=e792fee3cdafab3e973b81a1e80cd388" "Mozilla/5.0 (Windows NT 6.1; Win64; x64; rv:93.0) Gecko/20100101 Firefox/93.0"
40.77.167.75 - - [04/Nov/2021:22:34:51 +0100] "GET /en/rupa-rupa/289-anthony-johnson-dancehall-victory.html HTTP/1.1" 200 14866 "-" "Mozilla/5.0 (compatible; bingbot/2.0; +http://www.bing.com/bingbot.htm)"
54.36.148.217 - - [04/Nov/2021:22:35:05 +0100] "GET /en/reggae-roast/623-interrupt-tenor-youthman-keep-calm.html HTTP/1.1" 200 14918 "-" "Mozilla/5.0 (compatible; AhrefsBot/7.0; +http://ahrefs.com/robot/)"
176.156.222.110 - - [04/Nov/2021:22:35:14 +0100] "POST /admincontrol/ajax.php?rand=1636061708717 HTTP/1.1" 200 932 "https://controltower.fr/admincontrol/index.php?controller=AdminEnvoiMoinsCher&id_order=8856&option=send&token=27d7475b073347ae85ef86e2e2b9fb80" "Mozilla/5.0 (Windows NT 6.1; Win64; x64) AppleWebKit/537.36 (KHTML, like Gecko) Chrome/95.0.4638.69 Safari/537.36"
54.36.148.111 - - [04/Nov/2021:22:35:24 +0100] "GET /5184-cart_default/sta-podri.jpg HTTP/1.1" 200 8708 "-" "Mozilla/5.0 (compatible; AhrefsBot/7.0; +http://ahrefs.com/robot/)"
176.156.222.110 - - [04/Nov/2021:22:35:28 +0100] "POST /admincontrol/ajax.php?rand=1636061722716 HTTP/1.1" 200 932 "https://controltower.fr/admincontrol/index.php?controller=AdminProducts&token=c2d067f3456da21c5a4b065fb6365bbc&conf=5" "Mozilla/5.0 (Windows NT 6.1; Win64; x64) AppleWebKit/537.36 (KHTML, like Gecko) Chrome/95.0.4638.69 Safari/537.36"
176.145.71.169 - - [04/Nov/2021:22:35:35 +0100] "POST /fr/panier HTTP/1.1" 302 8963 "https://controltower.fr/fr/vibes-creator/3048-king-stanley-jah-give-us-the-power.html" "Mozilla/5.0 (Linux; Android 11; Redmi Note 9S) AppleWebKit/537.36 (KHTML, like Gecko) Chrome/94.0.4606.71 Mobile Safari/537.36"
176.156.222.110 - - [04/Nov/2021:22:35:36 +0100] "POST /admincontrol/ajax.php?rand=1636061730716 HTTP/1.1" 200 932 "https://controltower.fr/admincontrol/index.php?controller=AdminDashboard&token=c282dec7df001df68582fc635ae6dc7c" "Mozilla/5.0 (Windows NT 6.1; Win64; x64) AppleWebKit/537.36 (KHTML, like Gecko) Chrome/95.0.4638.69 Safari/537.36"
176.145.71.169 - - [04/Nov/2021:22:35:35 +0100] "GET /fr/commande?ipa=3048 HTTP/1.1" 200 15828 "https://controltower.fr/fr/vibes-creator/3048-king-stanley-jah-give-us-the-power.html" "Mozilla/5.0 (Linux; Android 11; Redmi Note 9S) AppleWebKit/537.36 (KHTML, like Gecko) Chrome/94.0.4606.71 Mobile Safari/537.36"
176.145.71.169 - - [04/Nov/2021:22:35:39 +0100] "GET /7550-small_default/king-stanley-jah-give-us-the-power.jpg HTTP/1.1" 200 9229 "https://controltower.fr/" "Mozilla/5.0 (Linux; Android 11; Redmi Note 9S) AppleWebKit/537.36 (KHTML, like Gecko) Chrome/94.0.4606.71 Mobile Safari/537.36"
176.145.71.169 - - [04/Nov/2021:22:35:39 +0100] "GET /fr/commande?ipa=3048 HTTP/1.1" 200 12979 "https://controltower.fr/fr/commande?ipa=3048" "Mozilla/5.0 (Linux; Android 11; Redmi Note 9S) AppleWebKit/537.36 (KHTML, like Gecko) Chrome/94.0.4606.71 Mobile Safari/537.36"
46.4.113.44 - - [04/Nov/2021:22:35:49 +0100] "GET / HTTP/1.1" 301 456 "-" "Mozilla/5.0 (compatible; DataForSeoBot/1.0; +https://dataforseo.com/dataforseo-bot)"
176.145.71.169 - - [04/Nov/2021:22:35:55 +0100] "-" 408 5322 "-" "-"
66.249.66.223 - - [04/Nov/2021:22:35:55 +0100] "GET /js/jquery/plugins/bxslider/jquery.bxslider.js HTTP/1.1" 200 10877 "https://controltower.fr/en/" "Mozilla/5.0 (Linux; Android 6.0.1; Nexus 5X Build/MMB29P) AppleWebKit/537.36 (KHTML, like Gecko) Chrome/95.0.4638.69 Mobile Safari/537.36 (compatible; Googlebot/2.1; +http://www.google.com/bot.html)"
176.145.71.169 - - [04/Nov/2021:22:35:59 +0100] "GET /7544-cart_default/bushman-bushman-work-s-isolation-skank.jpg HTTP/1.1" 304 5539 "https://controltower.fr/" "Mozilla/5.0 (Linux; Android 11; Redmi Note 9S) AppleWebKit/537.36 (KHTML, like Gecko) Chrome/94.0.4606.71 Mobile Safari/537.36"
176.145.71.169 - - [04/Nov/2021:22:35:59 +0100] "GET /7545-cart_default/bushman-bushman-work-s-isolation-skank.jpg HTTP/1.1" 304 5539 "https://controltower.fr/" "Mozilla/5.0 (Linux; Android 11; Redmi Note 9S) AppleWebKit/537.36 (KHTML, like Gecko) Chrome/94.0.4606.71 Mobile Safari/537.36"
176.145.71.169 - - [04/Nov/2021:22:35:59 +0100] "GET /7544-large_default/bushman-bushman-work-s-isolation-skank.jpg HTTP/1.1" 200 67412 "https://controltower.fr/" "Mozilla/5.0 (Linux; Android 11; Redmi Note 9S) AppleWebKit/537.36 (KHTML, like Gecko) Chrome/94.0.4606.71 Mobile Safari/537.36"
176.145.71.169 - - [04/Nov/2021:22:36:00 +0100] "GET //modules/paypal/express_checkout/ajax.php?get_qty=1&id_product=3045&id_product_attribute=3105&_=1636061759862 HTTP/1.1" 200 807 "https://controltower.fr/fr/yi-mas-gan-records/3045-bushman-bushman-work-s-isolation-skank.html" "Mozilla/5.0 (Linux; Android 11; Redmi Note 9S) AppleWebKit/537.36 (KHTML, like Gecko) Chrome/94.0.4606.71 Mobile Safari/537.36"
176.145.71.169 - - [04/Nov/2021:22:36:00 +0100] "GET //modules/paypal/express_checkout/ajax.php?get_qty=1&id_product=3045&id_product_attribute=3105&_=1636061759863 HTTP/1.1" 200 226 "https://controltower.fr/fr/yi-mas-gan-records/3045-bushman-bushman-work-s-isolation-skank.html" "Mozilla/5.0 (Linux; Android 11; Redmi Note 9S) AppleWebKit/537.36 (KHTML, like Gecko) Chrome/94.0.4606.71 Mobile Safari/537.36"
176.145.71.169 - - [04/Nov/2021:22:35:59 +0100] "POST /?rand=1636061760035 HTTP/1.1" 200 2716 "https://controltower.fr/fr/yi-mas-gan-records/3045-bushman-bushman-work-s-isolation-skank.html" "Mozilla/5.0 (Linux; Android 11; Redmi Note 9S) AppleWebKit/537.36 (KHTML, like Gecko) Chrome/94.0.4606.71 Mobile Safari/537.36"
