86.101.32.74 - - [04/Nov/2021:21:56:43 +0100] "GET /themes/theme-HDC/css/product_list.css HTTP/1.1" 200 2887 "https://controltower.fr/en/skank-o-clock-records/886-yehoud-i-leave-babylon.html" "Mozilla/5.0 (Windows NT 10.0; Win64; x64; rv:94.0) Gecko/20100101 Firefox/94.0"
86.101.32.74 - - [04/Nov/2021:21:56:43 +0100] "GET /modules/eicaptcha//views/js/eicaptcha-modules.js HTTP/1.1" 200 1011 "https://controltower.fr/en/skank-o-clock-records/886-yehoud-i-leave-babylon.html" "Mozilla/5.0 (Windows NT 10.0; Win64; x64; rv:94.0) Gecko/20100101 Firefox/94.0"
86.101.32.74 - - [04/Nov/2021:21:56:43 +0100] "GET /themes/theme-HDC/css/style-hdc.css HTTP/1.1" 200 3152 "https://controltower.fr/en/skank-o-clock-records/886-yehoud-i-leave-babylon.html" "Mozilla/5.0 (Windows NT 10.0; Win64; x64; rv:94.0) Gecko/20100101 Firefox/94.0"
86.101.32.74 - - [04/Nov/2021:21:56:43 +0100] "GET /themes/theme-HDC/css/fancybox.css HTTP/1.1" 200 1768 "https://controltower.fr/en/skank-o-clock-records/886-yehoud-i-leave-babylon.html" "Mozilla/5.0 (Windows NT 10.0; Win64; x64; rv:94.0) Gecko/20100101 Firefox/94.0"
86.101.32.74 - - [04/Nov/2021:21:56:43 +0100] "GET /themes/theme-HDC/css/product.css HTTP/1.1" 200 6658 "https://controltower.fr/en/skank-o-clock-records/886-yehoud-i-leave-babylon.html" "Mozilla/5.0 (Windows NT 10.0; Win64; x64; rv:94.0) Gecko/20100101 Firefox/94.0"
86.101.32.74 - - [04/Nov/2021:21:56:43 +0100] "GET /js/jquery/plugins/bxslider/jquery.bxslider.css HTTP/1.1" 200 1347 "https://controltower.fr/en/skank-o-clock-records/886-yehoud-i-leave-babylon.html" "Mozilla/5.0 (Windows NT 10.0; Win64; x64; rv:94.0) Gecko/20100101 Firefox/94.0"
86.101.32.74 - - [04/Nov/2021:21:56:43 +0100] "GET /themes/theme-HDC/css/modules/blockcategories/blockcategories.css HTTP/1.1" 200 1111 "https://controltower.fr/en/skank-o-clock-records/886-yehoud-i-leave-babylon.html" "Mozilla/5.0 (Windows NT 10.0; Win64; x64; rv:94.0) Gecko/20100101 Firefox/94.0"
86.101.32.74 - - [04/Nov/2021:21:56:43 +0100] "GET /js/jquery/plugins/fancybox/jquery.fancybox.css HTTP/1.1" 200 1750 "https://controltower.fr/en/skank-o-clock-records/886-yehoud-i-leave-babylon.html" "Mozilla/5.0 (Windows NT 10.0; Win64; x64; rv:94.0) Gecko/20100101 Firefox/94.0"
86.101.32.74 - - [04/Nov/2021:21:56:43 +0100] "GET /themes/theme-HDC/css/modules/blockcart/blockcart.css HTTP/1.1" 200 3243 "https://controltower.fr/en/skank-o-clock-records/886-yehoud-i-leave-babylon.html" "Mozilla/5.0 (Windows NT 10.0; Win64; x64; rv:94.0) Gecko/20100101 Firefox/94.0"
86.101.32.74 - - [04/Nov/2021:21:56:43 +0100] "GET /js/jquery/jquery-migrate-1.2.1.min.js HTTP/1.1" 200 3448 "https://controltower.fr/en/skank-o-clock-records/886-yehoud-i-leave-babylon.html" "Mozilla/5.0 (Windows NT 10.0; Win64; x64; rv:94.0) Gecko/20100101 Firefox/94.0"
86.101.32.74 - - [04/Nov/2021:21:56:43 +0100] "GET /themes/theme-HDC/css/modules/blocklanguages/blocklanguages.css HTTP/1.1" 200 970 "https://controltower.fr/en/skank-o-clock-records/886-yehoud-i-leave-babylon.html" "Mozilla/5.0 (Windows NT 10.0; Win64; x64; rv:94.0) Gecko/20100101 Firefox/94.0"
86.101.32.74 - - [04/Nov/2021:21:56:43 +0100] "GET /themes/theme-HDC/css/modules/blocknewproducts/blocknewproducts.css HTTP/1.1" 200 329 "https://controltower.fr/en/skank-o-clock-records/886-yehoud-i-leave-babylon.html" "Mozilla/5.0 (Windows NT 10.0; Win64; x64; rv:94.0) Gecko/20100101 Firefox/94.0"
86.101.32.74 - - [04/Nov/2021:21:56:43 +0100] "GET /themes/theme-HDC/css/modules/blocksearch/blocksearch.css HTTP/1.1" 200 959 "https://controltower.fr/en/skank-o-clock-records/886-yehoud-i-leave-babylon.html" "Mozilla/5.0 (Windows NT 10.0; Win64; x64; rv:94.0) Gecko/20100101 Firefox/94.0"
86.101.32.74 - - [04/Nov/2021:21:56:43 +0100] "GET /js/jquery/plugins/jquery.easing.js HTTP/1.1" 200 1503 "https://controltower.fr/en/skank-o-clock-records/886-yehoud-i-leave-babylon.html" "Mozilla/5.0 (Windows NT 10.0; Win64; x64; rv:94.0) Gecko/20100101 Firefox/94.0"
86.101.32.74 - - [04/Nov/2021:21:56:43 +0100] "GET /js/tools.js HTTP/1.1" 200 6642 "https://controltower.fr/en/skank-o-clock-records/886-yehoud-i-leave-babylon.html" "Mozilla/5.0 (Windows NT 10.0; Win64; x64; rv:94.0) Gecko/20100101 Firefox/94.0"
86.101.32.74 - - [04/Nov/2021:21:56:43 +0100] "GET /js/jquery/plugins/autocomplete/jquery.autocomplete.css HTTP/1.1" 200 778 "https://controltower.fr/en/skank-o-clock-records/886-yehoud-i-leave-babylon.html" "Mozilla/5.0 (Windows NT 10.0; Win64; x64; rv:94.0) Gecko/20100101 Firefox/94.0"
86.101.32.74 - - [04/Nov/2021:21:56:43 +0100] "GET /themes/theme-HDC/js/global.js HTTP/1.1" 200 4643 "https://controltower.fr/en/skank-o-clock-records/886-yehoud-i-leave-babylon.html" "Mozilla/5.0 (Windows NT 10.0; Win64; x64; rv:94.0) Gecko/20100101 Firefox/94.0"
86.101.32.74 - - [04/Nov/2021:21:56:43 +0100] "GET /themes/theme-HDC/js/autoload/10-bootstrap.min.js HTTP/1.1" 200 7611 "https://controltower.fr/en/skank-o-clock-records/886-yehoud-i-leave-babylon.html" "Mozilla/5.0 (Windows NT 10.0; Win64; x64; rv:94.0) Gecko/20100101 Firefox/94.0"
86.101.32.74 - - [04/Nov/2021:21:56:43 +0100] "GET /themes/theme-HDC/js/autoload/15-jquery.total-storage.min.js HTTP/1.1" 200 1374 "https://controltower.fr/en/skank-o-clock-records/886-yehoud-i-leave-babylon.html" "Mozilla/5.0 (Windows NT 10.0; Win64; x64; rv:94.0) Gecko/20100101 Firefox/94.0"
86.101.32.74 - - [04/Nov/2021:21:56:43 +0100] "GET /js/jquery/plugins/fancybox/jquery.fancybox.js HTTP/1.1" 200 9041 "https://controltower.fr/en/skank-o-clock-records/886-yehoud-i-leave-babylon.html" "Mozilla/5.0 (Windows NT 10.0; Win64; x64; rv:94.0) Gecko/20100101 Firefox/94.0"
86.101.32.74 - - [04/Nov/2021:21:56:43 +0100] "GET /themes/theme-HDC/js/autoload/15-jquery.uniform-modified.js HTTP/1.1" 200 8281 "https://controltower.fr/en/skank-o-clock-records/886-yehoud-i-leave-babylon.html" "Mozilla/5.0 (Windows NT 10.0; Win64; x64; rv:94.0) Gecko/20100101 Firefox/94.0"
86.101.32.74 - - [04/Nov/2021:21:56:43 +0100] "GET /themes/theme-HDC/css/modules/blocktopmenu/css/blocktopmenu.css HTTP/1.1" 200 462 "https://controltower.fr/en/skank-o-clock-records/886-yehoud-i-leave-babylon.html" "Mozilla/5.0 (Windows NT 10.0; Win64; x64; rv:94.0) Gecko/20100101 Firefox/94.0"
86.101.32.74 - - [04/Nov/2021:21:56:43 +0100] "GET /js/jquery/plugins/jquery.idTabs.js HTTP/1.1" 200 1284 "https://controltower.fr/en/skank-o-clock-records/886-yehoud-i-leave-babylon.html" "Mozilla/5.0 (Windows NT 10.0; Win64; x64; rv:94.0) Gecko/20100101 Firefox/94.0"
86.101.32.74 - - [04/Nov/2021:21:56:43 +0100] "GET /js/jquery/plugins/jquery.scrollTo.js HTTP/1.1" 200 1688 "https://controltower.fr/en/skank-o-clock-records/886-yehoud-i-leave-babylon.html" "Mozilla/5.0 (Windows NT 10.0; Win64; x64; rv:94.0) Gecko/20100101 Firefox/94.0"
86.101.32.74 - - [04/Nov/2021:21:56:43 +0100] "GET /themes/theme-HDC/css/modules/blocktopmenu/css/superfish-modified.css HTTP/1.1" 200 1811 "https://controltower.fr/en/skank-o-clock-records/886-yehoud-i-leave-babylon.html" "Mozilla/5.0 (Windows NT 10.0; Win64; x64; rv:94.0) Gecko/20100101 Firefox/94.0"
86.101.32.74 - - [04/Nov/2021:21:56:43 +0100] "GET /js/jquery/plugins/jquery.serialScroll.js HTTP/1.1" 200 1386 "https://controltower.fr/en/skank-o-clock-records/886-yehoud-i-leave-babylon.html" "Mozilla/5.0 (Windows NT 10.0; Win64; x64; rv:94.0) Gecko/20100101 Firefox/94.0"
86.101.32.74 - - [04/Nov/2021:21:56:43 +0100] "GET /themes/theme-HDC/css/modules/blockviewed/blockviewed.css HTTP/1.1" 200 482 "https://controltower.fr/en/skank-o-clock-records/886-yehoud-i-leave-babylon.html" "Mozilla/5.0 (Windows NT 10.0; Win64; x64; rv:94.0) Gecko/20100101 Firefox/94.0"
86.101.32.74 - - [04/Nov/2021:21:56:43 +0100] "GET /themes/theme-HDC/css/modules/homefeatured/homefeatured.css HTTP/1.1" 200 325 "https://controltower.fr/en/skank-o-clock-records/886-yehoud-i-leave-babylon.html" "Mozilla/5.0 (Windows NT 10.0; Win64; x64; rv:94.0) Gecko/20100101 Firefox/94.0"
86.101.32.74 - - [04/Nov/2021:21:56:43 +0100] "GET /js/jquery/plugins/bxslider/jquery.bxslider.js HTTP/1.1" 200 5548 "https://controltower.fr/en/skank-o-clock-records/886-yehoud-i-leave-babylon.html" "Mozilla/5.0 (Windows NT 10.0; Win64; x64; rv:94.0) Gecko/20100101 Firefox/94.0"
86.101.32.74 - - [04/Nov/2021:21:56:43 +0100] "GET /themes/theme-HDC/css/modules/blockwishlist/blockwishlist.css HTTP/1.1" 200 1726 "https://controltower.fr/en/skank-o-clock-records/886-yehoud-i-leave-babylon.html" "Mozilla/5.0 (Windows NT 10.0; Win64; x64; rv:94.0) Gecko/20100101 Firefox/94.0"
86.101.32.74 - - [04/Nov/2021:21:56:43 +0100] "GET /themes/theme-HDC/css/modules/blockuserinfo/blockuserinfo.css HTTP/1.1" 200 627 "https://controltower.fr/en/skank-o-clock-records/886-yehoud-i-leave-babylon.html" "Mozilla/5.0 (Windows NT 10.0; Win64; x64; rv:94.0) Gecko/20100101 Firefox/94.0"
86.101.32.74 - - [04/Nov/2021:21:56:43 +0100] "GET /themes/theme-HDC/js/product.js HTTP/1.1" 200 9725 "https://controltower.fr/en/skank-o-clock-records/886-yehoud-i-leave-babylon.html" "Mozilla/5.0 (Windows NT 10.0; Win64; x64; rv:94.0) Gecko/20100101 Firefox/94.0"
86.101.32.74 - - [04/Nov/2021:21:56:43 +0100] "GET /themes/theme-HDC/js/modules/blockcart/ajax-cart.js HTTP/1.1" 200 8192 "https://controltower.fr/en/skank-o-clock-records/886-yehoud-i-leave-babylon.html" "Mozilla/5.0 (Windows NT 10.0; Win64; x64; rv:94.0) Gecko/20100101 Firefox/94.0"
86.101.32.74 - - [04/Nov/2021:21:56:43 +0100] "GET /themes/theme-HDC/js/tools/treeManagement.js HTTP/1.1" 200 1469 "https://controltower.fr/en/skank-o-clock-records/886-yehoud-i-leave-babylon.html" "Mozilla/5.0 (Windows NT 10.0; Win64; x64; rv:94.0) Gecko/20100101 Firefox/94.0"
86.101.32.74 - - [04/Nov/2021:21:56:43 +0100] "GET /js/jquery/plugins/autocomplete/jquery.autocomplete.js HTTP/1.1" 200 6845 "https://controltower.fr/en/skank-o-clock-records/886-yehoud-i-leave-babylon.html" "Mozilla/5.0 (Windows NT 10.0; Win64; x64; rv:94.0) Gecko/20100101 Firefox/94.0"
86.101.32.74 - - [04/Nov/2021:21:56:44 +0100] "GET /themes/theme-HDC/js/modules/blocksearch/blocksearch.js HTTP/1.1" 200 1836 "https://controltower.fr/en/skank-o-clock-records/886-yehoud-i-leave-babylon.html" "Mozilla/5.0 (Windows NT 10.0; Win64; x64; rv:94.0) Gecko/20100101 Firefox/94.0"
86.101.32.74 - - [04/Nov/2021:21:56:44 +0100] "GET /themes/theme-HDC/js/modules/blocktopmenu/js/hoverIntent.js HTTP/1.1" 200 1954 "https://controltower.fr/en/skank-o-clock-records/886-yehoud-i-leave-babylon.html" "Mozilla/5.0 (Windows NT 10.0; Win64; x64; rv:94.0) Gecko/20100101 Firefox/94.0"
86.101.32.74 - - [04/Nov/2021:21:56:44 +0100] "GET /themes/theme-HDC/js/modules/blocktopmenu/js/superfish-modified.js HTTP/1.1" 200 2678 "https://controltower.fr/en/skank-o-clock-records/886-yehoud-i-leave-babylon.html" "Mozilla/5.0 (Windows NT 10.0; Win64; x64; rv:94.0) Gecko/20100101 Firefox/94.0"
86.101.32.74 - - [04/Nov/2021:21:56:44 +0100] "GET /themes/theme-HDC/js/modules/blocktopmenu/js/blocktopmenu.js HTTP/1.1" 200 1841 "https://controltower.fr/en/skank-o-clock-records/886-yehoud-i-leave-babylon.html" "Mozilla/5.0 (Windows NT 10.0; Win64; x64; rv:94.0) Gecko/20100101 Firefox/94.0"
86.101.32.74 - - [04/Nov/2021:21:56:44 +0100] "GET /themes/theme-HDC/js/modules/blockwishlist/js/ajax-wishlist.js HTTP/1.1" 200 3507 "https://controltower.fr/en/skank-o-clock-records/886-yehoud-i-leave-babylon.html" "Mozilla/5.0 (Windows NT 10.0; Win64; x64; rv:94.0) Gecko/20100101 Firefox/94.0"
86.101.32.74 - - [04/Nov/2021:21:56:44 +0100] "GET /modules/productaudioplaylistplugin/views/js/mediaelement-and-player2230.js HTTP/1.1" 200 44091 "https://controltower.fr/en/skank-o-clock-records/886-yehoud-i-leave-babylon.html" "Mozilla/5.0 (Windows NT 10.0; Win64; x64; rv:94.0) Gecko/20100101 Firefox/94.0"
86.101.32.74 - - [04/Nov/2021:21:56:44 +0100] "GET /modules/productaudioplaylistplugin/views/js/playerload.js HTTP/1.1" 200 1277 "https://controltower.fr/en/skank-o-clock-records/886-yehoud-i-leave-babylon.html" "Mozilla/5.0 (Windows NT 10.0; Win64; x64; rv:94.0) Gecko/20100101 Firefox/94.0"
86.101.32.74 - - [04/Nov/2021:21:56:44 +0100] "GET /modules/productaudioplaylistplugin/views/js/mep-feature-playlist.js HTTP/1.1" 200 2758 "https://controltower.fr/en/skank-o-clock-records/886-yehoud-i-leave-babylon.html" "Mozilla/5.0 (Windows NT 10.0; Win64; x64; rv:94.0) Gecko/20100101 Firefox/94.0"
86.101.32.74 - - [04/Nov/2021:21:56:44 +0100] "GET /modules/productaudioplaylistplugin/views/js/playersize.js HTTP/1.1" 200 970 "https://controltower.fr/en/skank-o-clock-records/886-yehoud-i-leave-babylon.html" "Mozilla/5.0 (Windows NT 10.0; Win64; x64; rv:94.0) Gecko/20100101 Firefox/94.0"
86.101.32.74 - - [04/Nov/2021:21:56:44 +0100] "GET /modules/eicaptcha/views/js/eicaptcha-modules.js HTTP/1.1" 200 1011 "https://controltower.fr/en/skank-o-clock-records/886-yehoud-i-leave-babylon.html" "Mozilla/5.0 (Windows NT 10.0; Win64; x64; rv:94.0) Gecko/20100101 Firefox/94.0"
86.101.32.74 - - [04/Nov/2021:21:56:44 +0100] "GET /themes/theme-HDC/js/jquery.lazy.min.js HTTP/1.1" 200 2716 "https://controltower.fr/en/skank-o-clock-records/886-yehoud-i-leave-babylon.html" "Mozilla/5.0 (Windows NT 10.0; Win64; x64; rv:94.0) Gecko/20100101 Firefox/94.0"
86.101.32.74 - - [04/Nov/2021:21:56:44 +0100] "GET /themes/theme-HDC/js/fancybox.js HTTP/1.1" 200 9028 "https://controltower.fr/en/skank-o-clock-records/886-yehoud-i-leave-babylon.html" "Mozilla/5.0 (Windows NT 10.0; Win64; x64; rv:94.0) Gecko/20100101 Firefox/94.0"
86.101.32.74 - - [04/Nov/2021:21:56:44 +0100] "GET /themes/theme-HDC/css/print.css HTTP/1.1" 200 987 "https://controltower.fr/en/skank-o-clock-records/886-yehoud-i-leave-babylon.html" "Mozilla/5.0 (Windows NT 10.0; Win64; x64; rv:94.0) Gecko/20100101 Firefox/94.0"
86.101.32.74 - - [04/Nov/2021:21:56:44 +0100] "GET /js/jquery/jquery-1.11.0.min.js HTTP/1.1" 200 33843 "https://controltower.fr/en/skank-o-clock-records/886-yehoud-i-leave-babylon.html" "Mozilla/5.0 (Windows NT 10.0; Win64; x64; rv:94.0) Gecko/20100101 Firefox/94.0"
85.201.206.92 - - [04/Nov/2021:21:56:41 +0100] "GET /fr/commande HTTP/1.1" 200 12182 "https://controltower.fr/fr/jah-works-promotion/2755-king-stanley-ruff-ting.html" "Mozilla/5.0 (Windows NT 10.0; Win64; x64) AppleWebKit/537.36 (KHTML, like Gecko) Chrome/95.0.4638.69 Safari/537.36"
86.101.32.74 - - [04/Nov/2021:21:56:44 +0100] "GET /themes/theme-HDC/images/bckplus.png HTTP/1.1" 200 468 "https://controltower.fr/themes/theme-HDC/css/style-hdc.css" "Mozilla/5.0 (Windows NT 10.0; Win64; x64; rv:94.0) Gecko/20100101 Firefox/94.0"
86.101.32.74 - - [04/Nov/2021:21:56:44 +0100] "GET /themes/theme-HDC/img/footer-bg.png HTTP/1.1" 200 362 "https://controltower.fr/themes/theme-HDC/css/global.css" "Mozilla/5.0 (Windows NT 10.0; Win64; x64; rv:94.0) Gecko/20100101 Firefox/94.0"
86.101.32.74 - - [04/Nov/2021:21:56:44 +0100] "GET /2191-cart_default/yehoud-i-leave-babylon.jpg HTTP/1.1" 200 8786 "https://controltower.fr/" "Mozilla/5.0 (Windows NT 10.0; Win64; x64; rv:94.0) Gecko/20100101 Firefox/94.0"
86.101.32.74 - - [04/Nov/2021:21:56:44 +0100] "GET /2190-cart_default/yehoud-i-leave-babylon.jpg HTTP/1.1" 200 8766 "https://controltower.fr/" "Mozilla/5.0 (Windows NT 10.0; Win64; x64; rv:94.0) Gecko/20100101 Firefox/94.0"
86.101.32.74 - - [04/Nov/2021:21:56:44 +0100] "GET /themes/theme-HDC/images/background-control-tower.png HTTP/1.1" 200 208794 "https://controltower.fr/themes/theme-HDC/css/global.css" "Mozilla/5.0 (Windows NT 10.0; Win64; x64; rv:94.0) Gecko/20100101 Firefox/94.0"
86.101.32.74 - - [04/Nov/2021:21:56:44 +0100] "GET /themes/theme-HDC/fonts/fontawesome-webfont.woff2?v=4.3.0 HTTP/1.1" 200 57151 "https://controltower.fr/themes/theme-HDC/css/global.css" "Mozilla/5.0 (Windows NT 10.0; Win64; x64; rv:94.0) Gecko/20100101 Firefox/94.0"
86.101.32.74 - - [04/Nov/2021:21:56:44 +0100] "GET /themes/theme-HDC/img/jquery/uniform/sprite.png HTTP/1.1" 200 2249 "https://controltower.fr/themes/theme-HDC/css/autoload/uniform.default.css" "Mozilla/5.0 (Windows NT 10.0; Win64; x64; rv:94.0) Gecko/20100101 Firefox/94.0"
86.101.32.74 - - [04/Nov/2021:21:56:44 +0100] "GET //modules/paypal/express_checkout/ajax.php?get_qty=1&id_product=886&id_product_attribute=950&_=1636059403472 HTTP/1.1" 200 226 "https://controltower.fr/en/skank-o-clock-records/886-yehoud-i-leave-babylon.html" "Mozilla/5.0 (Windows NT 10.0; Win64; x64; rv:94.0) Gecko/20100101 Firefox/94.0"
86.101.32.74 - - [04/Nov/2021:21:56:44 +0100] "GET /en/skank-o-clock-records/886-yehoud-i-leave-babylon.html HTTP/1.1" 200 9363 "https://controltower.fr/en/skank-o-clock-records/886-yehoud-i-leave-babylon.html" "Mozilla/5.0 (Windows NT 10.0; Win64; x64; rv:94.0) Gecko/20100101 Firefox/94.0"
86.101.32.74 - - [04/Nov/2021:21:56:44 +0100] "GET /img/control-tower-records-logo-1453128870.jpg HTTP/1.1" 200 29927 "https://controltower.fr/" "Mozilla/5.0 (Windows NT 10.0; Win64; x64; rv:94.0) Gecko/20100101 Firefox/94.0"
86.101.32.74 - - [04/Nov/2021:21:56:44 +0100] "GET /img/favicon.ico?1562658293 HTTP/1.1" 200 1189 "https://controltower.fr/en/skank-o-clock-records/886-yehoud-i-leave-babylon.html" "Mozilla/5.0 (Windows NT 10.0; Win64; x64; rv:94.0) Gecko/20100101 Firefox/94.0"
86.101.32.74 - - [04/Nov/2021:21:56:45 +0100] "GET /2190-large_default/yehoud-i-leave-babylon.jpg HTTP/1.1" 200 51986 "https://controltower.fr/" "Mozilla/5.0 (Windows NT 10.0; Win64; x64; rv:94.0) Gecko/20100101 Firefox/94.0"
86.101.32.74 - - [04/Nov/2021:21:56:45 +0100] "GET //modules/paypal/express_checkout/ajax.php?get_qty=1&id_product=886&id_product_attribute=950&_=1636059403473 HTTP/1.1" 200 226 "https://controltower.fr/en/skank-o-clock-records/886-yehoud-i-leave-babylon.html" "Mozilla/5.0 (Windows NT 10.0; Win64; x64; rv:94.0) Gecko/20100101 Firefox/94.0"
85.201.206.92 - - [04/Nov/2021:21:56:44 +0100] "GET /fr/commande HTTP/1.1" 200 11600 "https://controltower.fr/fr/commande" "Mozilla/5.0 (Windows NT 10.0; Win64; x64) AppleWebKit/537.36 (KHTML, like Gecko) Chrome/95.0.4638.69 Safari/537.36"
85.201.206.92 - - [04/Nov/2021:21:56:47 +0100] "GET /fr/vibes-creator/3048-king-stanley-jah-give-us-the-power.html HTTP/1.1" 200 11864 "https://controltower.fr/fr/commande" "Mozilla/5.0 (Windows NT 10.0; Win64; x64) AppleWebKit/537.36 (KHTML, like Gecko) Chrome/95.0.4638.69 Safari/537.36"
85.201.206.92 - - [04/Nov/2021:21:56:49 +0100] "GET /fr/vibes-creator/3048-king-stanley-jah-give-us-the-power.html HTTP/1.1" 200 12445 "https://controltower.fr/fr/commande" "Mozilla/5.0 (Windows NT 10.0; Win64; x64) AppleWebKit/537.36 (KHTML, like Gecko) Chrome/95.0.4638.69 Safari/537.36"
85.201.206.92 - - [04/Nov/2021:21:56:52 +0100] "GET //modules/paypal/express_checkout/ajax.php?get_qty=1&id_product=3048&id_product_attribute=3108&_=1636059414222 HTTP/1.1" 200 807 "https://controltower.fr/fr/vibes-creator/3048-king-stanley-jah-give-us-the-power.html" "Mozilla/5.0 (Windows NT 10.0; Win64; x64) AppleWebKit/537.36 (KHTML, like Gecko) Chrome/95.0.4638.69 Safari/537.36"
85.201.206.92 - - [04/Nov/2021:21:56:52 +0100] "GET //modules/paypal/express_checkout/ajax.php?get_qty=1&id_product=3048&id_product_attribute=3108&_=1636059414223 HTTP/1.1" 200 226 "https://controltower.fr/fr/vibes-creator/3048-king-stanley-jah-give-us-the-power.html" "Mozilla/5.0 (Windows NT 10.0; Win64; x64) AppleWebKit/537.36 (KHTML, like Gecko) Chrome/95.0.4638.69 Safari/537.36"
216.244.66.226 - - [04/Nov/2021:21:56:52 +0100] "GET /zikmu/LC005_d.mp3 HTTP/1.1" 301 4932 "-" "Mozilla/5.0 (compatible; DotBot/1.2; +https://opensiteexplorer.org/dotbot; help@moz.com)"
176.156.222.110 - - [04/Nov/2021:21:56:53 +0100] "POST /admincontrol/ajax.php?rand=1636059407579 HTTP/1.1" 200 932 "https://controltower.fr/admincontrol/index.php?controller=AdminEnvoiMoinsCher&id_order=8856&option=send&token=27d7475b073347ae85ef86e2e2b9fb80" "Mozilla/5.0 (Windows NT 6.1; Win64; x64) AppleWebKit/537.36 (KHTML, like Gecko) Chrome/95.0.4638.69 Safari/537.36"
85.201.206.92 - - [04/Nov/2021:21:56:52 +0100] "GET /fr/vibes-creator/3048-king-stanley-jah-give-us-the-power.html HTTP/1.1" 200 10977 "https://controltower.fr/fr/vibes-creator/3048-king-stanley-jah-give-us-the-power.html" "Mozilla/5.0 (Windows NT 10.0; Win64; x64) AppleWebKit/537.36 (KHTML, like Gecko) Chrome/95.0.4638.69 Safari/537.36"
54.36.149.60 - - [04/Nov/2021:21:56:54 +0100] "GET /fr/reel-heavy-music/442-mystic-radics-nation-wide-original-vocal-vocal.html HTTP/1.1" 200 15520 "-" "Mozilla/5.0 (compatible; AhrefsBot/7.0; +http://ahrefs.com/robot/)"
86.101.32.74 - - [04/Nov/2021:21:56:55 +0100] "GET /2190-thickbox_default/yehoud-i-leave-babylon.jpg HTTP/1.1" 200 104140 "https://controltower.fr/" "Mozilla/5.0 (Windows NT 10.0; Win64; x64; rv:94.0) Gecko/20100101 Firefox/94.0"
86.101.32.74 - - [04/Nov/2021:21:56:55 +0100] "GET /themes/theme-HDC/css/fancybox_sprite.png HTTP/1.1" 200 3634 "https://controltower.fr/themes/theme-HDC/css/fancybox.css" "Mozilla/5.0 (Windows NT 10.0; Win64; x64; rv:94.0) Gecko/20100101 Firefox/94.0"
86.101.32.74 - - [04/Nov/2021:21:56:55 +0100] "GET /themes/theme-HDC/css/fancybox_overlay.png HTTP/1.1" 200 1176 "https://controltower.fr/themes/theme-HDC/css/fancybox.css" "Mozilla/5.0 (Windows NT 10.0; Win64; x64; rv:94.0) Gecko/20100101 Firefox/94.0"
86.101.32.74 - - [04/Nov/2021:21:56:55 +0100] "GET /themes/theme-HDC/css/fancybox_loading.gif HTTP/1.1" 404 1946 "https://controltower.fr/themes/theme-HDC/css/fancybox.css" "Mozilla/5.0 (Windows NT 10.0; Win64; x64; rv:94.0) Gecko/20100101 Firefox/94.0"
86.101.32.74 - - [04/Nov/2021:21:56:55 +0100] "GET /2191-thickbox_default/yehoud-i-leave-babylon.jpg HTTP/1.1" 200 102892 "https://controltower.fr/" "Mozilla/5.0 (Windows NT 10.0; Win64; x64; rv:94.0) Gecko/20100101 Firefox/94.0"
54.36.148.223 - - [04/Nov/2021:21:56:55 +0100] "GET /1365-cart_default/rod-taylor-keep-shining.jpg HTTP/1.1" 200 8234 "-" "Mozilla/5.0 (compatible; AhrefsBot/7.0; +http://ahrefs.com/robot/)"
216.244.66.226 - - [04/Nov/2021:21:57:03 +0100] "GET /zikmu/RR726_a.mp3 HTTP/1.1" 301 4932 "-" "Mozilla/5.0 (compatible; DotBot/1.2; +https://opensiteexplorer.org/dotbot; help@moz.com)"
176.156.222.110 - - [04/Nov/2021:21:57:09 +0100] "POST /admincontrol/ajax.php?rand=1636059423581 HTTP/1.1" 200 932 "https://controltower.fr/admincontrol/index.php?controller=AdminProducts&token=c2d067f3456da21c5a4b065fb6365bbc&conf=5" "Mozilla/5.0 (Windows NT 6.1; Win64; x64) AppleWebKit/537.36 (KHTML, like Gecko) Chrome/95.0.4638.69 Safari/537.36"
216.244.66.226 - - [04/Nov/2021:21:57:11 +0100] "GET /1481-thickbox_default/cornell-campbell-perilous-time.jpg HTTP/1.1" 200 115680 "-" "Mozilla/5.0 (compatible; DotBot/1.2; +https://opensiteexplorer.org/dotbot; help@moz.com)"
176.156.222.110 - - [04/Nov/2021:21:57:17 +0100] "POST /admincontrol/ajax.php?rand=1636059431579 HTTP/1.1" 200 932 "https://controltower.fr/admincontrol/index.php?controller=AdminDashboard&token=c282dec7df001df68582fc635ae6dc7c" "Mozilla/5.0 (Windows NT 6.1; Win64; x64) AppleWebKit/537.36 (KHTML, like Gecko) Chrome/95.0.4638.69 Safari/537.36"
216.244.66.226 - - [04/Nov/2021:21:57:20 +0100] "GET /2274-thickbox_default/derrick-parker-gon-pon-top.jpg HTTP/1.1" 200 129637 "-" "Mozilla/5.0 (compatible; DotBot/1.2; +https://opensiteexplorer.org/dotbot; help@moz.com)"
216.244.66.226 - - [04/Nov/2021:21:57:27 +0100] "GET /2920-thickbox_default/ashanti-selah-think-twice.jpg HTTP/1.1" 200 114785 "-" "Mozilla/5.0 (compatible; DotBot/1.2; +https://opensiteexplorer.org/dotbot; help@moz.com)"
85.201.206.92 - - [04/Nov/2021:21:57:26 +0100] "POST /?rand=1636059449057 HTTP/1.1" 200 1660 "https://controltower.fr/fr/commande" "Mozilla/5.0 (Windows NT 10.0; Win64; x64) AppleWebKit/537.36 (KHTML, like Gecko) Chrome/95.0.4638.69 Safari/537.36"
157.55.39.140 - - [04/Nov/2021:21:57:32 +0100] "GET /fr/index.php?id_product=466&controller=product HTTP/1.1" 301 5173 "-" "Mozilla/5.0 (compatible; bingbot/2.0; +http://www.bing.com/bingbot.htm)"
216.244.66.226 - - [04/Nov/2021:21:57:33 +0100] "GET /3354-thickbox_default/jacin-mystic-move-ep.jpg HTTP/1.1" 200 97631 "-" "Mozilla/5.0 (compatible; DotBot/1.2; +https://opensiteexplorer.org/dotbot; help@moz.com)"
157.55.39.111 - - [04/Nov/2021:21:57:37 +0100] "GET /fr/dub-vision/2331-hitman-fiza-braveheart.html HTTP/1.1" 200 14778 "-" "Mozilla/5.0 (compatible; bingbot/2.0; +http://www.bing.com/bingbot.htm)"
54.36.148.246 - - [04/Nov/2021:21:57:39 +0100] "GET /1366-cart_default/rod-taylor-keep-shining.jpg HTTP/1.1" 200 8208 "-" "Mozilla/5.0 (compatible; AhrefsBot/7.0; +http://ahrefs.com/robot/)"
216.244.66.226 - - [04/Nov/2021:21:57:39 +0100] "GET /5065-thickbox_default/mighty-trees-rasta-business.jpg HTTP/1.1" 200 103431 "-" "Mozilla/5.0 (compatible; DotBot/1.2; +https://opensiteexplorer.org/dotbot; help@moz.com)"
17.121.114.115 - - [04/Nov/2021:21:57:39 +0100] "GET /fr/indica-dubs/2634-eva-keyes-a-place-called-home.html HTTP/1.1" 200 14604 "-" "Mozilla/5.0 (Macintosh; Intel Mac OS X 10_15_5) AppleWebKit/605.1.15 (KHTML, like Gecko) Version/13.1.1 Safari/605.1.15 (Applebot/0.1; +http://www.apple.com/go/applebot)"
216.244.66.226 - - [04/Nov/2021:21:57:43 +0100] "GET /2554-thickbox_default/winston-fergus-at-king-earthquake-studio.jpg HTTP/1.1" 200 126722 "-" "Mozilla/5.0 (compatible; DotBot/1.2; +https://opensiteexplorer.org/dotbot; help@moz.com)"
85.201.206.92 - - [04/Nov/2021:21:57:46 +0100] "-" 408 559 "-" "-"
93.10.241.158 - - [04/Nov/2021:21:57:46 +0100] "GET / HTTP/1.1" 301 5599 "-" "Mozilla/5.0 (iPhone; CPU iPhone OS 13_1_1 like Mac OS X) AppleWebKit/605.1.15 (KHTML, like Gecko) Version/13.0.1 Mobile/15E148 Safari/604.1"
216.244.66.226 - - [04/Nov/2021:21:57:47 +0100] "GET /2592-thickbox_default/rootikal-in-the-vaults-at-midnight-rock.jpg HTTP/1.1" 200 151263 "-" "Mozilla/5.0 (compatible; DotBot/1.2; +https://opensiteexplorer.org/dotbot; help@moz.com)"
66.249.66.19 - - [04/Nov/2021:21:57:49 +0100] "GET /706-cart_default/daba-makourejah-yermende.jpg HTTP/1.1" 200 8212 "-" "Googlebot-Image/1.0"
216.244.66.226 - - [04/Nov/2021:21:57:51 +0100] "GET /3186-thickbox_default/michael-exodus-step-it-up.jpg HTTP/1.1" 200 99803 "-" "Mozilla/5.0 (compatible; DotBot/1.2; +https://opensiteexplorer.org/dotbot; help@moz.com)"
85.201.206.92 - - [04/Nov/2021:21:57:50 +0100] "GET /fr/vibes-creator/3048-king-stanley-jah-give-us-the-power.html HTTP/1.1" 200 11557 "https://controltower.fr/fr/commande" "Mozilla/5.0 (Windows NT 10.0; Win64; x64) AppleWebKit/537.36 (KHTML, like Gecko) Chrome/95.0.4638.69 Safari/537.36"
85.201.206.92 - - [04/Nov/2021:21:57:53 +0100] "GET //modules/paypal/express_checkout/ajax.php?get_qty=1&id_product=3048&id_product_attribute=3108&_=1636059475822 HTTP/1.1" 200 807 "https://controltower.fr/fr/vibes-creator/3048-king-stanley-jah-give-us-the-power.html" "Mozilla/5.0 (Windows NT 10.0; Win64; x64) AppleWebKit/537.36 (KHTML, like Gecko) Chrome/95.0.4638.69 Safari/537.36"
85.201.206.92 - - [04/Nov/2021:21:57:54 +0100] "GET //modules/paypal/express_checkout/ajax.php?get_qty=1&id_product=3048&id_product_attribute=3108&_=1636059475823 HTTP/1.1" 200 226 "https://controltower.fr/fr/vibes-creator/3048-king-stanley-jah-give-us-the-power.html" "Mozilla/5.0 (Windows NT 10.0; Win64; x64) AppleWebKit/537.36 (KHTML, like Gecko) Chrome/95.0.4638.69 Safari/537.36"
216.244.66.226 - - [04/Nov/2021:21:57:54 +0100] "GET /3678-thickbox_default/kai-dub-meets-king-alpha-the-alchemist.jpg HTTP/1.1" 404 5998 "-" "Mozilla/5.0 (compatible; DotBot/1.2; +https://opensiteexplorer.org/dotbot; help@moz.com)"
54.36.149.5 - - [04/Nov/2021:21:57:55 +0100] "GET /en/blackboard-jungle/93-khayo-ben-yahmeen-top-ranking.html HTTP/1.1" 200 14991 "-" "Mozilla/5.0 (compatible; AhrefsBot/7.0; +http://ahrefs.com/robot/)"
85.201.206.92 - - [04/Nov/2021:21:57:53 +0100] "GET /fr/vibes-creator/3048-king-stanley-jah-give-us-the-power.html HTTP/1.1" 200 10977 "https://controltower.fr/fr/vibes-creator/3048-king-stanley-jah-give-us-the-power.html" "Mozilla/5.0 (Windows NT 10.0; Win64; x64) AppleWebKit/537.36 (KHTML, like Gecko) Chrome/95.0.4638.69 Safari/537.36"
216.244.66.226 - - [04/Nov/2021:21:57:57 +0100] "GET /5692-thickbox_default/disciples-african-odyssey.jpg HTTP/1.1" 200 103482 "-" "Mozilla/5.0 (compatible; DotBot/1.2; +https://opensiteexplorer.org/dotbot; help@moz.com)"
81.185.167.218 - - [04/Nov/2021:21:58:00 +0100] "POST /?rand=1636059480350 HTTP/1.1" 200 1048 "https://controltower.fr/fr/" "Mozilla/5.0 (Windows NT 10.0; Win64; x64) AppleWebKit/537.36 (KHTML, like Gecko) Chrome/95.0.4638.69 Safari/537.36"
216.244.66.226 - - [04/Nov/2021:21:58:01 +0100] "GET /en/falasha-recordings/1368-blood-shanti-the-shanti-ites-gain-knowledge-and-wisdom.html HTTP/1.1" 301 5009 "-" "Mozilla/5.0 (compatible; DotBot/1.2; +https://opensiteexplorer.org/dotbot; help@moz.com)"
85.201.206.92 - - [04/Nov/2021:21:58:00 +0100] "POST /?rand=1636059482896 HTTP/1.1" 200 1079 "https://controltower.fr/fr/commande" "Mozilla/5.0 (Windows NT 10.0; Win64; x64) AppleWebKit/537.36 (KHTML, like Gecko) Chrome/95.0.4638.69 Safari/537.36"
216.244.66.226 - - [04/Nov/2021:21:58:04 +0100] "GET /fr/bent-back-records/1539-devon-clarke-call-me-bobo-saw.html HTTP/1.1" 301 4990 "-" "Mozilla/5.0 (compatible; DotBot/1.2; +https://opensiteexplorer.org/dotbot; help@moz.com)"
216.244.66.226 - - [04/Nov/2021:21:58:07 +0100] "GET /fr/dubkasm/374-dubkasm-victory-mala-remix.html HTTP/1.1" 301 4983 "-" "Mozilla/5.0 (compatible; DotBot/1.2; +https://opensiteexplorer.org/dotbot; help@moz.com)"
216.244.66.226 - - [04/Nov/2021:21:58:09 +0100] "GET /fr/yi-mas-gan-records/2501-tena-stelin-centry-clean-up-the-world.html HTTP/1.1" 200 39923 "-" "Mozilla/5.0 (compatible; DotBot/1.2; +https://opensiteexplorer.org/dotbot; help@moz.com)"
85.201.206.92 - - [04/Nov/2021:21:58:08 +0100] "GET /fr/jah-works-promotion/2755-king-stanley-ruff-ting.html HTTP/1.1" 200 11539 "https://controltower.fr/fr/commande" "Mozilla/5.0 (Windows NT 10.0; Win64; x64) AppleWebKit/537.36 (KHTML, like Gecko) Chrome/95.0.4638.69 Safari/537.36"
85.201.206.92 - - [04/Nov/2021:21:58:11 +0100] "GET //modules/paypal/express_checkout/ajax.php?get_qty=1&id_product=2755&id_product_attribute=2817&_=1636059493877 HTTP/1.1" 200 807 "https://controltower.fr/fr/jah-works-promotion/2755-king-stanley-ruff-ting.html" "Mozilla/5.0 (Windows NT 10.0; Win64; x64) AppleWebKit/537.36 (KHTML, like Gecko) Chrome/95.0.4638.69 Safari/537.36"
216.244.66.226 - - [04/Nov/2021:21:58:11 +0100] "GET /en/noble-chanters-productions/3037-rapha-pico-the-noble-chanters-continue-the-glory.html HTTP/1.1" 200 41278 "-" "Mozilla/5.0 (compatible; DotBot/1.2; +https://opensiteexplorer.org/dotbot; help@moz.com)"
85.201.206.92 - - [04/Nov/2021:21:58:12 +0100] "GET //modules/paypal/express_checkout/ajax.php?get_qty=1&id_product=2755&id_product_attribute=2817&_=1636059493878 HTTP/1.1" 200 226 "https://controltower.fr/fr/jah-works-promotion/2755-king-stanley-ruff-ting.html" "Mozilla/5.0 (Windows NT 10.0; Win64; x64) AppleWebKit/537.36 (KHTML, like Gecko) Chrome/95.0.4638.69 Safari/537.36"
85.201.206.92 - - [04/Nov/2021:21:58:11 +0100] "GET /fr/jah-works-promotion/2755-king-stanley-ruff-ting.html HTTP/1.1" 200 10958 "https://controltower.fr/fr/jah-works-promotion/2755-king-stanley-ruff-ting.html" "Mozilla/5.0 (Windows NT 10.0; Win64; x64) AppleWebKit/537.36 (KHTML, like Gecko) Chrome/95.0.4638.69 Safari/537.36"
85.201.206.92 - - [04/Nov/2021:21:58:15 +0100] "POST /?rand=1636059497677 HTTP/1.1" 200 1079 "https://controltower.fr/fr/commande" "Mozilla/5.0 (Windows NT 10.0; Win64; x64) AppleWebKit/537.36 (KHTML, like Gecko) Chrome/95.0.4638.69 Safari/537.36"
81.185.167.218 - - [04/Nov/2021:21:58:19 +0100] "-" 408 559 "-" "-"
81.185.167.218 - - [04/Nov/2021:21:58:20 +0100] "GET /7399-home_default/bunnington-judah-ruff-out-ya.jpg HTTP/1.1" 200 17077 "https://controltower.fr/" "Mozilla/5.0 (Windows NT 10.0; Win64; x64) AppleWebKit/537.36 (KHTML, like Gecko) Chrome/95.0.4638.69 Safari/537.36"
81.185.167.218 - - [04/Nov/2021:21:58:20 +0100] "GET /7396-home_default/danny-red-we-a-roots-sama-renuka-sacred-woman.jpg HTTP/1.1" 200 11349 "https://controltower.fr/" "Mozilla/5.0 (Windows NT 10.0; Win64; x64) AppleWebKit/537.36 (KHTML, like Gecko) Chrome/95.0.4638.69 Safari/537.36"
81.185.167.218 - - [04/Nov/2021:21:58:20 +0100] "GET /7401-home_default/irie-nanara-blame.jpg HTTP/1.1" 200 14768 "https://controltower.fr/" "Mozilla/5.0 (Windows NT 10.0; Win64; x64) AppleWebKit/537.36 (KHTML, like Gecko) Chrome/95.0.4638.69 Safari/537.36"
81.185.167.218 - - [04/Nov/2021:21:58:20 +0100] "GET /7390-home_default/black-roots-release-the-food.jpg HTTP/1.1" 200 19840 "https://controltower.fr/" "Mozilla/5.0 (Windows NT 10.0; Win64; x64) AppleWebKit/537.36 (KHTML, like Gecko) Chrome/95.0.4638.69 Safari/537.36"
81.185.167.218 - - [04/Nov/2021:21:58:20 +0100] "GET /7387-home_default/black-roots-all-day-all-night.jpg HTTP/1.1" 200 25366 "https://controltower.fr/" "Mozilla/5.0 (Windows NT 10.0; Win64; x64) AppleWebKit/537.36 (KHTML, like Gecko) Chrome/95.0.4638.69 Safari/537.36"
81.185.167.218 - - [04/Nov/2021:21:58:20 +0100] "GET /7385-home_default/papa-san-political-clown.jpg HTTP/1.1" 200 24697 "https://controltower.fr/" "Mozilla/5.0 (Windows NT 10.0; Win64; x64) AppleWebKit/537.36 (KHTML, like Gecko) Chrome/95.0.4638.69 Safari/537.36"
81.185.167.218 - - [04/Nov/2021:21:58:21 +0100] "GET /7382-home_default/shako-lee-none-a-jah-jah-children.jpg HTTP/1.1" 200 18820 "https://controltower.fr/" "Mozilla/5.0 (Windows NT 10.0; Win64; x64) AppleWebKit/537.36 (KHTML, like Gecko) Chrome/95.0.4638.69 Safari/537.36"
81.185.167.218 - - [04/Nov/2021:21:58:21 +0100] "GET /7379-home_default/ranking-joe-killademic.jpg HTTP/1.1" 200 17742 "https://controltower.fr/" "Mozilla/5.0 (Windows NT 10.0; Win64; x64) AppleWebKit/537.36 (KHTML, like Gecko) Chrome/95.0.4638.69 Safari/537.36"
81.185.167.218 - - [04/Nov/2021:21:58:21 +0100] "GET /7363-home_default/pupa-jim-feat-dub-kazman-i-need-a-map.jpg HTTP/1.1" 200 14494 "https://controltower.fr/" "Mozilla/5.0 (Windows NT 10.0; Win64; x64) AppleWebKit/537.36 (KHTML, like Gecko) Chrome/95.0.4638.69 Safari/537.36"
81.185.167.218 - - [04/Nov/2021:21:58:21 +0100] "GET /7361-home_default/lone-ark-meets-the-18th-parallel-defend.jpg HTTP/1.1" 200 16765 "https://controltower.fr/" "Mozilla/5.0 (Windows NT 10.0; Win64; x64) AppleWebKit/537.36 (KHTML, like Gecko) Chrome/95.0.4638.69 Safari/537.36"
81.185.167.218 - - [04/Nov/2021:21:58:22 +0100] "GET /7369-home_default/natty-militant-cultural-sound-band-mankind.jpg HTTP/1.1" 200 20503 "https://controltower.fr/" "Mozilla/5.0 (Windows NT 10.0; Win64; x64) AppleWebKit/537.36 (KHTML, like Gecko) Chrome/95.0.4638.69 Safari/537.36"
81.185.167.218 - - [04/Nov/2021:21:58:22 +0100] "GET /7358-home_default/dubbing-sun-hailjah-evilman.jpg HTTP/1.1" 200 17380 "https://controltower.fr/" "Mozilla/5.0 (Windows NT 10.0; Win64; x64) AppleWebKit/537.36 (KHTML, like Gecko) Chrome/95.0.4638.69 Safari/537.36"
176.156.222.110 - - [04/Nov/2021:21:58:23 +0100] "POST /admincontrol/ajax.php?rand=1636059498371 HTTP/1.1" 200 932 "https://controltower.fr/admincontrol/index.php?controller=AdminOrders&id_order=6564&vieworder&token=e792fee3cdafab3e973b81a1e80cd388" "Mozilla/5.0 (Windows NT 6.1; Win64; x64; rv:93.0) Gecko/20100101 Firefox/93.0"
66.249.66.9 - - [04/Nov/2021:21:58:24 +0100] "GET /en/20-control-tower-records HTTP/1.1" 200 14646 "-" "Mozilla/5.0 (Linux; Android 6.0.1; Nexus 5X Build/MMB29P) AppleWebKit/537.36 (KHTML, like Gecko) Chrome/95.0.4638.69 Mobile Safari/537.36 (compatible; Googlebot/2.1; +http://www.google.com/bot.html)"
81.185.167.218 - - [04/Nov/2021:21:58:24 +0100] "GET /7356-home_default/neville-grooves-mark-solution-works.jpg HTTP/1.1" 200 18869 "https://controltower.fr/" "Mozilla/5.0 (Windows NT 10.0; Win64; x64) AppleWebKit/537.36 (KHTML, like Gecko) Chrome/95.0.4638.69 Safari/537.36"
81.185.167.218 - - [04/Nov/2021:21:58:24 +0100] "GET /7352-home_default/the-bush-chemists-light-up-your-chalice.jpg HTTP/1.1" 200 17169 "https://controltower.fr/" "Mozilla/5.0 (Windows NT 10.0; Win64; x64) AppleWebKit/537.36 (KHTML, like Gecko) Chrome/95.0.4638.69 Safari/537.36"
81.185.167.218 - - [04/Nov/2021:21:58:24 +0100] "GET /7350-home_default/wayne-mcarthur-revelation-2000.jpg HTTP/1.1" 200 21599 "https://controltower.fr/" "Mozilla/5.0 (Windows NT 10.0; Win64; x64) AppleWebKit/537.36 (KHTML, like Gecko) Chrome/95.0.4638.69 Safari/537.36"
81.185.167.218 - - [04/Nov/2021:21:58:24 +0100] "GET /7348-home_default/mystic-warrior-meets-dan-i-locks-wicked-babylon.jpg HTTP/1.1" 200 19339 "https://controltower.fr/" "Mozilla/5.0 (Windows NT 10.0; Win64; x64) AppleWebKit/537.36 (KHTML, like Gecko) Chrome/95.0.4638.69 Safari/537.36"
81.185.167.218 - - [04/Nov/2021:21:58:24 +0100] "GET /7346-home_default/stand-high-patrol-a-matter-of-scale.jpg HTTP/1.1" 200 25641 "https://controltower.fr/" "Mozilla/5.0 (Windows NT 10.0; Win64; x64) AppleWebKit/537.36 (KHTML, like Gecko) Chrome/95.0.4638.69 Safari/537.36"
81.185.167.218 - - [04/Nov/2021:21:58:24 +0100] "GET /7341-home_default/danny-red-jah-family-lost-world.jpg HTTP/1.1" 200 13319 "https://controltower.fr/" "Mozilla/5.0 (Windows NT 10.0; Win64; x64) AppleWebKit/537.36 (KHTML, like Gecko) Chrome/95.0.4638.69 Safari/537.36"
81.185.167.218 - - [04/Nov/2021:21:58:26 +0100] "GET /7337-home_default/tuff-scout-out-on-the-floor-dub.jpg HTTP/1.1" 200 21623 "https://controltower.fr/" "Mozilla/5.0 (Windows NT 10.0; Win64; x64) AppleWebKit/537.36 (KHTML, like Gecko) Chrome/95.0.4638.69 Safari/537.36"
81.185.167.218 - - [04/Nov/2021:21:58:26 +0100] "GET /7330-home_default/weeding-dub-meets-the-afro-wild-section-african-shrine.jpg HTTP/1.1" 200 15871 "https://controltower.fr/" "Mozilla/5.0 (Windows NT 10.0; Win64; x64) AppleWebKit/537.36 (KHTML, like Gecko) Chrome/95.0.4638.69 Safari/537.36"
81.185.167.218 - - [04/Nov/2021:21:58:26 +0100] "GET /7328-home_default/danman-dread-inna-babylon.jpg HTTP/1.1" 200 15730 "https://controltower.fr/" "Mozilla/5.0 (Windows NT 10.0; Win64; x64) AppleWebKit/537.36 (KHTML, like Gecko) Chrome/95.0.4638.69 Safari/537.36"
81.185.167.218 - - [04/Nov/2021:21:58:26 +0100] "GET /7326-home_default/dawa-hifi-feat-lisa-dainjah-wise-prudent.jpg HTTP/1.1" 200 16507 "https://controltower.fr/" "Mozilla/5.0 (Windows NT 10.0; Win64; x64) AppleWebKit/537.36 (KHTML, like Gecko) Chrome/95.0.4638.69 Safari/537.36"
81.185.167.218 - - [04/Nov/2021:21:58:26 +0100] "GET /7324-home_default/vibronics-feat-michael-prophet-searching-for-jah.jpg HTTP/1.1" 200 13828 "https://controltower.fr/" "Mozilla/5.0 (Windows NT 10.0; Win64; x64) AppleWebKit/537.36 (KHTML, like Gecko) Chrome/95.0.4638.69 Safari/537.36"
81.185.167.218 - - [04/Nov/2021:21:58:26 +0100] "GET /7321-home_default/vibronics-feat-professa-natti-rastafari.jpg HTTP/1.1" 200 14059 "https://controltower.fr/" "Mozilla/5.0 (Windows NT 10.0; Win64; x64) AppleWebKit/537.36 (KHTML, like Gecko) Chrome/95.0.4638.69 Safari/537.36"
54.36.148.102 - - [04/Nov/2021:21:58:27 +0100] "GET /3382-large_default/bunnington-judah-can-t-forget-the-father.jpg HTTP/1.1" 200 39693 "-" "Mozilla/5.0 (compatible; AhrefsBot/7.0; +http://ahrefs.com/robot/)"
176.156.222.110 - - [04/Nov/2021:21:58:30 +0100] "POST /admincontrol/ajax.php?rand=1636059504551 HTTP/1.1" 200 932 "https://controltower.fr/admincontrol/index.php?controller=AdminOrders&id_order=5614&vieworder&token=e792fee3cdafab3e973b81a1e80cd388" "Mozilla/5.0 (Windows NT 6.1; Win64; x64; rv:93.0) Gecko/20100101 Firefox/93.0"
81.185.167.218 - - [04/Nov/2021:21:58:46 +0100] "-" 408 575 "-" "-"
176.156.222.110 - - [04/Nov/2021:21:58:54 +0100] "POST /admincontrol/ajax.php?rand=1636059528587 HTTP/1.1" 200 932 "https://controltower.fr/admincontrol/index.php?controller=AdminEnvoiMoinsCher&id_order=8856&option=send&token=27d7475b073347ae85ef86e2e2b9fb80" "Mozilla/5.0 (Windows NT 6.1; Win64; x64) AppleWebKit/537.36 (KHTML, like Gecko) Chrome/95.0.4638.69 Safari/537.36"
54.36.148.53 - - [04/Nov/2021:21:58:56 +0100] "GET /fr/moonshine-recordings/1393-violinbwoy-mono-county.html HTTP/1.1" 200 15482 "-" "Mozilla/5.0 (compatible; AhrefsBot/7.0; +http://ahrefs.com/robot/)"
176.156.222.110 - - [04/Nov/2021:21:59:10 +0100] "POST /admincontrol/ajax.php?rand=1636059544585 HTTP/1.1" 200 932 "https://controltower.fr/admincontrol/index.php?controller=AdminProducts&token=c2d067f3456da21c5a4b065fb6365bbc&conf=5" "Mozilla/5.0 (Windows NT 6.1; Win64; x64) AppleWebKit/537.36 (KHTML, like Gecko) Chrome/95.0.4638.69 Safari/537.36"
37.159.43.236 - - [04/Nov/2021:21:59:12 +0100] "GET / HTTP/1.1" 301 5599 "-" "Mozilla/5.0 (iPhone; CPU iPhone OS 15_0_2 like Mac OS X) AppleWebKit/605.1.15 (KHTML, like Gecko) Version/15.0 Mobile/15E148 Safari/604.1"
54.36.148.51 - - [04/Nov/2021:21:59:16 +0100] "GET /3383-cart_default/bunnington-judah-can-t-forget-the-father.jpg HTTP/1.1" 200 8160 "-" "Mozilla/5.0 (compatible; AhrefsBot/7.0; +http://ahrefs.com/robot/)"
176.156.222.110 - - [04/Nov/2021:21:59:18 +0100] "POST /admincontrol/ajax.php?rand=1636059552586 HTTP/1.1" 200 932 "https://controltower.fr/admincontrol/index.php?controller=AdminDashboard&token=c282dec7df001df68582fc635ae6dc7c" "Mozilla/5.0 (Windows NT 6.1; Win64; x64) AppleWebKit/537.36 (KHTML, like Gecko) Chrome/95.0.4638.69 Safari/537.36"
54.36.148.59 - - [04/Nov/2021:21:59:59 +0100] "GET /en/rough-signal-records/2369-dub-kazman-give-dem-rainy-days.html HTTP/1.1" 200 15043 "-" "Mozilla/5.0 (compatible; AhrefsBot/7.0; +http://ahrefs.com/robot/)"
66.249.66.7 - - [04/Nov/2021:22:00:00 +0100] "GET /themes/theme-HDC/css/category.css HTTP/1.1" 200 6358 "https://controltower.fr/en/20-control-tower-records" "Mozilla/5.0 (Linux; Android 6.0.1; Nexus 5X Build/MMB29P) AppleWebKit/537.36 (KHTML, like Gecko) Chrome/95.0.4638.54 Mobile Safari/537.36 (compatible; Googlebot/2.1; +http://www.google.com/bot.html)"
66.249.66.155 - - [04/Nov/2021:22:00:01 +0100] "GET /en/20-control-tower-records HTTP/1.1" 200 14279 "https://controltower.fr/en/20-control-tower-records" "Mozilla/5.0 (Linux; Android 6.0.1; Nexus 5X Build/MMB29P) AppleWebKit/537.36 (KHTML, like Gecko) Chrome/95.0.4638.54 Mobile Safari/537.36 (compatible; Googlebot/2.1; +http://www.google.com/bot.html)"
54.36.148.64 - - [04/Nov/2021:22:00:07 +0100] "GET /3382-cart_default/bunnington-judah-can-t-forget-the-father.jpg HTTP/1.1" 200 8202 "-" "Mozilla/5.0 (compatible; AhrefsBot/7.0; +http://ahrefs.com/robot/)"
66.249.66.155 - - [04/Nov/2021:22:00:10 +0100] "GET /fr/21-culture-dub-records HTTP/1.1" 200 15302 "-" "Mozilla/5.0 (compatible; Googlebot/2.1; +http://www.google.com/bot.html)"
176.156.222.110 - - [04/Nov/2021:22:00:24 +0100] "POST /admincontrol/ajax.php?rand=1636059618550 HTTP/1.1" 200 932 "https://controltower.fr/admincontrol/index.php?controller=AdminOrders&id_order=6564&vieworder&token=e792fee3cdafab3e973b81a1e80cd388" "Mozilla/5.0 (Windows NT 6.1; Win64; x64; rv:93.0) Gecko/20100101 Firefox/93.0"
176.156.222.110 - - [04/Nov/2021:22:00:30 +0100] "POST /admincontrol/ajax.php?rand=1636059624724 HTTP/1.1" 200 932 "https://controltower.fr/admincontrol/index.php?controller=AdminOrders&id_order=5614&vieworder&token=e792fee3cdafab3e973b81a1e80cd388" "Mozilla/5.0 (Windows NT 6.1; Win64; x64; rv:93.0) Gecko/20100101 Firefox/93.0"
66.249.66.223 - - [04/Nov/2021:22:00:36 +0100] "GET / HTTP/1.1" 301 5568 "-" "Mozilla/5.0 (compatible; Googlebot/2.1; +http://www.google.com/bot.html)"
66.249.66.73 - - [04/Nov/2021:22:00:36 +0100] "GET /en/ HTTP/1.1" 200 313908 "-" "Mozilla/5.0 (compatible; Googlebot/2.1; +http://www.google.com/bot.html)"
66.249.66.73 - - [04/Nov/2021:22:00:41 +0100] "GET /en/guerilljah-productions/2688-the-longfingah-attack.html HTTP/1.1" 200 9898 "-" "Mozilla/5.0 (Linux; Android 6.0.1; Nexus 5X Build/MMB29P) AppleWebKit/537.36 (KHTML, like Gecko) Chrome/95.0.4638.69 Mobile Safari/537.36 (compatible; Googlebot/2.1; +http://www.google.com/bot.html)"
66.249.66.223 - - [04/Nov/2021:22:00:42 +0100] "GET /en/ HTTP/1.1" 200 313553 "https://controltower.fr/en/" "Mozilla/5.0 AppleWebKit/537.36 (KHTML, like Gecko; compatible; Googlebot/2.1; +http://www.google.com/bot.html) Chrome/95.0.4638.69 Safari/537.36"
176.156.222.110 - - [04/Nov/2021:22:00:55 +0100] "POST /admincontrol/ajax.php?rand=1636059649594 HTTP/1.1" 200 932 "https://controltower.fr/admincontrol/index.php?controller=AdminEnvoiMoinsCher&id_order=8856&option=send&token=27d7475b073347ae85ef86e2e2b9fb80" "Mozilla/5.0 (Windows NT 6.1; Win64; x64) AppleWebKit/537.36 (KHTML, like Gecko) Chrome/95.0.4638.69 Safari/537.36"
54.36.149.90 - - [04/Nov/2021:22:00:58 +0100] "GET /en/name-by-nature/1035-dub-judah-it-could-be-nice.html HTTP/1.1" 200 15010 "-" "Mozilla/5.0 (compatible; AhrefsBot/7.0; +http://ahrefs.com/robot/)"
54.36.148.49 - - [04/Nov/2021:22:01:03 +0100] "GET /3429-cart_default/preacha-feat-jay-spaker-crying.jpg HTTP/1.1" 200 8183 "-" "Mozilla/5.0 (compatible; AhrefsBot/7.0; +http://ahrefs.com/robot/)"
176.156.222.110 - - [04/Nov/2021:22:01:11 +0100] "POST /admincontrol/ajax.php?rand=1636059665593 HTTP/1.1" 200 932 "https://controltower.fr/admincontrol/index.php?controller=AdminProducts&token=c2d067f3456da21c5a4b065fb6365bbc&conf=5" "Mozilla/5.0 (Windows NT 6.1; Win64; x64) AppleWebKit/537.36 (KHTML, like Gecko) Chrome/95.0.4638.69 Safari/537.36"
176.156.222.110 - - [04/Nov/2021:22:01:19 +0100] "POST /admincontrol/ajax.php?rand=1636059673594 HTTP/1.1" 200 932 "https://controltower.fr/admincontrol/index.php?controller=AdminDashboard&token=c282dec7df001df68582fc635ae6dc7c" "Mozilla/5.0 (Windows NT 6.1; Win64; x64) AppleWebKit/537.36 (KHTML, like Gecko) Chrome/95.0.4638.69 Safari/537.36"
91.242.162.51 - - [04/Nov/2021:22:01:22 +0100] "GET /fr/53-dubalistik HTTP/1.1" 200 14680 "-" "Mozilla/5.0 (compatible; Qwantify/2.4w; +https://www.qwant.com/)"
216.244.66.226 - - [04/Nov/2021:22:01:32 +0100] "GET /5988-thickbox_default/the-bush-chemists-epic.jpg HTTP/1.1" 200 154241 "-" "Mozilla/5.0 (compatible; DotBot/1.2; +https://opensiteexplorer.org/dotbot; help@moz.com)"
216.244.66.226 - - [04/Nov/2021:22:01:34 +0100] "GET /6419-thickbox_default/black-omolo-fit-active.jpg HTTP/1.1" 200 115953 "-" "Mozilla/5.0 (compatible; DotBot/1.2; +https://opensiteexplorer.org/dotbot; help@moz.com)"
216.244.66.226 - - [04/Nov/2021:22:01:40 +0100] "GET /6873-thickbox_default/the-disciples-for-those-who-understand.jpg HTTP/1.1" 200 86159 "-" "Mozilla/5.0 (compatible; DotBot/1.2; +https://opensiteexplorer.org/dotbot; help@moz.com)"
216.244.66.226 - - [04/Nov/2021:22:01:46 +0100] "GET /6903-thickbox_default/higher-meditation-on-the-way-to-zion.jpg HTTP/1.1" 200 89537 "-" "Mozilla/5.0 (compatible; DotBot/1.2; +https://opensiteexplorer.org/dotbot; help@moz.com)"
216.244.66.226 - - [04/Nov/2021:22:01:50 +0100] "GET /7229-thickbox_default/esaia-origin-4000.jpg HTTP/1.1" 200 83940 "-" "Mozilla/5.0 (compatible; DotBot/1.2; +https://opensiteexplorer.org/dotbot; help@moz.com)"
54.36.149.21 - - [04/Nov/2021:22:01:52 +0100] "GET /3431-cart_default/preacha-feat-jay-spaker-crying.jpg HTTP/1.1" 200 9006 "-" "Mozilla/5.0 (compatible; AhrefsBot/7.0; +http://ahrefs.com/robot/)"
216.244.66.226 - - [04/Nov/2021:22:01:54 +0100] "GET /6197-thickbox_default/kibir-la-amlak-ancient-pulse.jpg HTTP/1.1" 200 157360 "-" "Mozilla/5.0 (compatible; DotBot/1.2; +https://opensiteexplorer.org/dotbot; help@moz.com)"
66.249.66.194 - - [04/Nov/2021:22:01:57 +0100] "GET /fr/akashic-records/1636-fikir-amlak-king-alpha-axum.html HTTP/1.1" 200 15365 "-" "Mozilla/5.0 (Linux; Android 6.0.1; Nexus 5X Build/MMB29P) AppleWebKit/537.36 (KHTML, like Gecko) Chrome/95.0.4638.69 Mobile Safari/537.36 (compatible; Googlebot/2.1; +http://www.google.com/bot.html)"
83.205.158.193 - - [04/Nov/2021:22:01:57 +0100] "GET /themes/theme-HDC/css/autoload/highdpi.css HTTP/1.1" 200 5853 "https://controltower.fr/fr/" "Mozilla/5.0 (Windows NT 10.0; Win64; x64) AppleWebKit/537.36 (KHTML, like Gecko) Chrome/94.0.4606.71 Safari/537.36"
83.205.158.193 - - [04/Nov/2021:22:01:57 +0100] "GET /themes/theme-HDC/css/global.css HTTP/1.1" 200 42084 "https://controltower.fr/fr/" "Mozilla/5.0 (Windows NT 10.0; Win64; x64) AppleWebKit/537.36 (KHTML, like Gecko) Chrome/94.0.4606.71 Safari/537.36"
216.244.66.226 - - [04/Nov/2021:22:01:58 +0100] "GET /6241-thickbox_default/adala-chalart58-feat-matah-soundsystem.jpg HTTP/1.1" 200 104044 "-" "Mozilla/5.0 (compatible; DotBot/1.2; +https://opensiteexplorer.org/dotbot; help@moz.com)"
83.205.158.193 - - [04/Nov/2021:22:01:58 +0100] "GET /themes/theme-HDC/css/autoload/responsive-tables.css HTTP/1.1" 200 875 "https://controltower.fr/fr/" "Mozilla/5.0 (Windows NT 10.0; Win64; x64) AppleWebKit/537.36 (KHTML, like Gecko) Chrome/94.0.4606.71 Safari/537.36"
83.205.158.193 - - [04/Nov/2021:22:01:55 +0100] "GET /fr/ HTTP/1.1" 200 314277 "-" "Mozilla/5.0 (Windows NT 10.0; Win64; x64) AppleWebKit/537.36 (KHTML, like Gecko) Chrome/94.0.4606.71 Safari/537.36"
83.205.158.193 - - [04/Nov/2021:22:01:58 +0100] "GET /themes/theme-HDC/css/autoload/uniform.default.css HTTP/1.1" 200 3306 "https://controltower.fr/fr/" "Mozilla/5.0 (Windows NT 10.0; Win64; x64) AppleWebKit/537.36 (KHTML, like Gecko) Chrome/94.0.4606.71 Safari/537.36"
83.205.158.193 - - [04/Nov/2021:22:01:59 +0100] "GET /themes/theme-HDC/css/modules/blockcart/blockcart.css HTTP/1.1" 200 3824 "https://controltower.fr/fr/" "Mozilla/5.0 (Windows NT 10.0; Win64; x64) AppleWebKit/537.36 (KHTML, like Gecko) Chrome/94.0.4606.71 Safari/537.36"
83.205.158.193 - - [04/Nov/2021:22:01:59 +0100] "GET /js/jquery/plugins/bxslider/jquery.bxslider.css HTTP/1.1" 200 1347 "https://controltower.fr/fr/" "Mozilla/5.0 (Windows NT 10.0; Win64; x64) AppleWebKit/537.36 (KHTML, like Gecko) Chrome/94.0.4606.71 Safari/537.36"
83.205.158.193 - - [04/Nov/2021:22:01:59 +0100] "GET /themes/theme-HDC/css/modules/blockcategories/blockcategories.css HTTP/1.1" 200 1111 "https://controltower.fr/fr/" "Mozilla/5.0 (Windows NT 10.0; Win64; x64) AppleWebKit/537.36 (KHTML, like Gecko) Chrome/94.0.4606.71 Safari/537.36"
66.249.66.75 - - [04/Nov/2021:22:01:59 +0100] "GET /en/homeys-records/1170-marina-p-something-new.html HTTP/1.1" 200 15326 "-" "Mozilla/5.0 (compatible; Googlebot/2.1; +http://www.google.com/bot.html)"
