2.14.156.186 - - [04/Nov/2021:22:15:27 +0100] "GET /7553-large_default/vibronics-meets-ashanti-selah-hustle-riddim.jpg HTTP/1.1" 200 48423 "-" "Mozilla/5.0 (Windows NT 10.0; Win64; x64) AppleWebKit/537.36 (KHTML, like Gecko) Chrome/95.0.4638.54 Safari/537.36 Edg/95.0.1020.40"
2.14.156.186 - - [04/Nov/2021:22:15:45 +0100] "POST /?rand=1636060553289 HTTP/1.1" 200 2047 "https://controltower.fr/fr/" "Mozilla/5.0 (Windows NT 10.0; Win64; x64) AppleWebKit/537.36 (KHTML, like Gecko) Chrome/95.0.4638.54 Safari/537.36 Edg/95.0.1020.40"
54.36.148.149 - - [04/Nov/2021:22:15:47 +0100] "GET /en/roll-record/2937-cookah-i-m-single-again.html HTTP/1.1" 200 15027 "-" "Mozilla/5.0 (compatible; AhrefsBot/7.0; +http://ahrefs.com/robot/)"
66.249.66.223 - - [04/Nov/2021:22:15:51 +0100] "GET /en/79-falasha-recordings HTTP/1.1" 200 16291 "-" "Mozilla/5.0 (Linux; Android 6.0.1; Nexus 5X Build/MMB29P) AppleWebKit/537.36 (KHTML, like Gecko) Chrome/95.0.4638.69 Mobile Safari/537.36 (compatible; Googlebot/2.1; +http://www.google.com/bot.html)"
54.36.148.93 - - [04/Nov/2021:22:15:58 +0100] "GET /4944-cart_default/alpha-steppa-nkosi-yamakhosi.jpg HTTP/1.1" 200 8785 "-" "Mozilla/5.0 (compatible; AhrefsBot/7.0; +http://ahrefs.com/robot/)"
2.14.156.186 - - [04/Nov/2021:22:16:03 +0100] "GET /fr/audioknot-records/3053-the-wheel-caress.html HTTP/1.1" 200 11242 "https://controltower.fr/fr/" "Mozilla/5.0 (Windows NT 10.0; Win64; x64) AppleWebKit/537.36 (KHTML, like Gecko) Chrome/95.0.4638.54 Safari/537.36 Edg/95.0.1020.40"
2.14.156.186 - - [04/Nov/2021:22:16:04 +0100] "GET /7560-cart_default/the-wheel-caress.jpg HTTP/1.1" 200 3015 "https://controltower.fr/" "Mozilla/5.0 (Windows NT 10.0; Win64; x64) AppleWebKit/537.36 (KHTML, like Gecko) Chrome/95.0.4638.54 Safari/537.36 Edg/95.0.1020.40"
2.14.156.186 - - [04/Nov/2021:22:16:04 +0100] "GET /7559-large_default/the-wheel-caress.jpg HTTP/1.1" 200 32320 "https://controltower.fr/" "Mozilla/5.0 (Windows NT 10.0; Win64; x64) AppleWebKit/537.36 (KHTML, like Gecko) Chrome/95.0.4638.54 Safari/537.36 Edg/95.0.1020.40"
2.14.156.186 - - [04/Nov/2021:22:16:04 +0100] "GET /7559-cart_default/the-wheel-caress.jpg HTTP/1.1" 200 3117 "https://controltower.fr/" "Mozilla/5.0 (Windows NT 10.0; Win64; x64) AppleWebKit/537.36 (KHTML, like Gecko) Chrome/95.0.4638.54 Safari/537.36 Edg/95.0.1020.40"
2.14.156.186 - - [04/Nov/2021:22:16:04 +0100] "GET /7561-cart_default/the-wheel-caress.jpg HTTP/1.1" 200 7827 "https://controltower.fr/" "Mozilla/5.0 (Windows NT 10.0; Win64; x64) AppleWebKit/537.36 (KHTML, like Gecko) Chrome/95.0.4638.54 Safari/537.36 Edg/95.0.1020.40"
2.14.156.186 - - [04/Nov/2021:22:16:04 +0100] "GET //modules/paypal/express_checkout/ajax.php?get_qty=1&id_product=3053&id_product_attribute=3113&_=1636060571840 HTTP/1.1" 200 807 "https://controltower.fr/fr/audioknot-records/3053-the-wheel-caress.html" "Mozilla/5.0 (Windows NT 10.0; Win64; x64) AppleWebKit/537.36 (KHTML, like Gecko) Chrome/95.0.4638.54 Safari/537.36 Edg/95.0.1020.40"
2.14.156.186 - - [04/Nov/2021:22:16:04 +0100] "GET /fr/audioknot-records/3053-the-wheel-caress.html HTTP/1.1" 200 9476 "https://controltower.fr/fr/audioknot-records/3053-the-wheel-caress.html" "Mozilla/5.0 (Windows NT 10.0; Win64; x64) AppleWebKit/537.36 (KHTML, like Gecko) Chrome/95.0.4638.54 Safari/537.36 Edg/95.0.1020.40"
2.14.156.186 - - [04/Nov/2021:22:16:05 +0100] "GET //modules/paypal/express_checkout/ajax.php?get_qty=1&id_product=3053&id_product_attribute=3113&_=1636060571841 HTTP/1.1" 200 226 "https://controltower.fr/fr/audioknot-records/3053-the-wheel-caress.html" "Mozilla/5.0 (Windows NT 10.0; Win64; x64) AppleWebKit/537.36 (KHTML, like Gecko) Chrome/95.0.4638.54 Safari/537.36 Edg/95.0.1020.40"
2.14.156.186 - - [04/Nov/2021:22:16:07 +0100] "GET /7559-large_default/the-wheel-caress.jpg HTTP/1.1" 200 37099 "-" "Mozilla/5.0 (Windows NT 10.0; Win64; x64) AppleWebKit/537.36 (KHTML, like Gecko) Chrome/95.0.4638.54 Safari/537.36 Edg/95.0.1020.40"
176.156.222.110 - - [04/Nov/2021:22:16:25 +0100] "POST /admincontrol/ajax.php?rand=1636060580318 HTTP/1.1" 200 932 "https://controltower.fr/admincontrol/index.php?controller=AdminOrders&id_order=6564&vieworder&token=e792fee3cdafab3e973b81a1e80cd388" "Mozilla/5.0 (Windows NT 6.1; Win64; x64; rv:93.0) Gecko/20100101 Firefox/93.0"
40.77.167.63 - - [04/Nov/2021:22:16:29 +0100] "GET /en/black-redemption/286-icho-candy-come-down-babylon.html HTTP/1.1" 200 14656 "-" "Mozilla/5.0 (compatible; bingbot/2.0; +http://www.bing.com/bingbot.htm)"
5.255.253.115 - - [04/Nov/2021:22:16:30 +0100] "GET /robots.txt HTTP/1.1" 200 8648 "-" "Mozilla/5.0 (compatible; YandexBot/3.0; +http://yandex.com/bots)"
176.156.222.110 - - [04/Nov/2021:22:16:31 +0100] "POST /admincontrol/ajax.php?rand=1636060586148 HTTP/1.1" 200 932 "https://controltower.fr/admincontrol/index.php?controller=AdminOrders&id_order=5614&vieworder&token=e792fee3cdafab3e973b81a1e80cd388" "Mozilla/5.0 (Windows NT 6.1; Win64; x64; rv:93.0) Gecko/20100101 Firefox/93.0"
5.255.253.115 - - [04/Nov/2021:22:16:34 +0100] "GET /fr/dubbing-sun-records/702-bunnington-judah-time-soon-come.html HTTP/1.1" 200 9860 "-" "Mozilla/5.0 (compatible; YandexBot/3.0; +http://yandex.com/bots)"
54.36.148.5 - - [04/Nov/2021:22:16:41 +0100] "GET /en/raw-creation-records/2045-purple-d-lyte-chant-heal.html HTTP/1.1" 200 15060 "-" "Mozilla/5.0 (compatible; AhrefsBot/7.0; +http://ahrefs.com/robot/)"
54.36.148.110 - - [04/Nov/2021:22:16:50 +0100] "GET /4942-cart_default/alpha-steppa-nkosi-yamakhosi.jpg HTTP/1.1" 200 8713 "-" "Mozilla/5.0 (compatible; AhrefsBot/7.0; +http://ahrefs.com/robot/)"
176.156.222.110 - - [04/Nov/2021:22:17:03 +0100] "POST /admincontrol/ajax.php?rand=1636060617652 HTTP/1.1" 200 932 "https://controltower.fr/admincontrol/index.php?controller=AdminEnvoiMoinsCher&id_order=8856&option=send&token=27d7475b073347ae85ef86e2e2b9fb80" "Mozilla/5.0 (Windows NT 6.1; Win64; x64) AppleWebKit/537.36 (KHTML, like Gecko) Chrome/95.0.4638.69 Safari/537.36"
2.14.156.186 - - [04/Nov/2021:22:17:05 +0100] "POST /?rand=1636060633471 HTTP/1.1" 200 2047 "https://controltower.fr/fr/" "Mozilla/5.0 (Windows NT 10.0; Win64; x64) AppleWebKit/537.36 (KHTML, like Gecko) Chrome/95.0.4638.54 Safari/537.36 Edg/95.0.1020.40"
176.156.222.110 - - [04/Nov/2021:22:17:19 +0100] "POST /admincontrol/ajax.php?rand=1636060633653 HTTP/1.1" 200 932 "https://controltower.fr/admincontrol/index.php?controller=AdminProducts&token=c2d067f3456da21c5a4b065fb6365bbc&conf=5" "Mozilla/5.0 (Windows NT 6.1; Win64; x64) AppleWebKit/537.36 (KHTML, like Gecko) Chrome/95.0.4638.69 Safari/537.36"
176.156.222.110 - - [04/Nov/2021:22:17:27 +0100] "POST /admincontrol/ajax.php?rand=1636060641654 HTTP/1.1" 200 932 "https://controltower.fr/admincontrol/index.php?controller=AdminDashboard&token=c282dec7df001df68582fc635ae6dc7c" "Mozilla/5.0 (Windows NT 6.1; Win64; x64) AppleWebKit/537.36 (KHTML, like Gecko) Chrome/95.0.4638.69 Safari/537.36"
66.249.66.155 - - [04/Nov/2021:22:17:31 +0100] "GET /en/hytal-bosrah/1905-king-stanley-backbiting.html HTTP/1.1" 200 14994 "-" "Mozilla/5.0 (compatible; Googlebot/2.1; +http://www.google.com/bot.html)"
2.14.156.186 - - [04/Nov/2021:22:17:32 +0100] "GET /fr/ashanti-selah-music/3051-dan-i-locks-meets-ashanti-selah-jah-is-love.html HTTP/1.1" 200 11335 "https://controltower.fr/fr/" "Mozilla/5.0 (Windows NT 10.0; Win64; x64) AppleWebKit/537.36 (KHTML, like Gecko) Chrome/95.0.4638.54 Safari/537.36 Edg/95.0.1020.40"
2.14.156.186 - - [04/Nov/2021:22:17:33 +0100] "GET /7556-cart_default/dan-i-locks-meets-ashanti-selah-jah-is-love.jpg HTTP/1.1" 200 3345 "https://controltower.fr/" "Mozilla/5.0 (Windows NT 10.0; Win64; x64) AppleWebKit/537.36 (KHTML, like Gecko) Chrome/95.0.4638.54 Safari/537.36 Edg/95.0.1020.40"
2.14.156.186 - - [04/Nov/2021:22:17:33 +0100] "GET /7555-large_default/dan-i-locks-meets-ashanti-selah-jah-is-love.jpg HTTP/1.1" 200 40107 "https://controltower.fr/" "Mozilla/5.0 (Windows NT 10.0; Win64; x64) AppleWebKit/537.36 (KHTML, like Gecko) Chrome/95.0.4638.54 Safari/537.36 Edg/95.0.1020.40"
2.14.156.186 - - [04/Nov/2021:22:17:33 +0100] "GET /7555-cart_default/dan-i-locks-meets-ashanti-selah-jah-is-love.jpg HTTP/1.1" 200 3385 "https://controltower.fr/" "Mozilla/5.0 (Windows NT 10.0; Win64; x64) AppleWebKit/537.36 (KHTML, like Gecko) Chrome/95.0.4638.54 Safari/537.36 Edg/95.0.1020.40"
2.14.156.186 - - [04/Nov/2021:22:17:33 +0100] "GET //modules/paypal/express_checkout/ajax.php?get_qty=1&id_product=3051&id_product_attribute=3111&_=1636060661111 HTTP/1.1" 200 807 "https://controltower.fr/fr/ashanti-selah-music/3051-dan-i-locks-meets-ashanti-selah-jah-is-love.html" "Mozilla/5.0 (Windows NT 10.0; Win64; x64) AppleWebKit/537.36 (KHTML, like Gecko) Chrome/95.0.4638.54 Safari/537.36 Edg/95.0.1020.40"
2.14.156.186 - - [04/Nov/2021:22:17:33 +0100] "GET /fr/ashanti-selah-music/3051-dan-i-locks-meets-ashanti-selah-jah-is-love.html HTTP/1.1" 200 8986 "https://controltower.fr/fr/ashanti-selah-music/3051-dan-i-locks-meets-ashanti-selah-jah-is-love.html" "Mozilla/5.0 (Windows NT 10.0; Win64; x64) AppleWebKit/537.36 (KHTML, like Gecko) Chrome/95.0.4638.54 Safari/537.36 Edg/95.0.1020.40"
2.14.156.186 - - [04/Nov/2021:22:17:34 +0100] "GET //modules/paypal/express_checkout/ajax.php?get_qty=1&id_product=3051&id_product_attribute=3111&_=1636060661112 HTTP/1.1" 200 226 "https://controltower.fr/fr/ashanti-selah-music/3051-dan-i-locks-meets-ashanti-selah-jah-is-love.html" "Mozilla/5.0 (Windows NT 10.0; Win64; x64) AppleWebKit/537.36 (KHTML, like Gecko) Chrome/95.0.4638.54 Safari/537.36 Edg/95.0.1020.40"
2.14.156.186 - - [04/Nov/2021:22:17:37 +0100] "GET /7555-large_default/dan-i-locks-meets-ashanti-selah-jah-is-love.jpg HTTP/1.1" 200 44886 "-" "Mozilla/5.0 (Windows NT 10.0; Win64; x64) AppleWebKit/537.36 (KHTML, like Gecko) Chrome/95.0.4638.54 Safari/537.36 Edg/95.0.1020.40"
54.36.148.221 - - [04/Nov/2021:22:17:41 +0100] "GET /en/blackboard-jungle/2049-kenny-knots-hard-work.html HTTP/1.1" 200 15140 "-" "Mozilla/5.0 (compatible; AhrefsBot/7.0; +http://ahrefs.com/robot/)"
2.14.156.186 - - [04/Nov/2021:22:17:51 +0100] "POST /?rand=1636060679105 HTTP/1.1" 200 2047 "https://controltower.fr/fr/" "Mozilla/5.0 (Windows NT 10.0; Win64; x64) AppleWebKit/537.36 (KHTML, like Gecko) Chrome/95.0.4638.54 Safari/537.36 Edg/95.0.1020.40"
54.36.148.122 - - [04/Nov/2021:22:17:56 +0100] "GET /684-cart_default/sista-sherin-guiding-star.jpg HTTP/1.1" 200 8199 "-" "Mozilla/5.0 (compatible; AhrefsBot/7.0; +http://ahrefs.com/robot/)"
2.14.156.186 - - [04/Nov/2021:22:18:11 +0100] "GET /fr/yi-mas-gan-records/3045-bushman-bushman-work-s-isolation-skank.html HTTP/1.1" 200 11224 "https://controltower.fr/fr/" "Mozilla/5.0 (Windows NT 10.0; Win64; x64) AppleWebKit/537.36 (KHTML, like Gecko) Chrome/95.0.4638.54 Safari/537.36 Edg/95.0.1020.40"
2.14.156.186 - - [04/Nov/2021:22:18:12 +0100] "GET /7544-large_default/bushman-bushman-work-s-isolation-skank.jpg HTTP/1.1" 200 62633 "https://controltower.fr/" "Mozilla/5.0 (Windows NT 10.0; Win64; x64) AppleWebKit/537.36 (KHTML, like Gecko) Chrome/95.0.4638.54 Safari/537.36 Edg/95.0.1020.40"
2.14.156.186 - - [04/Nov/2021:22:18:12 +0100] "GET /7544-cart_default/bushman-bushman-work-s-isolation-skank.jpg HTTP/1.1" 200 4562 "https://controltower.fr/" "Mozilla/5.0 (Windows NT 10.0; Win64; x64) AppleWebKit/537.36 (KHTML, like Gecko) Chrome/95.0.4638.54 Safari/537.36 Edg/95.0.1020.40"
2.14.156.186 - - [04/Nov/2021:22:18:12 +0100] "GET /7545-cart_default/bushman-bushman-work-s-isolation-skank.jpg HTTP/1.1" 200 4507 "https://controltower.fr/" "Mozilla/5.0 (Windows NT 10.0; Win64; x64) AppleWebKit/537.36 (KHTML, like Gecko) Chrome/95.0.4638.54 Safari/537.36 Edg/95.0.1020.40"
2.14.156.186 - - [04/Nov/2021:22:18:13 +0100] "GET //modules/paypal/express_checkout/ajax.php?get_qty=1&id_product=3045&id_product_attribute=3105&_=1636060700416 HTTP/1.1" 200 807 "https://controltower.fr/fr/yi-mas-gan-records/3045-bushman-bushman-work-s-isolation-skank.html" "Mozilla/5.0 (Windows NT 10.0; Win64; x64) AppleWebKit/537.36 (KHTML, like Gecko) Chrome/95.0.4638.54 Safari/537.36 Edg/95.0.1020.40"
2.14.156.186 - - [04/Nov/2021:22:18:13 +0100] "GET /fr/yi-mas-gan-records/3045-bushman-bushman-work-s-isolation-skank.html HTTP/1.1" 200 8877 "https://controltower.fr/fr/yi-mas-gan-records/3045-bushman-bushman-work-s-isolation-skank.html" "Mozilla/5.0 (Windows NT 10.0; Win64; x64) AppleWebKit/537.36 (KHTML, like Gecko) Chrome/95.0.4638.54 Safari/537.36 Edg/95.0.1020.40"
2.14.156.186 - - [04/Nov/2021:22:18:13 +0100] "GET //modules/paypal/express_checkout/ajax.php?get_qty=1&id_product=3045&id_product_attribute=3105&_=1636060700417 HTTP/1.1" 200 226 "https://controltower.fr/fr/yi-mas-gan-records/3045-bushman-bushman-work-s-isolation-skank.html" "Mozilla/5.0 (Windows NT 10.0; Win64; x64) AppleWebKit/537.36 (KHTML, like Gecko) Chrome/95.0.4638.54 Safari/537.36 Edg/95.0.1020.40"
2.14.156.186 - - [04/Nov/2021:22:18:16 +0100] "GET /7544-large_default/bushman-bushman-work-s-isolation-skank.jpg HTTP/1.1" 200 62633 "-" "Mozilla/5.0 (Windows NT 10.0; Win64; x64) AppleWebKit/537.36 (KHTML, like Gecko) Chrome/95.0.4638.54 Safari/537.36 Edg/95.0.1020.40"
40.77.167.63 - - [04/Nov/2021:22:18:18 +0100] "GET /fr/roots-hitek-music/1140-far-east-rockers.html HTTP/1.1" 200 14908 "-" "Mozilla/5.0 (compatible; bingbot/2.0; +http://www.bing.com/bingbot.htm)"
176.156.222.110 - - [04/Nov/2021:22:18:26 +0100] "POST /admincontrol/ajax.php?rand=1636060700642 HTTP/1.1" 200 932 "https://controltower.fr/admincontrol/index.php?controller=AdminOrders&id_order=6564&vieworder&token=e792fee3cdafab3e973b81a1e80cd388" "Mozilla/5.0 (Windows NT 6.1; Win64; x64; rv:93.0) Gecko/20100101 Firefox/93.0"
157.55.39.140 - - [04/Nov/2021:22:18:29 +0100] "GET /2095-thickbox_default/sandeeno-messenger.jpg HTTP/1.1" 200 126913 "-" "Mozilla/5.0 (compatible; bingbot/2.0; +http://www.bing.com/bingbot.htm)"
176.156.222.110 - - [04/Nov/2021:22:18:31 +0100] "POST /admincontrol/ajax.php?rand=1636060706360 HTTP/1.1" 200 932 "https://controltower.fr/admincontrol/index.php?controller=AdminOrders&id_order=5614&vieworder&token=e792fee3cdafab3e973b81a1e80cd388" "Mozilla/5.0 (Windows NT 6.1; Win64; x64; rv:93.0) Gecko/20100101 Firefox/93.0"
54.36.148.157 - - [04/Nov/2021:22:18:37 +0100] "GET /en/conscious-sounds/2618-isha-bel-bless-jah-holy-name.html HTTP/1.1" 200 14951 "-" "Mozilla/5.0 (compatible; AhrefsBot/7.0; +http://ahrefs.com/robot/)"
2.14.156.186 - - [04/Nov/2021:22:18:39 +0100] "POST /?rand=1636060727352 HTTP/1.1" 200 2047 "https://controltower.fr/fr/" "Mozilla/5.0 (Windows NT 10.0; Win64; x64) AppleWebKit/537.36 (KHTML, like Gecko) Chrome/95.0.4638.54 Safari/537.36 Edg/95.0.1020.40"
2.14.156.186 - - [04/Nov/2021:22:19:02 +0100] "GET /fr/vibes-creator/3048-king-stanley-jah-give-us-the-power.html HTTP/1.1" 200 11458 "https://controltower.fr/fr/" "Mozilla/5.0 (Windows NT 10.0; Win64; x64) AppleWebKit/537.36 (KHTML, like Gecko) Chrome/95.0.4638.54 Safari/537.36 Edg/95.0.1020.40"
2.14.156.186 - - [04/Nov/2021:22:19:03 +0100] "GET /7550-large_default/king-stanley-jah-give-us-the-power.jpg HTTP/1.1" 200 38846 "https://controltower.fr/" "Mozilla/5.0 (Windows NT 10.0; Win64; x64) AppleWebKit/537.36 (KHTML, like Gecko) Chrome/95.0.4638.54 Safari/537.36 Edg/95.0.1020.40"
2.14.156.186 - - [04/Nov/2021:22:19:03 +0100] "GET /7550-cart_default/king-stanley-jah-give-us-the-power.jpg HTTP/1.1" 200 3511 "https://controltower.fr/" "Mozilla/5.0 (Windows NT 10.0; Win64; x64) AppleWebKit/537.36 (KHTML, like Gecko) Chrome/95.0.4638.54 Safari/537.36 Edg/95.0.1020.40"
2.14.156.186 - - [04/Nov/2021:22:19:03 +0100] "GET /7551-cart_default/king-stanley-jah-give-us-the-power.jpg HTTP/1.1" 200 3557 "https://controltower.fr/" "Mozilla/5.0 (Windows NT 10.0; Win64; x64) AppleWebKit/537.36 (KHTML, like Gecko) Chrome/95.0.4638.54 Safari/537.36 Edg/95.0.1020.40"
2.14.156.186 - - [04/Nov/2021:22:19:03 +0100] "GET //modules/paypal/express_checkout/ajax.php?get_qty=1&id_product=3048&id_product_attribute=3108&_=1636060751126 HTTP/1.1" 200 807 "https://controltower.fr/fr/vibes-creator/3048-king-stanley-jah-give-us-the-power.html" "Mozilla/5.0 (Windows NT 10.0; Win64; x64) AppleWebKit/537.36 (KHTML, like Gecko) Chrome/95.0.4638.54 Safari/537.36 Edg/95.0.1020.40"
2.14.156.186 - - [04/Nov/2021:22:19:03 +0100] "GET /fr/vibes-creator/3048-king-stanley-jah-give-us-the-power.html HTTP/1.1" 200 9083 "https://controltower.fr/fr/vibes-creator/3048-king-stanley-jah-give-us-the-power.html" "Mozilla/5.0 (Windows NT 10.0; Win64; x64) AppleWebKit/537.36 (KHTML, like Gecko) Chrome/95.0.4638.54 Safari/537.36 Edg/95.0.1020.40"
176.156.222.110 - - [04/Nov/2021:22:19:04 +0100] "POST /admincontrol/ajax.php?rand=1636060738658 HTTP/1.1" 200 932 "https://controltower.fr/admincontrol/index.php?controller=AdminEnvoiMoinsCher&id_order=8856&option=send&token=27d7475b073347ae85ef86e2e2b9fb80" "Mozilla/5.0 (Windows NT 6.1; Win64; x64) AppleWebKit/537.36 (KHTML, like Gecko) Chrome/95.0.4638.69 Safari/537.36"
54.36.148.217 - - [04/Nov/2021:22:19:04 +0100] "GET /685-cart_default/sista-sherin-guiding-star.jpg HTTP/1.1" 200 8172 "-" "Mozilla/5.0 (compatible; AhrefsBot/7.0; +http://ahrefs.com/robot/)"
2.14.156.186 - - [04/Nov/2021:22:19:04 +0100] "GET //modules/paypal/express_checkout/ajax.php?get_qty=1&id_product=3048&id_product_attribute=3108&_=1636060751127 HTTP/1.1" 200 226 "https://controltower.fr/fr/vibes-creator/3048-king-stanley-jah-give-us-the-power.html" "Mozilla/5.0 (Windows NT 10.0; Win64; x64) AppleWebKit/537.36 (KHTML, like Gecko) Chrome/95.0.4638.54 Safari/537.36 Edg/95.0.1020.40"
2.14.156.186 - - [04/Nov/2021:22:19:07 +0100] "GET /7550-large_default/king-stanley-jah-give-us-the-power.jpg HTTP/1.1" 200 38846 "-" "Mozilla/5.0 (Windows NT 10.0; Win64; x64) AppleWebKit/537.36 (KHTML, like Gecko) Chrome/95.0.4638.54 Safari/537.36 Edg/95.0.1020.40"
176.156.222.110 - - [04/Nov/2021:22:19:20 +0100] "POST /admincontrol/ajax.php?rand=1636060754656 HTTP/1.1" 200 932 "https://controltower.fr/admincontrol/index.php?controller=AdminProducts&token=c2d067f3456da21c5a4b065fb6365bbc&conf=5" "Mozilla/5.0 (Windows NT 6.1; Win64; x64) AppleWebKit/537.36 (KHTML, like Gecko) Chrome/95.0.4638.69 Safari/537.36"
176.156.222.110 - - [04/Nov/2021:22:19:28 +0100] "POST /admincontrol/ajax.php?rand=1636060762659 HTTP/1.1" 200 932 "https://controltower.fr/admincontrol/index.php?controller=AdminDashboard&token=c282dec7df001df68582fc635ae6dc7c" "Mozilla/5.0 (Windows NT 6.1; Win64; x64) AppleWebKit/537.36 (KHTML, like Gecko) Chrome/95.0.4638.69 Safari/537.36"
207.46.13.126 - - [04/Nov/2021:22:19:47 +0100] "GET /en/emperorfari-records/1753-manwel-t-ascension.html HTTP/1.1" 200 14572 "-" "Mozilla/5.0 (compatible; bingbot/2.0; +http://www.bing.com/bingbot.htm)"
54.36.148.55 - - [04/Nov/2021:22:20:03 +0100] "GET /684-large_default/sista-sherin-guiding-star.jpg HTTP/1.1" 200 46239 "-" "Mozilla/5.0 (compatible; AhrefsBot/7.0; +http://ahrefs.com/robot/)"
66.249.66.223 - - [04/Nov/2021:22:20:08 +0100] "GET /en/roots-youths-records/2143-judah-eskander-tafari-get-some-love.html HTTP/1.1" 200 15044 "-" "Mozilla/5.0 (Linux; Android 6.0.1; Nexus 5X Build/MMB29P) AppleWebKit/537.36 (KHTML, like Gecko) Chrome/95.0.4638.69 Mobile Safari/537.36 (compatible; Googlebot/2.1; +http://www.google.com/bot.html)"
176.156.222.110 - - [04/Nov/2021:22:20:26 +0100] "POST /admincontrol/ajax.php?rand=1636060820820 HTTP/1.1" 200 932 "https://controltower.fr/admincontrol/index.php?controller=AdminOrders&id_order=6564&vieworder&token=e792fee3cdafab3e973b81a1e80cd388" "Mozilla/5.0 (Windows NT 6.1; Win64; x64; rv:93.0) Gecko/20100101 Firefox/93.0"
176.156.222.110 - - [04/Nov/2021:22:20:32 +0100] "POST /admincontrol/ajax.php?rand=1636060826529 HTTP/1.1" 200 932 "https://controltower.fr/admincontrol/index.php?controller=AdminOrders&id_order=5614&vieworder&token=e792fee3cdafab3e973b81a1e80cd388" "Mozilla/5.0 (Windows NT 6.1; Win64; x64; rv:93.0) Gecko/20100101 Firefox/93.0"
207.46.13.21 - - [04/Nov/2021:22:20:46 +0100] "GET /5252-thickbox_default/prince-david-ini-shepherd.jpg HTTP/1.1" 200 127484 "-" "Mozilla/5.0 (compatible; bingbot/2.0; +http://www.bing.com/bingbot.htm)"
2.14.156.186 - - [04/Nov/2021:22:20:51 +0100] "POST /?rand=1636060859138 HTTP/1.1" 200 2047 "https://controltower.fr/fr/" "Mozilla/5.0 (Windows NT 10.0; Win64; x64) AppleWebKit/537.36 (KHTML, like Gecko) Chrome/95.0.4638.54 Safari/537.36 Edg/95.0.1020.40"
45.63.86.190 - - [04/Nov/2021:22:20:55 +0100] "GET /4947-large_default/jrobinson-whodemsound-warrior-step.jpg HTTP/1.1" 200 42791 "-" "Mozilla/5.0 (X11; Ubuntu; Linux x86_64; rv:72.0) Gecko/20100101 Firefox/72.0"
66.249.66.73 - - [04/Nov/2021:22:20:59 +0100] "GET /fr/partial-records/2787-tena-stelin-meets-centry-sun-moon.html HTTP/1.1" 200 15726 "-" "Mozilla/5.0 (Linux; Android 6.0.1; Nexus 5X Build/MMB29P) AppleWebKit/537.36 (KHTML, like Gecko) Chrome/95.0.4638.69 Mobile Safari/537.36 (compatible; Googlebot/2.1; +http://www.google.com/bot.html)"
66.249.66.73 - - [04/Nov/2021:22:20:59 +0100] "GET /fr/partial-records/2787-tena-stelin-meets-centry-sun-moon.html HTTP/1.1" 200 10427 "-" "Mozilla/5.0 (compatible; Googlebot/2.1; +http://www.google.com/bot.html)"
2.14.156.186 - - [04/Nov/2021:22:21:04 +0100] "GET /themes/theme-HDC/images/scrolltopbtn.png HTTP/1.1" 200 1624 "https://controltower.fr/themes/theme-HDC/css/style-hdc.css" "Mozilla/5.0 (Windows NT 10.0; Win64; x64) AppleWebKit/537.36 (KHTML, like Gecko) Chrome/95.0.4638.54 Safari/537.36 Edg/95.0.1020.40"
2.14.156.186 - - [04/Nov/2021:22:21:05 +0100] "GET /7440-home_default/marijah-consciousness.jpg HTTP/1.1" 200 16581 "https://controltower.fr/" "Mozilla/5.0 (Windows NT 10.0; Win64; x64) AppleWebKit/537.36 (KHTML, like Gecko) Chrome/95.0.4638.54 Safari/537.36 Edg/95.0.1020.40"
2.14.156.186 - - [04/Nov/2021:22:21:05 +0100] "GET /7434-home_default/bukkha-in-roots-vol1.jpg HTTP/1.1" 200 18777 "https://controltower.fr/" "Mozilla/5.0 (Windows NT 10.0; Win64; x64) AppleWebKit/537.36 (KHTML, like Gecko) Chrome/95.0.4638.54 Safari/537.36 Edg/95.0.1020.40"
176.156.222.110 - - [04/Nov/2021:22:21:05 +0100] "POST /admincontrol/ajax.php?rand=1636060859663 HTTP/1.1" 200 932 "https://controltower.fr/admincontrol/index.php?controller=AdminEnvoiMoinsCher&id_order=8856&option=send&token=27d7475b073347ae85ef86e2e2b9fb80" "Mozilla/5.0 (Windows NT 6.1; Win64; x64) AppleWebKit/537.36 (KHTML, like Gecko) Chrome/95.0.4638.69 Safari/537.36"
2.14.156.186 - - [04/Nov/2021:22:21:05 +0100] "GET /7438-home_default/kulture-d-jah-jah-set-us-free.jpg HTTP/1.1" 200 18432 "https://controltower.fr/" "Mozilla/5.0 (Windows NT 10.0; Win64; x64) AppleWebKit/537.36 (KHTML, like Gecko) Chrome/95.0.4638.54 Safari/537.36 Edg/95.0.1020.40"
2.14.156.186 - - [04/Nov/2021:22:21:05 +0100] "GET /7436-home_default/baltimores-soon-come.jpg HTTP/1.1" 200 18480 "https://controltower.fr/" "Mozilla/5.0 (Windows NT 10.0; Win64; x64) AppleWebKit/537.36 (KHTML, like Gecko) Chrome/95.0.4638.54 Safari/537.36 Edg/95.0.1020.40"
2.14.156.186 - - [04/Nov/2021:22:21:05 +0100] "GET /7432-home_default/johnny-clarke-bad-mind-rmx.jpg HTTP/1.1" 200 18492 "https://controltower.fr/" "Mozilla/5.0 (Windows NT 10.0; Win64; x64) AppleWebKit/537.36 (KHTML, like Gecko) Chrome/95.0.4638.54 Safari/537.36 Edg/95.0.1020.40"
2.14.156.186 - - [04/Nov/2021:22:21:05 +0100] "GET /7427-home_default/stepwizer-feat-junior-dread-wonderful-feeling.jpg HTTP/1.1" 200 23033 "https://controltower.fr/" "Mozilla/5.0 (Windows NT 10.0; Win64; x64) AppleWebKit/537.36 (KHTML, like Gecko) Chrome/95.0.4638.54 Safari/537.36 Edg/95.0.1020.40"
2.14.156.186 - - [04/Nov/2021:22:21:05 +0100] "GET /7423-home_default/mixman-antiquities-falasha-dance.jpg HTTP/1.1" 200 25273 "https://controltower.fr/" "Mozilla/5.0 (Windows NT 10.0; Win64; x64) AppleWebKit/537.36 (KHTML, like Gecko) Chrome/95.0.4638.54 Safari/537.36 Edg/95.0.1020.40"
2.14.156.186 - - [04/Nov/2021:22:21:05 +0100] "GET /7409-home_default/king-d-jah-jah-guide.jpg HTTP/1.1" 200 19605 "https://controltower.fr/" "Mozilla/5.0 (Windows NT 10.0; Win64; x64) AppleWebKit/537.36 (KHTML, like Gecko) Chrome/95.0.4638.54 Safari/537.36 Edg/95.0.1020.40"
2.14.156.186 - - [04/Nov/2021:22:21:05 +0100] "GET /7403-home_default/the-disciples-fearmongers-exaltation.jpg HTTP/1.1" 200 20016 "https://controltower.fr/" "Mozilla/5.0 (Windows NT 10.0; Win64; x64) AppleWebKit/537.36 (KHTML, like Gecko) Chrome/95.0.4638.54 Safari/537.36 Edg/95.0.1020.40"
2.14.156.186 - - [04/Nov/2021:22:21:05 +0100] "GET /7421-home_default/d-maximillian-my-story.jpg HTTP/1.1" 200 17366 "https://controltower.fr/" "Mozilla/5.0 (Windows NT 10.0; Win64; x64) AppleWebKit/537.36 (KHTML, like Gecko) Chrome/95.0.4638.54 Safari/537.36 Edg/95.0.1020.40"
2.14.156.186 - - [04/Nov/2021:22:21:05 +0100] "GET /7399-home_default/bunnington-judah-ruff-out-ya.jpg HTTP/1.1" 200 16480 "https://controltower.fr/" "Mozilla/5.0 (Windows NT 10.0; Win64; x64) AppleWebKit/537.36 (KHTML, like Gecko) Chrome/95.0.4638.54 Safari/537.36 Edg/95.0.1020.40"
2.14.156.186 - - [04/Nov/2021:22:21:05 +0100] "GET /7419-home_default/anthony-simba-rise-again.jpg HTTP/1.1" 200 17188 "https://controltower.fr/" "Mozilla/5.0 (Windows NT 10.0; Win64; x64) AppleWebKit/537.36 (KHTML, like Gecko) Chrome/95.0.4638.54 Safari/537.36 Edg/95.0.1020.40"
2.14.156.186 - - [04/Nov/2021:22:21:05 +0100] "GET /7401-home_default/irie-nanara-blame.jpg HTTP/1.1" 200 14171 "https://controltower.fr/" "Mozilla/5.0 (Windows NT 10.0; Win64; x64) AppleWebKit/537.36 (KHTML, like Gecko) Chrome/95.0.4638.54 Safari/537.36 Edg/95.0.1020.40"
2.14.156.186 - - [04/Nov/2021:22:21:05 +0100] "GET /7415-home_default/d-maximillian-moses.jpg HTTP/1.1" 200 15295 "https://controltower.fr/" "Mozilla/5.0 (Windows NT 10.0; Win64; x64) AppleWebKit/537.36 (KHTML, like Gecko) Chrome/95.0.4638.54 Safari/537.36 Edg/95.0.1020.40"
2.14.156.186 - - [04/Nov/2021:22:21:05 +0100] "GET /7390-home_default/black-roots-release-the-food.jpg HTTP/1.1" 200 19243 "https://controltower.fr/" "Mozilla/5.0 (Windows NT 10.0; Win64; x64) AppleWebKit/537.36 (KHTML, like Gecko) Chrome/95.0.4638.54 Safari/537.36 Edg/95.0.1020.40"
17.121.114.244 - - [04/Nov/2021:22:21:05 +0100] "GET /fr/tomorrow-s-music-today/1228-gideon-zinger-times-are-changing.html HTTP/1.1" 200 14598 "-" "Mozilla/5.0 (Macintosh; Intel Mac OS X 10_15_5) AppleWebKit/605.1.15 (KHTML, like Gecko) Version/13.1.1 Safari/605.1.15 (Applebot/0.1; +http://www.apple.com/go/applebot)"
2.14.156.186 - - [04/Nov/2021:22:21:05 +0100] "GET /7387-home_default/black-roots-all-day-all-night.jpg HTTP/1.1" 200 19990 "https://controltower.fr/" "Mozilla/5.0 (Windows NT 10.0; Win64; x64) AppleWebKit/537.36 (KHTML, like Gecko) Chrome/95.0.4638.54 Safari/537.36 Edg/95.0.1020.40"
2.14.156.186 - - [04/Nov/2021:22:21:05 +0100] "GET /7396-home_default/danny-red-we-a-roots-sama-renuka-sacred-woman.jpg HTTP/1.1" 200 10752 "https://controltower.fr/" "Mozilla/5.0 (Windows NT 10.0; Win64; x64) AppleWebKit/537.36 (KHTML, like Gecko) Chrome/95.0.4638.54 Safari/537.36 Edg/95.0.1020.40"
2.14.156.186 - - [04/Nov/2021:22:21:05 +0100] "GET /7385-home_default/papa-san-political-clown.jpg HTTP/1.1" 200 19321 "https://controltower.fr/" "Mozilla/5.0 (Windows NT 10.0; Win64; x64) AppleWebKit/537.36 (KHTML, like Gecko) Chrome/95.0.4638.54 Safari/537.36 Edg/95.0.1020.40"
54.36.148.173 - - [04/Nov/2021:22:21:06 +0100] "GET /1250-cart_default/nyle-jah-love.jpg HTTP/1.1" 200 8309 "-" "Mozilla/5.0 (compatible; AhrefsBot/7.0; +http://ahrefs.com/robot/)"
40.77.167.63 - - [04/Nov/2021:22:21:10 +0100] "GET /fr/raggattack/2036-belen-natali-life-is-a-boomerang.html HTTP/1.1" 200 14721 "-" "Mozilla/5.0 (compatible; bingbot/2.0; +http://www.bing.com/bingbot.htm)"
2.14.156.186 - - [04/Nov/2021:22:21:20 +0100] "GET /fr/yi-mas-gan-records/3021-hughie-izachaar-jah-warrior-get-up-stand-up-rock.html HTTP/1.1" 200 11502 "https://controltower.fr/fr/" "Mozilla/5.0 (Windows NT 10.0; Win64; x64) AppleWebKit/537.36 (KHTML, like Gecko) Chrome/95.0.4638.54 Safari/537.36 Edg/95.0.1020.40"
176.156.222.110 - - [04/Nov/2021:22:21:21 +0100] "POST /admincontrol/ajax.php?rand=1636060875871 HTTP/1.1" 200 932 "https://controltower.fr/admincontrol/index.php?controller=AdminProducts&token=c2d067f3456da21c5a4b065fb6365bbc&conf=5" "Mozilla/5.0 (Windows NT 6.1; Win64; x64) AppleWebKit/537.36 (KHTML, like Gecko) Chrome/95.0.4638.69 Safari/537.36"
2.14.156.186 - - [04/Nov/2021:22:21:21 +0100] "GET /7486-cart_default/hughie-izachaar-jah-warrior-get-up-stand-up-rock.jpg HTTP/1.1" 200 4149 "https://controltower.fr/" "Mozilla/5.0 (Windows NT 10.0; Win64; x64) AppleWebKit/537.36 (KHTML, like Gecko) Chrome/95.0.4638.54 Safari/537.36 Edg/95.0.1020.40"
2.14.156.186 - - [04/Nov/2021:22:21:21 +0100] "GET /7486-large_default/hughie-izachaar-jah-warrior-get-up-stand-up-rock.jpg HTTP/1.1" 200 56266 "https://controltower.fr/" "Mozilla/5.0 (Windows NT 10.0; Win64; x64) AppleWebKit/537.36 (KHTML, like Gecko) Chrome/95.0.4638.54 Safari/537.36 Edg/95.0.1020.40"
2.14.156.186 - - [04/Nov/2021:22:21:21 +0100] "GET /7487-cart_default/hughie-izachaar-jah-warrior-get-up-stand-up-rock.jpg HTTP/1.1" 200 4162 "https://controltower.fr/" "Mozilla/5.0 (Windows NT 10.0; Win64; x64) AppleWebKit/537.36 (KHTML, like Gecko) Chrome/95.0.4638.54 Safari/537.36 Edg/95.0.1020.40"
2.14.156.186 - - [04/Nov/2021:22:21:22 +0100] "GET //modules/paypal/express_checkout/ajax.php?get_qty=1&id_product=3021&id_product_attribute=3081&_=1636060889607 HTTP/1.1" 200 807 "https://controltower.fr/fr/yi-mas-gan-records/3021-hughie-izachaar-jah-warrior-get-up-stand-up-rock.html" "Mozilla/5.0 (Windows NT 10.0; Win64; x64) AppleWebKit/537.36 (KHTML, like Gecko) Chrome/95.0.4638.54 Safari/537.36 Edg/95.0.1020.40"
2.14.156.186 - - [04/Nov/2021:22:21:22 +0100] "GET /fr/yi-mas-gan-records/3021-hughie-izachaar-jah-warrior-get-up-stand-up-rock.html HTTP/1.1" 200 9113 "https://controltower.fr/fr/yi-mas-gan-records/3021-hughie-izachaar-jah-warrior-get-up-stand-up-rock.html" "Mozilla/5.0 (Windows NT 10.0; Win64; x64) AppleWebKit/537.36 (KHTML, like Gecko) Chrome/95.0.4638.54 Safari/537.36 Edg/95.0.1020.40"
2.14.156.186 - - [04/Nov/2021:22:21:23 +0100] "GET //modules/paypal/express_checkout/ajax.php?get_qty=1&id_product=3021&id_product_attribute=3081&_=1636060889608 HTTP/1.1" 200 226 "https://controltower.fr/fr/yi-mas-gan-records/3021-hughie-izachaar-jah-warrior-get-up-stand-up-rock.html" "Mozilla/5.0 (Windows NT 10.0; Win64; x64) AppleWebKit/537.36 (KHTML, like Gecko) Chrome/95.0.4638.54 Safari/537.36 Edg/95.0.1020.40"
2.14.156.186 - - [04/Nov/2021:22:21:25 +0100] "GET /7486-large_default/hughie-izachaar-jah-warrior-get-up-stand-up-rock.jpg HTTP/1.1" 200 56266 "-" "Mozilla/5.0 (Windows NT 10.0; Win64; x64) AppleWebKit/537.36 (KHTML, like Gecko) Chrome/95.0.4638.54 Safari/537.36 Edg/95.0.1020.40"
176.156.222.110 - - [04/Nov/2021:22:21:29 +0100] "POST /admincontrol/ajax.php?rand=1636060883667 HTTP/1.1" 200 932 "https://controltower.fr/admincontrol/index.php?controller=AdminDashboard&token=c282dec7df001df68582fc635ae6dc7c" "Mozilla/5.0 (Windows NT 6.1; Win64; x64) AppleWebKit/537.36 (KHTML, like Gecko) Chrome/95.0.4638.69 Safari/537.36"
207.46.13.21 - - [04/Nov/2021:22:21:31 +0100] "GET /fr/eastern-vibration/1221-yami-bolo-world-wide-fire.html HTTP/1.1" 200 14951 "-" "Mozilla/5.0 (compatible; bingbot/2.0; +http://www.bing.com/bingbot.htm)"
185.191.171.12 - - [04/Nov/2021:22:21:51 +0100] "GET /en/scoops-records/3050-vibronics-meets-ashanti-selah-hustle-riddim.html HTTP/1.1" 200 14943 "-" "Mozilla/5.0 (compatible; SemrushBot/7~bl; +http://www.semrush.com/bot.html)"
157.55.39.67 - - [04/Nov/2021:22:22:00 +0100] "GET /en/a-lone-productions-truth/2521-shanti-yalah-creation-part-ii.html HTTP/1.1" 200 14664 "-" "Mozilla/5.0 (compatible; bingbot/2.0; +http://www.bing.com/bingbot.htm)"
54.36.148.230 - - [04/Nov/2021:22:22:09 +0100] "GET /1251-cart_default/nyle-jah-love.jpg HTTP/1.1" 200 8304 "-" "Mozilla/5.0 (compatible; AhrefsBot/7.0; +http://ahrefs.com/robot/)"
66.249.66.223 - - [04/Nov/2021:22:22:10 +0100] "GET /fr/677-odg-prod HTTP/1.1" 200 14127 "-" "Mozilla/5.0 (Linux; Android 6.0.1; Nexus 5X Build/MMB29P) AppleWebKit/537.36 (KHTML, like Gecko) Chrome/95.0.4638.69 Mobile Safari/537.36 (compatible; Googlebot/2.1; +http://www.google.com/bot.html)"
66.249.66.223 - - [04/Nov/2021:22:22:24 +0100] "GET /en/dubalistik/116-kanka-watch-your-step.html HTTP/1.1" 200 14979 "-" "Mozilla/5.0 (Linux; Android 6.0.1; Nexus 5X Build/MMB29P) AppleWebKit/537.36 (KHTML, like Gecko) Chrome/95.0.4638.69 Mobile Safari/537.36 (compatible; Googlebot/2.1; +http://www.google.com/bot.html)"
176.156.222.110 - - [04/Nov/2021:22:22:26 +0100] "POST /admincontrol/ajax.php?rand=1636060941110 HTTP/1.1" 200 932 "https://controltower.fr/admincontrol/index.php?controller=AdminOrders&id_order=6564&vieworder&token=e792fee3cdafab3e973b81a1e80cd388" "Mozilla/5.0 (Windows NT 6.1; Win64; x64; rv:93.0) Gecko/20100101 Firefox/93.0"
66.249.66.5 - - [04/Nov/2021:22:22:31 +0100] "GET /fr/677-odg-prod HTTP/1.1" 200 13756 "https://controltower.fr/fr/677-odg-prod" "Mozilla/5.0 (Linux; Android 6.0.1; Nexus 5X Build/MMB29P) AppleWebKit/537.36 (KHTML, like Gecko) Chrome/95.0.4638.54 Mobile Safari/537.36 (compatible; Googlebot/2.1; +http://www.google.com/bot.html)"
176.156.222.110 - - [04/Nov/2021:22:22:32 +0100] "POST /admincontrol/ajax.php?rand=1636060946695 HTTP/1.1" 200 932 "https://controltower.fr/admincontrol/index.php?controller=AdminOrders&id_order=5614&vieworder&token=e792fee3cdafab3e973b81a1e80cd388" "Mozilla/5.0 (Windows NT 6.1; Win64; x64; rv:93.0) Gecko/20100101 Firefox/93.0"
8.209.64.222 - - [04/Nov/2021:22:22:35 +0100] "GET /1868-cart_default/violinbwoy-feat-echo-ranks-don-t-kill-your-brother.jpg HTTP/1.1" 301 600 "https://google.com" "Mozilla/5.0 (X11; U; Linux x86_64; en-US) AppleWebKit/533.4 (KHTML, like Gecko) Chrome/5.0.375.127 Safari/533.4"
8.209.64.222 - - [04/Nov/2021:22:22:36 +0100] "GET /1868-cart_default/violinbwoy-feat-echo-ranks-don-t-kill-your-brother.jpg HTTP/1.1" 200 8543 "https://google.com" "Mozilla/5.0 (X11; U; Linux x86_64; en-US) AppleWebKit/533.4 (KHTML, like Gecko) Chrome/5.0.375.127 Safari/533.4"
8.209.64.222 - - [04/Nov/2021:22:22:39 +0100] "GET /1869-cart_default/violinbwoy-feat-echo-ranks-don-t-kill-your-brother.jpg HTTP/1.1" 301 600 "https://google.com" "Mozilla/5.0 (X11; U; Linux x86_64; en-US) AppleWebKit/533.4 (KHTML, like Gecko) Chrome/5.0.375.127 Safari/533.4"
8.209.64.222 - - [04/Nov/2021:22:22:40 +0100] "GET /1869-cart_default/violinbwoy-feat-echo-ranks-don-t-kill-your-brother.jpg HTTP/1.1" 200 8441 "https://google.com" "Mozilla/5.0 (X11; U; Linux x86_64; en-US) AppleWebKit/533.4 (KHTML, like Gecko) Chrome/5.0.375.127 Safari/533.4"
8.209.64.222 - - [04/Nov/2021:22:22:41 +0100] "GET /1868-large_default/violinbwoy-feat-echo-ranks-don-t-kill-your-brother.jpg HTTP/1.1" 301 602 "https://google.com" "Mozilla/5.0 (X11; U; Linux x86_64; en-US) AppleWebKit/533.4 (KHTML, like Gecko) Chrome/5.0.375.127 Safari/533.4"
8.209.64.222 - - [04/Nov/2021:22:22:41 +0100] "GET /1868-large_default/violinbwoy-feat-echo-ranks-don-t-kill-your-brother.jpg HTTP/1.1" 200 55219 "https://google.com" "Mozilla/5.0 (X11; U; Linux x86_64; en-US) AppleWebKit/533.4 (KHTML, like Gecko) Chrome/5.0.375.127 Safari/533.4"
8.209.64.222 - - [04/Nov/2021:22:22:41 +0100] "GET /1866-cart_default/violinbwoy-feat-echo-ranks-don-t-kill-your-brother.jpg HTTP/1.1" 301 600 "https://google.com" "Mozilla/5.0 (X11; U; Linux x86_64; en-US) AppleWebKit/533.4 (KHTML, like Gecko) Chrome/5.0.375.127 Safari/533.4"
8.209.64.222 - - [04/Nov/2021:22:22:41 +0100] "GET /1866-cart_default/violinbwoy-feat-echo-ranks-don-t-kill-your-brother.jpg HTTP/1.1" 200 8188 "https://google.com" "Mozilla/5.0 (X11; U; Linux x86_64; en-US) AppleWebKit/533.4 (KHTML, like Gecko) Chrome/5.0.375.127 Safari/533.4"
8.209.64.222 - - [04/Nov/2021:22:22:41 +0100] "GET /1867-cart_default/violinbwoy-feat-echo-ranks-don-t-kill-your-brother.jpg HTTP/1.1" 301 600 "https://google.com" "Mozilla/5.0 (X11; U; Linux x86_64; en-US) AppleWebKit/533.4 (KHTML, like Gecko) Chrome/5.0.375.127 Safari/533.4"
8.209.64.222 - - [04/Nov/2021:22:22:41 +0100] "GET /1867-cart_default/violinbwoy-feat-echo-ranks-don-t-kill-your-brother.jpg HTTP/1.1" 200 7594 "https://google.com" "Mozilla/5.0 (X11; U; Linux x86_64; en-US) AppleWebKit/533.4 (KHTML, like Gecko) Chrome/5.0.375.127 Safari/533.4"
176.145.71.169 - - [04/Nov/2021:22:22:55 +0100] "POST /fr/panier HTTP/1.1" 302 8957 "https://controltower.fr/fr/moonshine-recordings/3004-bukkha-in-roots-vol1.html" "Mozilla/5.0 (Linux; Android 11; Redmi Note 9S) AppleWebKit/537.36 (KHTML, like Gecko) Chrome/94.0.4606.71 Mobile Safari/537.36"
176.145.71.169 - - [04/Nov/2021:22:22:55 +0100] "GET /fr/commande?ipa=3004 HTTP/1.1" 200 15669 "https://controltower.fr/fr/moonshine-recordings/3004-bukkha-in-roots-vol1.html" "Mozilla/5.0 (Linux; Android 11; Redmi Note 9S) AppleWebKit/537.36 (KHTML, like Gecko) Chrome/94.0.4606.71 Mobile Safari/537.36"
176.145.71.169 - - [04/Nov/2021:22:23:01 +0100] "GET /7434-small_default/bukkha-in-roots-vol1.jpg HTTP/1.1" 200 9738 "https://controltower.fr/" "Mozilla/5.0 (Linux; Android 11; Redmi Note 9S) AppleWebKit/537.36 (KHTML, like Gecko) Chrome/94.0.4606.71 Mobile Safari/537.36"
176.145.71.169 - - [04/Nov/2021:22:23:02 +0100] "GET /fr/commande?ipa=3004 HTTP/1.1" 200 12816 "https://controltower.fr/fr/commande?ipa=3004" "Mozilla/5.0 (Linux; Android 11; Redmi Note 9S) AppleWebKit/537.36 (KHTML, like Gecko) Chrome/94.0.4606.71 Mobile Safari/537.36"
2.14.156.186 - - [04/Nov/2021:22:23:04 +0100] "GET /fr/224-la-tempesta-dub HTTP/1.1" 200 9049 "https://controltower.fr/fr/yi-mas-gan-records/3021-hughie-izachaar-jah-warrior-get-up-stand-up-rock.html" "Mozilla/5.0 (Windows NT 10.0; Win64; x64) AppleWebKit/537.36 (KHTML, like Gecko) Chrome/95.0.4638.54 Safari/537.36 Edg/95.0.1020.40"
2.14.156.186 - - [04/Nov/2021:22:23:04 +0100] "GET /themes/theme-HDC/css/category.css HTTP/1.1" 200 1061 "https://controltower.fr/fr/224-la-tempesta-dub" "Mozilla/5.0 (Windows NT 10.0; Win64; x64) AppleWebKit/537.36 (KHTML, like Gecko) Chrome/95.0.4638.54 Safari/537.36 Edg/95.0.1020.40"
2.14.156.186 - - [04/Nov/2021:22:23:04 +0100] "GET /themes/theme-HDC/css/scenes.css HTTP/1.1" 200 1595 "https://controltower.fr/fr/224-la-tempesta-dub" "Mozilla/5.0 (Windows NT 10.0; Win64; x64) AppleWebKit/537.36 (KHTML, like Gecko) Chrome/95.0.4638.54 Safari/537.36 Edg/95.0.1020.40"
2.14.156.186 - - [04/Nov/2021:22:23:05 +0100] "GET /themes/theme-HDC/js/category.js HTTP/1.1" 200 1220 "https://controltower.fr/fr/224-la-tempesta-dub" "Mozilla/5.0 (Windows NT 10.0; Win64; x64) AppleWebKit/537.36 (KHTML, like Gecko) Chrome/95.0.4638.54 Safari/537.36 Edg/95.0.1020.40"
2.14.156.186 - - [04/Nov/2021:22:23:05 +0100] "GET /2782-home_default/mellow-mood-feat-hempress-sativa-inna-jamaica-pt2.jpg HTTP/1.1" 200 13723 "https://controltower.fr/" "Mozilla/5.0 (Windows NT 10.0; Win64; x64) AppleWebKit/537.36 (KHTML, like Gecko) Chrome/95.0.4638.54 Safari/537.36 Edg/95.0.1020.40"
2.14.156.186 - - [04/Nov/2021:22:23:05 +0100] "GET /1030-home_default/king-kamptha-kingston-6.jpg HTTP/1.1" 200 15685 "https://controltower.fr/" "Mozilla/5.0 (Windows NT 10.0; Win64; x64) AppleWebKit/537.36 (KHTML, like Gecko) Chrome/95.0.4638.54 Safari/537.36 Edg/95.0.1020.40"
2.14.156.186 - - [04/Nov/2021:22:23:05 +0100] "GET /2784-home_default/mellow-mood-feat-andrew-i-criminal.jpg HTTP/1.1" 200 12987 "https://controltower.fr/" "Mozilla/5.0 (Windows NT 10.0; Win64; x64) AppleWebKit/537.36 (KHTML, like Gecko) Chrome/95.0.4638.54 Safari/537.36 Edg/95.0.1020.40"
2.14.156.186 - - [04/Nov/2021:22:23:05 +0100] "GET /2797-home_default/hempress-sativa-boom-wah-da-da-deng.jpg HTTP/1.1" 200 21607 "https://controltower.fr/" "Mozilla/5.0 (Windows NT 10.0; Win64; x64) AppleWebKit/537.36 (KHTML, like Gecko) Chrome/95.0.4638.54 Safari/537.36 Edg/95.0.1020.40"
2.14.156.186 - - [04/Nov/2021:22:23:05 +0100] "GET /5347-home_default/mellow-mood-dance-inna-babylon.jpg HTTP/1.1" 200 16209 "https://controltower.fr/" "Mozilla/5.0 (Windows NT 10.0; Win64; x64) AppleWebKit/537.36 (KHTML, like Gecko) Chrome/95.0.4638.54 Safari/537.36 Edg/95.0.1020.40"
2.14.156.186 - - [04/Nov/2021:22:23:05 +0100] "GET /6157-home_default/dan-i-we-rasta.jpg HTTP/1.1" 200 17647 "https://controltower.fr/" "Mozilla/5.0 (Windows NT 10.0; Win64; x64) AppleWebKit/537.36 (KHTML, like Gecko) Chrome/95.0.4638.54 Safari/537.36 Edg/95.0.1020.40"
2.14.156.186 - - [04/Nov/2021:22:23:05 +0100] "GET /6184-home_default/akae-beka-fikir-amlak-banton.jpg HTTP/1.1" 200 21769 "https://controltower.fr/" "Mozilla/5.0 (Windows NT 10.0; Win64; x64) AppleWebKit/537.36 (KHTML, like Gecko) Chrome/95.0.4638.54 Safari/537.36 Edg/95.0.1020.40"
2.14.156.186 - - [04/Nov/2021:22:23:05 +0100] "GET /fr/224-la-tempesta-dub HTTP/1.1" 200 9049 "https://controltower.fr/fr/224-la-tempesta-dub" "Mozilla/5.0 (Windows NT 10.0; Win64; x64) AppleWebKit/537.36 (KHTML, like Gecko) Chrome/95.0.4638.54 Safari/537.36 Edg/95.0.1020.40"
2.14.156.186 - - [04/Nov/2021:22:23:05 +0100] "GET /6507-home_default/akae-beka-fikir-amlak-banton.jpg HTTP/1.1" 200 12482 "https://controltower.fr/" "Mozilla/5.0 (Windows NT 10.0; Win64; x64) AppleWebKit/537.36 (KHTML, like Gecko) Chrome/95.0.4638.54 Safari/537.36 Edg/95.0.1020.40"
2.14.156.186 - - [04/Nov/2021:22:23:06 +0100] "GET /6572-home_default/dan-i-salute.jpg HTTP/1.1" 200 17618 "https://controltower.fr/" "Mozilla/5.0 (Windows NT 10.0; Win64; x64) AppleWebKit/537.36 (KHTML, like Gecko) Chrome/95.0.4638.54 Safari/537.36 Edg/95.0.1020.40"
2.14.156.186 - - [04/Nov/2021:22:23:06 +0100] "GET /6709-home_default/dan-i-crucial-jah-bible-feat-cisko-kid.jpg HTTP/1.1" 200 10875 "https://controltower.fr/" "Mozilla/5.0 (Windows NT 10.0; Win64; x64) AppleWebKit/537.36 (KHTML, like Gecko) Chrome/95.0.4638.54 Safari/537.36 Edg/95.0.1020.40"
2.14.156.186 - - [04/Nov/2021:22:23:06 +0100] "GET /7121-home_default/dan-i-jah-give-us-life.jpg HTTP/1.1" 200 11874 "https://controltower.fr/" "Mozilla/5.0 (Windows NT 10.0; Win64; x64) AppleWebKit/537.36 (KHTML, like Gecko) Chrome/95.0.4638.54 Safari/537.36 Edg/95.0.1020.40"
176.156.222.110 - - [04/Nov/2021:22:23:08 +0100] "POST /admincontrol/ajax.php?rand=1636060980671 HTTP/1.1" 200 932 "https://controltower.fr/admincontrol/index.php?controller=AdminEnvoiMoinsCher&id_order=8856&option=send&token=27d7475b073347ae85ef86e2e2b9fb80" "Mozilla/5.0 (Windows NT 6.1; Win64; x64) AppleWebKit/537.36 (KHTML, like Gecko) Chrome/95.0.4638.69 Safari/537.36"
176.145.71.169 - - [04/Nov/2021:22:23:11 +0100] "GET /7550-large_default/king-stanley-jah-give-us-the-power.jpg HTTP/1.1" 304 760 "https://controltower.fr/" "Mozilla/5.0 (Linux; Android 11; Redmi Note 9S) AppleWebKit/537.36 (KHTML, like Gecko) Chrome/94.0.4606.71 Mobile Safari/537.36"
176.145.71.169 - - [04/Nov/2021:22:23:11 +0100] "GET /7550-cart_default/king-stanley-jah-give-us-the-power.jpg HTTP/1.1" 304 5539 "https://controltower.fr/" "Mozilla/5.0 (Linux; Android 11; Redmi Note 9S) AppleWebKit/537.36 (KHTML, like Gecko) Chrome/94.0.4606.71 Mobile Safari/537.36"
176.145.71.169 - - [04/Nov/2021:22:23:11 +0100] "GET /7551-cart_default/king-stanley-jah-give-us-the-power.jpg HTTP/1.1" 304 5539 "https://controltower.fr/" "Mozilla/5.0 (Linux; Android 11; Redmi Note 9S) AppleWebKit/537.36 (KHTML, like Gecko) Chrome/94.0.4606.71 Mobile Safari/537.36"
176.145.71.169 - - [04/Nov/2021:22:23:11 +0100] "GET //modules/paypal/express_checkout/ajax.php?get_qty=1&id_product=3048&id_product_attribute=3108&_=1636060991644 HTTP/1.1" 200 807 "https://controltower.fr/fr/vibes-creator/3048-king-stanley-jah-give-us-the-power.html" "Mozilla/5.0 (Linux; Android 11; Redmi Note 9S) AppleWebKit/537.36 (KHTML, like Gecko) Chrome/94.0.4606.71 Mobile Safari/537.36"
176.145.71.169 - - [04/Nov/2021:22:23:12 +0100] "GET //modules/paypal/express_checkout/ajax.php?get_qty=1&id_product=3048&id_product_attribute=3108&_=1636060991645 HTTP/1.1" 200 226 "https://controltower.fr/fr/vibes-creator/3048-king-stanley-jah-give-us-the-power.html" "Mozilla/5.0 (Linux; Android 11; Redmi Note 9S) AppleWebKit/537.36 (KHTML, like Gecko) Chrome/94.0.4606.71 Mobile Safari/537.36"
54.36.149.21 - - [04/Nov/2021:22:23:12 +0100] "GET /5870-cart_default/far-east-meets-mafia-fluxy-until-jah-victory.jpg HTTP/1.1" 200 8344 "-" "Mozilla/5.0 (compatible; AhrefsBot/7.0; +http://ahrefs.com/robot/)"
176.145.71.169 - - [04/Nov/2021:22:23:11 +0100] "POST /?rand=1636060991822 HTTP/1.1" 200 7353 "https://controltower.fr/fr/vibes-creator/3048-king-stanley-jah-give-us-the-power.html" "Mozilla/5.0 (Linux; Android 11; Redmi Note 9S) AppleWebKit/537.36 (KHTML, like Gecko) Chrome/94.0.4606.71 Mobile Safari/537.36"
176.145.71.169 - - [04/Nov/2021:22:23:11 +0100] "GET /fr/vibes-creator/3048-king-stanley-jah-give-us-the-power.html HTTP/1.1" 200 13613 "https://controltower.fr/fr/vibes-creator/3048-king-stanley-jah-give-us-the-power.html" "Mozilla/5.0 (Linux; Android 11; Redmi Note 9S) AppleWebKit/537.36 (KHTML, like Gecko) Chrome/94.0.4606.71 Mobile Safari/537.36"
198.71.235.49 - - [04/Nov/2021:22:23:19 +0100] "GET /wordpress/ HTTP/1.1" 301 457 "-" "-"
198.71.235.49 - - [04/Nov/2021:22:23:19 +0100] "GET /wordpress/ HTTP/1.1" 404 28358 "-" "-"
2.14.156.186 - - [04/Nov/2021:22:23:20 +0100] "GET /fr/la-tempesta-dub/464-king-kamptha-kingston-6.html HTTP/1.1" 200 11113 "https://controltower.fr/fr/224-la-tempesta-dub" "Mozilla/5.0 (Windows NT 10.0; Win64; x64) AppleWebKit/537.36 (KHTML, like Gecko) Chrome/95.0.4638.54 Safari/537.36 Edg/95.0.1020.40"
2.14.156.186 - - [04/Nov/2021:22:23:21 +0100] "GET /1030-large_default/king-kamptha-kingston-6.jpg HTTP/1.1" 200 38959 "https://controltower.fr/" "Mozilla/5.0 (Windows NT 10.0; Win64; x64) AppleWebKit/537.36 (KHTML, like Gecko) Chrome/95.0.4638.54 Safari/537.36 Edg/95.0.1020.40"
2.14.156.186 - - [04/Nov/2021:22:23:21 +0100] "GET /1030-cart_default/king-kamptha-kingston-6.jpg HTTP/1.1" 200 3751 "https://controltower.fr/" "Mozilla/5.0 (Windows NT 10.0; Win64; x64) AppleWebKit/537.36 (KHTML, like Gecko) Chrome/95.0.4638.54 Safari/537.36 Edg/95.0.1020.40"
2.14.156.186 - - [04/Nov/2021:22:23:21 +0100] "GET /1031-cart_default/king-kamptha-kingston-6.jpg HTTP/1.1" 200 8704 "https://controltower.fr/" "Mozilla/5.0 (Windows NT 10.0; Win64; x64) AppleWebKit/537.36 (KHTML, like Gecko) Chrome/95.0.4638.54 Safari/537.36 Edg/95.0.1020.40"
2.14.156.186 - - [04/Nov/2021:22:23:21 +0100] "GET //modules/paypal/express_checkout/ajax.php?get_qty=1&id_product=464&id_product_attribute=520&_=1636061009053 HTTP/1.1" 200 807 "https://controltower.fr/fr/la-tempesta-dub/464-king-kamptha-kingston-6.html" "Mozilla/5.0 (Windows NT 10.0; Win64; x64) AppleWebKit/537.36 (KHTML, like Gecko) Chrome/95.0.4638.54 Safari/537.36 Edg/95.0.1020.40"
2.14.156.186 - - [04/Nov/2021:22:23:21 +0100] "GET /fr/la-tempesta-dub/464-king-kamptha-kingston-6.html HTTP/1.1" 200 8734 "https://controltower.fr/fr/la-tempesta-dub/464-king-kamptha-kingston-6.html" "Mozilla/5.0 (Windows NT 10.0; Win64; x64) AppleWebKit/537.36 (KHTML, like Gecko) Chrome/95.0.4638.54 Safari/537.36 Edg/95.0.1020.40"
2.14.156.186 - - [04/Nov/2021:22:23:22 +0100] "GET //modules/paypal/express_checkout/ajax.php?get_qty=1&id_product=464&id_product_attribute=520&_=1636061009054 HTTP/1.1" 200 226 "https://controltower.fr/fr/la-tempesta-dub/464-king-kamptha-kingston-6.html" "Mozilla/5.0 (Windows NT 10.0; Win64; x64) AppleWebKit/537.36 (KHTML, like Gecko) Chrome/95.0.4638.54 Safari/537.36 Edg/95.0.1020.40"
176.156.222.110 - - [04/Nov/2021:22:23:22 +0100] "POST /admincontrol/ajax.php?rand=1636060996672 HTTP/1.1" 200 932 "https://controltower.fr/admincontrol/index.php?controller=AdminProducts&token=c2d067f3456da21c5a4b065fb6365bbc&conf=5" "Mozilla/5.0 (Windows NT 6.1; Win64; x64) AppleWebKit/537.36 (KHTML, like Gecko) Chrome/95.0.4638.69 Safari/537.36"
207.46.13.99 - - [04/Nov/2021:22:23:23 +0100] "GET /en/akashic-records/2598-fikir-amlak-king-alpha-lalibela.html HTTP/1.1" 200 14736 "-" "Mozilla/5.0 (compatible; bingbot/2.0; +http://www.bing.com/bingbot.htm)"
2.14.156.186 - - [04/Nov/2021:22:23:24 +0100] "GET /1030-large_default/king-kamptha-kingston-6.jpg HTTP/1.1" 200 38959 "-" "Mozilla/5.0 (Windows NT 10.0; Win64; x64) AppleWebKit/537.36 (KHTML, like Gecko) Chrome/95.0.4638.54 Safari/537.36 Edg/95.0.1020.40"
176.156.222.110 - - [04/Nov/2021:22:23:30 +0100] "POST /admincontrol/ajax.php?rand=1636061004674 HTTP/1.1" 200 932 "https://controltower.fr/admincontrol/index.php?controller=AdminDashboard&token=c282dec7df001df68582fc635ae6dc7c" "Mozilla/5.0 (Windows NT 6.1; Win64; x64) AppleWebKit/537.36 (KHTML, like Gecko) Chrome/95.0.4638.69 Safari/537.36"
66.249.66.194 - - [04/Nov/2021:22:23:30 +0100] "GET /en/aba-shanti-i/2457-the-shanti-ites-guidance.html HTTP/1.1" 200 15052 "-" "Mozilla/5.0 (Linux; Android 6.0.1; Nexus 5X Build/MMB29P) AppleWebKit/537.36 (KHTML, like Gecko) Chrome/95.0.4638.69 Mobile Safari/537.36 (compatible; Googlebot/2.1; +http://www.google.com/bot.html)"
66.249.66.5 - - [04/Nov/2021:22:23:37 +0100] "GET /en/alpha-and-omega/1911-alpha-omega-king-queen.html HTTP/1.1" 200 15291 "-" "Mozilla/5.0 (compatible; Googlebot/2.1; +http://www.google.com/bot.html)"
2.14.156.186 - - [04/Nov/2021:22:23:50 +0100] "POST /?rand=1636061038012 HTTP/1.1" 200 2047 "https://controltower.fr/fr/224-la-tempesta-dub" "Mozilla/5.0 (Windows NT 10.0; Win64; x64) AppleWebKit/537.36 (KHTML, like Gecko) Chrome/95.0.4638.54 Safari/537.36 Edg/95.0.1020.40"
2.14.156.186 - - [04/Nov/2021:22:23:54 +0100] "GET /fr/la-tempesta-dub/1118-mellow-mood-feat-hempress-sativa-inna-jamaica-pt2.html HTTP/1.1" 200 10699 "https://controltower.fr/fr/224-la-tempesta-dub" "Mozilla/5.0 (Windows NT 10.0; Win64; x64) AppleWebKit/537.36 (KHTML, like Gecko) Chrome/95.0.4638.54 Safari/537.36 Edg/95.0.1020.40"
2.14.156.186 - - [04/Nov/2021:22:23:55 +0100] "GET /2782-large_default/mellow-mood-feat-hempress-sativa-inna-jamaica-pt2.jpg HTTP/1.1" 200 35966 "https://controltower.fr/" "Mozilla/5.0 (Windows NT 10.0; Win64; x64) AppleWebKit/537.36 (KHTML, like Gecko) Chrome/95.0.4638.54 Safari/537.36 Edg/95.0.1020.40"
